Archive member included to satisfy reference by file (symbol)

c:/gcc-arm-none-eabi-10.3-2021.10/bin/../lib/gcc/arm-none-eabi/10.3.1/thumb/v7-m/nofp\libgcc.a(_arm_muldf3.o)
                              CMakeFiles/templa.elf.dir/Core/Src/MPU6050.c.obj (__aeabi_dmul)
c:/gcc-arm-none-eabi-10.3-2021.10/bin/../lib/gcc/arm-none-eabi/10.3.1/thumb/v7-m/nofp\libgcc.a(_arm_mulsf3.o)
                              CMakeFiles/templa.elf.dir/Core/Src/MPU6050.c.obj (__aeabi_fmul)
c:/gcc-arm-none-eabi-10.3-2021.10/bin/../lib/gcc/arm-none-eabi/10.3.1/thumb/v7-m/nofp\libgcc.a(_arm_addsubdf3.o)
                              CMakeFiles/templa.elf.dir/Core/Src/MPU6050.c.obj (__aeabi_f2d)
c:/gcc-arm-none-eabi-10.3-2021.10/bin/../lib/gcc/arm-none-eabi/10.3.1/thumb/v7-m/nofp\libgcc.a(_arm_truncdfsf2.o)
                              CMakeFiles/templa.elf.dir/Core/Src/MPU6050.c.obj (__aeabi_d2f)
c:/gcc-arm-none-eabi-10.3-2021.10/bin/../lib/gcc/arm-none-eabi/10.3.1/thumb/v7-m/nofp\libgcc.a(_arm_addsubsf3.o)
                              CMakeFiles/templa.elf.dir/Core/Src/MPU6050.c.obj (__aeabi_fsub)
c:/gcc-arm-none-eabi-10.3-2021.10/bin/../lib/gcc/arm-none-eabi/10.3.1/thumb/v7-m/nofp\libgcc.a(_arm_muldivsf3.o)
                              CMakeFiles/templa.elf.dir/Core/Src/inv_mpu.c.obj (__aeabi_fdiv)
c:/gcc-arm-none-eabi-10.3-2021.10/bin/../lib/gcc/arm-none-eabi/10.3.1/thumb/v7-m/nofp\libgcc.a(_arm_cmpsf2.o)
                              CMakeFiles/templa.elf.dir/Core/Src/inv_mpu.c.obj (__aeabi_fcmpeq)
c:/gcc-arm-none-eabi-10.3-2021.10/bin/../lib/gcc/arm-none-eabi/10.3.1/thumb/v7-m/nofp\libgcc.a(_arm_fixsfsi.o)
                              CMakeFiles/templa.elf.dir/Core/Src/MPU6050.c.obj (__aeabi_f2iz)
c:/gcc-arm-none-eabi-10.3-2021.10/bin/../lib/gcc/arm-none-eabi/10.3.1/thumb/v7-m/nofp\libgcc.a(_arm_fixunssfsi.o)
                              CMakeFiles/templa.elf.dir/Core/Src/inv_mpu_dmp_motion_driver.c.obj (__aeabi_f2uiz)
c:/gcc-arm-none-eabi-10.3-2021.10/bin/../lib/gcc/arm-none-eabi/10.3.1/thumb/v7-m/nofp\libgcc.a(_aeabi_ldivmod.o)
                              CMakeFiles/templa.elf.dir/Core/Src/inv_mpu.c.obj (__aeabi_ldivmod)
c:/gcc-arm-none-eabi-10.3-2021.10/bin/../lib/gcc/arm-none-eabi/10.3.1/thumb/v7-m/nofp\libgcc.a(_udivmoddi4.o)
                              c:/gcc-arm-none-eabi-10.3-2021.10/bin/../lib/gcc/arm-none-eabi/10.3.1/thumb/v7-m/nofp\libgcc.a(_aeabi_ldivmod.o) (__udivmoddi4)
c:/gcc-arm-none-eabi-10.3-2021.10/bin/../lib/gcc/arm-none-eabi/10.3.1/thumb/v7-m/nofp\libgcc.a(_dvmd_tls.o)
                              c:/gcc-arm-none-eabi-10.3-2021.10/bin/../lib/gcc/arm-none-eabi/10.3.1/thumb/v7-m/nofp\libgcc.a(_aeabi_ldivmod.o) (__aeabi_ldiv0)
c:/gcc-arm-none-eabi-10.3-2021.10/bin/../lib/gcc/arm-none-eabi/10.3.1/../../../../arm-none-eabi/lib/thumb/v7-m/nofp\libg.a(lib_a-errno.o)
                              CMakeFiles/templa.elf.dir/Core/Src/syscalls.c.obj (__errno)
c:/gcc-arm-none-eabi-10.3-2021.10/bin/../lib/gcc/arm-none-eabi/10.3.1/../../../../arm-none-eabi/lib/thumb/v7-m/nofp\libg.a(lib_a-exit.o)
                              c:/gcc-arm-none-eabi-10.3-2021.10/bin/../lib/gcc/arm-none-eabi/10.3.1/../../../../arm-none-eabi/lib/thumb/v7-m/nofp/crt0.o (exit)
c:/gcc-arm-none-eabi-10.3-2021.10/bin/../lib/gcc/arm-none-eabi/10.3.1/../../../../arm-none-eabi/lib/thumb/v7-m/nofp\libg.a(lib_a-impure.o)
                              c:/gcc-arm-none-eabi-10.3-2021.10/bin/../lib/gcc/arm-none-eabi/10.3.1/../../../../arm-none-eabi/lib/thumb/v7-m/nofp\libg.a(lib_a-exit.o) (_global_impure_ptr)
c:/gcc-arm-none-eabi-10.3-2021.10/bin/../lib/gcc/arm-none-eabi/10.3.1/../../../../arm-none-eabi/lib/thumb/v7-m/nofp\libg.a(lib_a-init.o)
                              c:/gcc-arm-none-eabi-10.3-2021.10/bin/../lib/gcc/arm-none-eabi/10.3.1/../../../../arm-none-eabi/lib/thumb/v7-m/nofp/crt0.o (__libc_init_array)
c:/gcc-arm-none-eabi-10.3-2021.10/bin/../lib/gcc/arm-none-eabi/10.3.1/../../../../arm-none-eabi/lib/thumb/v7-m/nofp\libg.a(lib_a-memcmp.o)
                              CMakeFiles/templa.elf.dir/Core/Src/inv_mpu.c.obj (memcmp)
c:/gcc-arm-none-eabi-10.3-2021.10/bin/../lib/gcc/arm-none-eabi/10.3.1/../../../../arm-none-eabi/lib/thumb/v7-m/nofp\libg.a(lib_a-memcpy.o)
                              CMakeFiles/templa.elf.dir/Middlewares/Third_Party/FreeRTOS/Source/CMSIS_RTOS_V2/cmsis_os2.c.obj (memcpy)
c:/gcc-arm-none-eabi-10.3-2021.10/bin/../lib/gcc/arm-none-eabi/10.3.1/../../../../arm-none-eabi/lib/thumb/v7-m/nofp\libg.a(lib_a-memset.o)
                              c:/gcc-arm-none-eabi-10.3-2021.10/bin/../lib/gcc/arm-none-eabi/10.3.1/../../../../arm-none-eabi/lib/thumb/v7-m/nofp/crt0.o (memset)
c:/gcc-arm-none-eabi-10.3-2021.10/bin/../lib/gcc/arm-none-eabi/10.3.1/../../../../arm-none-eabi/lib/thumb/v7-m/nofp\libg.a(lib_a-reent.o)
                              CMakeFiles/templa.elf.dir/Middlewares/Third_Party/FreeRTOS/Source/tasks.c.obj (_reclaim_reent)
[...]
Memory Configuration

Name             Origin             Length             Attributes
RAM              0x20000000         0x00005000         xrw
FLASH            0x08000000         0x00010000         xr
*default*        0x00000000         0xffffffff

Linker script and memory map

LOAD c:/gcc-arm-none-eabi-10.3-2021.10/bin/../lib/gcc/arm-none-eabi/10.3.1/thumb/v7-m/nofp/crti.o
LOAD c:/gcc-arm-none-eabi-10.3-2021.10/bin/../lib/gcc/arm-none-eabi/10.3.1/thumb/v7-m/nofp/crtbegin.o
LOAD c:/gcc-arm-none-eabi-10.3-2021.10/bin/../lib/gcc/arm-none-eabi/10.3.1/../../../../arm-none-eabi/lib/thumb/v7-m/nofp/crt0.o
LOAD CMakeFiles/templa.elf.dir/Core/Src/LED.c.obj
LOAD CMakeFiles/templa.elf.dir/Core/Src/MPU6050.c.obj
LOAD CMakeFiles/templa.elf.dir/Core/Src/OLED.c.obj
LOAD CMakeFiles/templa.elf.dir/Core/Src/freertos.c.obj
LOAD CMakeFiles/templa.elf.dir/Core/Src/gpio.c.obj
LOAD CMakeFiles/templa.elf.dir/Core/Src/i2c.c.obj
LOAD CMakeFiles/templa.elf.dir/Core/Src/inv_mpu.c.obj
LOAD CMakeFiles/templa.elf.dir/Core/Src/inv_mpu_dmp_motion_driver.c.obj
LOAD CMakeFiles/templa.elf.dir/Core/Src/main.c.obj
LOAD CMakeFiles/templa.elf.dir/Core/Src/stm32f1xx_hal_msp.c.obj
LOAD CMakeFiles/templa.elf.dir/Core/Src/stm32f1xx_hal_timebase_tim.c.obj
LOAD CMakeFiles/templa.elf.dir/Core/Src/stm32f1xx_it.c.obj
LOAD CMakeFiles/templa.elf.dir/Core/Src/syscalls.c.obj
LOAD CMakeFiles/templa.elf.dir/Core/Src/sysmem.c.obj
LOAD CMakeFiles/templa.elf.dir/Core/Src/system_stm32f1xx.c.obj
LOAD CMakeFiles/templa.elf.dir/Core/Src/usart.c.obj
LOAD CMakeFiles/templa.elf.dir/Core/Startup/startup_stm32f103c8tx.s.obj
LOAD CMakeFiles/templa.elf.dir/Drivers/STM32F1xx_HAL_Driver/Src/stm32f1xx_hal.c.obj
LOAD CMakeFiles/templa.elf.dir/Drivers/STM32F1xx_HAL_Driver/Src/stm32f1xx_hal_cortex.c.obj
LOAD CMakeFiles/templa.elf.dir/Drivers/STM32F1xx_HAL_Driver/Src/stm32f1xx_hal_dma.c.obj
LOAD CMakeFiles/templa.elf.dir/Drivers/STM32F1xx_HAL_Driver/Src/stm32f1xx_hal_exti.c.obj
LOAD CMakeFiles/templa.elf.dir/Drivers/STM32F1xx_HAL_Driver/Src/stm32f1xx_hal_flash.c.obj
LOAD CMakeFiles/templa.elf.dir/Drivers/STM32F1xx_HAL_Driver/Src/stm32f1xx_hal_flash_ex.c.obj
LOAD CMakeFiles/templa.elf.dir/Drivers/STM32F1xx_HAL_Driver/Src/stm32f1xx_hal_gpio.c.obj
LOAD CMakeFiles/templa.elf.dir/Drivers/STM32F1xx_HAL_Driver/Src/stm32f1xx_hal_gpio_ex.c.obj
LOAD CMakeFiles/templa.elf.dir/Drivers/STM32F1xx_HAL_Driver/Src/stm32f1xx_hal_i2c.c.obj
LOAD CMakeFiles/templa.elf.dir/Drivers/STM32F1xx_HAL_Driver/Src/stm32f1xx_hal_pwr.c.obj
LOAD CMakeFiles/templa.elf.dir/Drivers/STM32F1xx_HAL_Driver/Src/stm32f1xx_hal_rcc.c.obj
LOAD CMakeFiles/templa.elf.dir/Drivers/STM32F1xx_HAL_Driver/Src/stm32f1xx_hal_rcc_ex.c.obj
LOAD CMakeFiles/templa.elf.dir/Drivers/STM32F1xx_HAL_Driver/Src/stm32f1xx_hal_tim.c.obj
LOAD CMakeFiles/templa.elf.dir/Drivers/STM32F1xx_HAL_Driver/Src/stm32f1xx_hal_tim_ex.c.obj
LOAD CMakeFiles/templa.elf.dir/Drivers/STM32F1xx_HAL_Driver/Src/stm32f1xx_hal_uart.c.obj
LOAD CMakeFiles/templa.elf.dir/Middlewares/Third_Party/FreeRTOS/Source/CMSIS_RTOS_V2/cmsis_os2.c.obj
LOAD CMakeFiles/templa.elf.dir/Middlewares/Third_Party/FreeRTOS/Source/croutine.c.obj
LOAD CMakeFiles/templa.elf.dir/Middlewares/Third_Party/FreeRTOS/Source/event_groups.c.obj
LOAD CMakeFiles/templa.elf.dir/Middlewares/Third_Party/FreeRTOS/Source/list.c.obj
LOAD CMakeFiles/templa.elf.dir/Middlewares/Third_Party/FreeRTOS/Source/portable/GCC/ARM_CM3/port.c.obj
LOAD CMakeFiles/templa.elf.dir/Middlewares/Third_Party/FreeRTOS/Source/portable/MemMang/heap_4.c.obj
LOAD CMakeFiles/templa.elf.dir/Middlewares/Third_Party/FreeRTOS/Source/queue.c.obj
LOAD CMakeFiles/templa.elf.dir/Middlewares/Third_Party/FreeRTOS/Source/stream_buffer.c.obj
LOAD CMakeFiles/templa.elf.dir/Middlewares/Third_Party/FreeRTOS/Source/tasks.c.obj
LOAD CMakeFiles/templa.elf.dir/Middlewares/Third_Party/FreeRTOS/Source/timers.c.obj
START GROUP
LOAD c:/gcc-arm-none-eabi-10.3-2021.10/bin/../lib/gcc/arm-none-eabi/10.3.1/thumb/v7-m/nofp\libgcc.a
LOAD c:/gcc-arm-none-eabi-10.3-2021.10/bin/../lib/gcc/arm-none-eabi/10.3.1/../../../../arm-none-eabi/lib/thumb/v7-m/nofp\libg.a
LOAD c:/gcc-arm-none-eabi-10.3-2021.10/bin/../lib/gcc/arm-none-eabi/10.3.1/../../../../arm-none-eabi/lib/thumb/v7-m/nofp\libc.a
END GROUP
LOAD c:/gcc-arm-none-eabi-10.3-2021.10/bin/../lib/gcc/arm-none-eabi/10.3.1/thumb/v7-m/nofp/crtend.o
LOAD c:/gcc-arm-none-eabi-10.3-2021.10/bin/../lib/gcc/arm-none-eabi/10.3.1/thumb/v7-m/nofp/crtn.o
                0x20005000                _estack = (ORIGIN (RAM) + LENGTH (RAM))
                0x00000200                _Min_Heap_Size = 0x200
                0x00000400                _Min_Stack_Size = 0x400

.isr_vector     0x08000000      0x10c
                0x08000000                . = ALIGN (0x4)
 *(.isr_vector)
 .isr_vector    0x08000000      0x10c CMakeFiles/templa.elf.dir/Core/Startup/startup_stm32f103c8tx.s.obj
                0x08000000                g_pfnVectors
                0x0800010c                . = ALIGN (0x4)

.text           0x08000110     0x848c
                0x08000110                . = ALIGN (0x4)
 *(.text)
 .text          0x08000110      0x21c c:/gcc-arm-none-eabi-10.3-2021.10/bin/../lib/gcc/arm-none-eabi/10.3.1/thumb/v7-m/nofp\libgcc.a(_arm_addsubsf3.o)
                0x08000110                __aeabi_frsub
                0x08000118                __subsf3
                0x08000118                __aeabi_fsub
                0x0800011c                __aeabi_fadd
                0x0800011c                __addsf3
                0x0800027c                __aeabi_ui2f
                0x0800027c                __floatunsisf
                0x08000284                __aeabi_i2f
                0x08000284                __floatsisf
                0x080002a0                __aeabi_ul2f
                0x080002a0                __floatundisf
                0x080002b0                __aeabi_l2f
                0x080002b0                __floatdisf
 .text          0x0800032c      0x2a0 c:/gcc-arm-none-eabi-10.3-2021.10/bin/../lib/gcc/arm-none-eabi/10.3.1/thumb/v7-m/nofp\libgcc.a(_arm_muldivsf3.o)
                0x0800032c                __mulsf3
                0x0800032c                __aeabi_fmul
                0x08000494                __aeabi_fdiv
                0x08000494                __divsf3
 .text          0x080005cc       0xec c:/gcc-arm-none-eabi-10.3-2021.10/bin/../lib/gcc/arm-none-eabi/10.3.1/thumb/v7-m/nofp\libgcc.a(_arm_cmpsf2.o)
                0x080005cc                __gesf2
                0x080005cc                __gtsf2
                0x080005d4                __lesf2
                0x080005d4                __ltsf2
                0x080005dc                __nesf2
                0x080005dc                __eqsf2
                0x080005dc                __cmpsf2
                0x0800063c                __aeabi_cfrcmple
                0x08000644                __aeabi_cfcmpeq
                0x08000644                __aeabi_cfcmple
                0x08000654                __aeabi_fcmpeq
                0x08000668                __aeabi_fcmplt
                0x0800067c                __aeabi_fcmple
                0x08000690                __aeabi_fcmpge
                0x080006a4                __aeabi_fcmpgt
 .text          0x080006b8       0x4c c:/gcc-arm-none-eabi-10.3-2021.10/bin/../lib/gcc/arm-none-eabi/10.3.1/thumb/v7-m/nofp\libgcc.a(_arm_fixsfsi.o)
                0x080006b8                __aeabi_f2iz
                0x080006b8                __fixsfsi
 .text          0x08000704       0x40 c:/gcc-arm-none-eabi-10.3-2021.10/bin/../lib/gcc/arm-none-eabi/10.3.1/thumb/v7-m/nofp\libgcc.a(_arm_fixunssfsi.o)
                0x08000704                __fixunssfsi
                0x08000704                __aeabi_f2uiz
 .text          0x08000744       0xa0 c:/gcc-arm-none-eabi-10.3-2021.10/bin/../lib/gcc/arm-none-eabi/10.3.1/thumb/v7-m/nofp\libgcc.a(_aeabi_ldivmod.o)
                0x08000744                __aeabi_ldivmod
 .text          0x080007e4      0x2d4 c:/gcc-arm-none-eabi-10.3-2021.10/bin/../lib/gcc/arm-none-eabi/10.3.1/thumb/v7-m/nofp\libgcc.a(_udivmoddi4.o)
                0x080007e4                __udivmoddi4
 .text          0x08000ab8        0x4 c:/gcc-arm-none-eabi-10.3-2021.10/bin/../lib/gcc/arm-none-eabi/10.3.1/thumb/v7-m/nofp\libgcc.a(_dvmd_tls.o)
                0x08000ab8                __aeabi_idiv0
                0x08000ab8                __aeabi_ldiv0
 .text          0x08000abc       0xec c:/gcc-arm-none-eabi-10.3-2021.10/bin/../lib/gcc/arm-none-eabi/10.3.1/../../../../arm-none-eabi/lib/thumb/v7-m/nofp\libg.a(lib_a-memcpy.o)
                0x08000abc                memcpy
 *(.text*)
 .text.run_self_test
                0x08000ba8       0x88 CMakeFiles/templa.elf.dir/Core/Src/MPU6050.c.obj
                0x08000ba8                run_self_test
 .text.inv_row_2_scale
                0x08000c30       0x3a CMakeFiles/templa.elf.dir/Core/Src/MPU6050.c.obj
                0x08000c30                inv_row_2_scale
 .text.inv_orientation_matrix_to_scalar
                0x08000c6a       0x24 CMakeFiles/templa.elf.dir/Core/Src/MPU6050.c.obj
                0x08000c6a                inv_orientation_matrix_to_scalar
 *fill*         0x08000c8e        0x2 
 .text.mpu_dmp_init
                0x08000c90       0xa0 CMakeFiles/templa.elf.dir/Core/Src/MPU6050.c.obj
                0x08000c90                mpu_dmp_init
 .text.OLED_I2C_Init
                0x08000d30       0x24 CMakeFiles/templa.elf.dir/Core/Src/OLED.c.obj
                0x08000d30                OLED_I2C_Init
 .text.OLED_I2C_Start
                0x08000d54       0x3c CMakeFiles/templa.elf.dir/Core/Src/OLED.c.obj
                0x08000d54                OLED_I2C_Start
 .text.OLED_I2C_Stop
                0x08000d90       0x30 CMakeFiles/templa.elf.dir/Core/Src/OLED.c.obj
                0x08000d90                OLED_I2C_Stop
 .text.OLED_I2C_SendByte
                0x08000dc0       0x5c CMakeFiles/templa.elf.dir/Core/Src/OLED.c.obj
                0x08000dc0                OLED_I2C_SendByte
 .text.OLED_WriteCommand
                0x08000e1c       0x20 CMakeFiles/templa.elf.dir/Core/Src/OLED.c.obj
                0x08000e1c                OLED_WriteCommand
 .text.OLED_WriteData
                0x08000e3c       0x20 CMakeFiles/templa.elf.dir/Core/Src/OLED.c.obj
                0x08000e3c                OLED_WriteData
 .text.OLED_SetCursor
                0x08000e5c       0x20 CMakeFiles/templa.elf.dir/Core/Src/OLED.c.obj
                0x08000e5c                OLED_SetCursor
 .text.OLED_Clear
                0x08000e7c       0x2c CMakeFiles/templa.elf.dir/Core/Src/OLED.c.obj
                0x08000e7c                OLED_Clear
 .text.OLED_ShowChar
                0x08000ea8       0x64 CMakeFiles/templa.elf.dir/Core/Src/OLED.c.obj
                0x08000ea8                OLED_ShowChar
 .text.OLED_Pow
                0x08000f0c       0x14 CMakeFiles/templa.elf.dir/Core/Src/OLED.c.obj
                0x08000f0c                OLED_Pow
 .text.OLED_ShowNum
                0x08000f20       0x50 CMakeFiles/templa.elf.dir/Core/Src/OLED.c.obj
                0x08000f20                OLED_ShowNum
 .text.OLED_ShowHexNum
                0x08000f70       0x4c CMakeFiles/templa.elf.dir/Core/Src/OLED.c.obj
                0x08000f70                OLED_ShowHexNum
 .text.OLED_Init
                0x08000fbc       0xae CMakeFiles/templa.elf.dir/Core/Src/OLED.c.obj
                0x08000fbc                OLED_Init
 *fill*         0x0800106a        0x2 
 .text.StartDefaultTask
                0x0800106c       0x40 CMakeFiles/templa.elf.dir/Core/Src/freertos.c.obj
                0x0800106c                StartDefaultTask
 .text.OLED_SHOW_1
                0x080010ac       0x50 CMakeFiles/templa.elf.dir/Core/Src/freertos.c.obj
                0x080010ac                OLED_SHOW_1
 .text.OLED_SHOW_2
                0x080010fc       0x44 CMakeFiles/templa.elf.dir/Core/Src/freertos.c.obj
                0x080010fc                OLED_SHOW_2
 .text.USART_TX
                0x08001140       0x74 CMakeFiles/templa.elf.dir/Core/Src/freertos.c.obj
                0x08001140                USART_TX
 .text.LED_Flash_2
                0x080011b4       0x30 CMakeFiles/templa.elf.dir/Core/Src/freertos.c.obj
                0x080011b4                LED_Flash_2
 .text.MX_FREERTOS_Init
                0x080011e4       0xec CMakeFiles/templa.elf.dir/Core/Src/freertos.c.obj
                0x080011e4                MX_FREERTOS_Init
 .text.HAL_UART_RxCpltCallback
                0x080012d0       0x44 CMakeFiles/templa.elf.dir/Core/Src/freertos.c.obj
                0x080012d0                HAL_UART_RxCpltCallback
 .text.MX_GPIO_Init
                0x08001314       0xc4 CMakeFiles/templa.elf.dir/Core/Src/gpio.c.obj
                0x08001314                MX_GPIO_Init
 .text.MX_I2C1_Init
                0x080013d8       0x3c CMakeFiles/templa.elf.dir/Core/Src/i2c.c.obj
                0x080013d8                MX_I2C1_Init
 .text.HAL_I2C_MspInit
                0x08001414       0x64 CMakeFiles/templa.elf.dir/Core/Src/i2c.c.obj
                0x08001414                HAL_I2C_MspInit
 .text.get_accel_prod_shift
                0x08001478       0xd4 CMakeFiles/templa.elf.dir/Core/Src/inv_mpu.c.obj
 .text.accel_self_test
                0x0800154c       0xb8 CMakeFiles/templa.elf.dir/Core/Src/inv_mpu.c.obj
 .text.gyro_self_test
                0x08001604      0x120 CMakeFiles/templa.elf.dir/Core/Src/inv_mpu.c.obj
 .text.set_int_enable
                0x08001724       0xb0 CMakeFiles/templa.elf.dir/Core/Src/inv_mpu.c.obj
 .text.get_st_biases
                0x080017d4      0x4d4 CMakeFiles/templa.elf.dir/Core/Src/inv_mpu.c.obj
 .text.mpu_reset_fifo
                0x08001ca8      0x274 CMakeFiles/templa.elf.dir/Core/Src/inv_mpu.c.obj
                0x08001ca8                mpu_reset_fifo
 .text.mpu_get_gyro_fsr
                0x08001f1c       0x3c CMakeFiles/templa.elf.dir/Core/Src/inv_mpu.c.obj
                0x08001f1c                mpu_get_gyro_fsr
 .text.mpu_set_gyro_fsr
                0x08001f58       0xa4 CMakeFiles/templa.elf.dir/Core/Src/inv_mpu.c.obj
                0x08001f58                mpu_set_gyro_fsr
 .text.mpu_get_accel_fsr
                0x08001ffc       0x44 CMakeFiles/templa.elf.dir/Core/Src/inv_mpu.c.obj
                0x08001ffc                mpu_get_accel_fsr
 .text.mpu_set_accel_fsr
                0x08002040       0xa0 CMakeFiles/templa.elf.dir/Core/Src/inv_mpu.c.obj
                0x08002040                mpu_set_accel_fsr
 .text.mpu_get_lpf
                0x080020e0       0x44 CMakeFiles/templa.elf.dir/Core/Src/inv_mpu.c.obj
                0x080020e0                mpu_get_lpf
 .text.mpu_set_lpf
                0x08002124       0xa0 CMakeFiles/templa.elf.dir/Core/Src/inv_mpu.c.obj
                0x08002124                mpu_set_lpf
 .text.mpu_get_sample_rate
                0x080021c4       0x1c CMakeFiles/templa.elf.dir/Core/Src/inv_mpu.c.obj
                0x080021c4                mpu_get_sample_rate
 .text.mpu_get_gyro_sens
                0x080021e0       0x4c CMakeFiles/templa.elf.dir/Core/Src/inv_mpu.c.obj
                0x080021e0                mpu_get_gyro_sens
 .text.mpu_get_accel_sens
                0x0800222c       0x4c CMakeFiles/templa.elf.dir/Core/Src/inv_mpu.c.obj
                0x0800222c                mpu_get_accel_sens
 .text.mpu_get_fifo_config
                0x08002278       0x10 CMakeFiles/templa.elf.dir/Core/Src/inv_mpu.c.obj
                0x08002278                mpu_get_fifo_config
 .text.mpu_configure_fifo
                0x08002288       0x64 CMakeFiles/templa.elf.dir/Core/Src/inv_mpu.c.obj
                0x08002288                mpu_configure_fifo
 .text.mpu_set_bypass
                0x080022ec      0x1ac CMakeFiles/templa.elf.dir/Core/Src/inv_mpu.c.obj
                0x080022ec                mpu_set_bypass
 .text.mpu_set_int_latched
                0x08002498       0x84 CMakeFiles/templa.elf.dir/Core/Src/inv_mpu.c.obj
                0x08002498                mpu_set_int_latched
 .text.mpu_lp_accel_mode
                0x0800251c       0xf4 CMakeFiles/templa.elf.dir/Core/Src/inv_mpu.c.obj
                0x0800251c                mpu_lp_accel_mode
 .text.mpu_set_sample_rate
                0x08002610       0xb0 CMakeFiles/templa.elf.dir/Core/Src/inv_mpu.c.obj
                0x08002610                mpu_set_sample_rate
 .text.mpu_set_sensors
                0x080026c0       0xfc CMakeFiles/templa.elf.dir/Core/Src/inv_mpu.c.obj
                0x080026c0                mpu_set_sensors
 .text.mpu_init
                0x080027bc      0x1c8 CMakeFiles/templa.elf.dir/Core/Src/inv_mpu.c.obj
                0x080027bc                mpu_init
 .text.mpu_write_mem
                0x08002984       0x90 CMakeFiles/templa.elf.dir/Core/Src/inv_mpu.c.obj
                0x08002984                mpu_write_mem
 .text.mpu_read_mem
                0x08002a14       0x90 CMakeFiles/templa.elf.dir/Core/Src/inv_mpu.c.obj
                0x08002a14                mpu_read_mem
 .text.mpu_load_firmware
                0x08002aa4       0xc4 CMakeFiles/templa.elf.dir/Core/Src/inv_mpu.c.obj
                0x08002aa4                mpu_load_firmware
 .text.mpu_set_dmp_state
                0x08002b68       0xac CMakeFiles/templa.elf.dir/Core/Src/inv_mpu.c.obj
                0x08002b68                mpu_set_dmp_state
 .text.mpu_run_self_test
                0x08002c14      0x104 CMakeFiles/templa.elf.dir/Core/Src/inv_mpu.c.obj
                0x08002c14                mpu_run_self_test
 .text.dmp_load_motion_driver_firmware
                0x08002d18       0x18 CMakeFiles/templa.elf.dir/Core/Src/inv_mpu_dmp_motion_driver.c.obj
                0x08002d18                dmp_load_motion_driver_firmware
 .text.dmp_set_orientation
                0x08002d30      0x14c CMakeFiles/templa.elf.dir/Core/Src/inv_mpu_dmp_motion_driver.c.obj
                0x08002d30                dmp_set_orientation
 .text.dmp_set_gyro_bias
                0x08002e7c      0x110 CMakeFiles/templa.elf.dir/Core/Src/inv_mpu_dmp_motion_driver.c.obj
                0x08002e7c                dmp_set_gyro_bias
 .text.dmp_set_accel_bias
                0x08002f8c       0xf4 CMakeFiles/templa.elf.dir/Core/Src/inv_mpu_dmp_motion_driver.c.obj
                0x08002f8c                dmp_set_accel_bias
 .text.dmp_set_fifo_rate
                0x08003080       0x68 CMakeFiles/templa.elf.dir/Core/Src/inv_mpu_dmp_motion_driver.c.obj
                0x08003080                dmp_set_fifo_rate
 .text.dmp_set_tap_thresh
                0x080030e8      0x1a0 CMakeFiles/templa.elf.dir/Core/Src/inv_mpu_dmp_motion_driver.c.obj
                0x080030e8                dmp_set_tap_thresh
 .text.dmp_set_tap_axes
                0x08003288       0x4e CMakeFiles/templa.elf.dir/Core/Src/inv_mpu_dmp_motion_driver.c.obj
                0x08003288                dmp_set_tap_axes
 .text.dmp_set_tap_count
                0x080032d6       0x2c CMakeFiles/templa.elf.dir/Core/Src/inv_mpu_dmp_motion_driver.c.obj
                0x080032d6                dmp_set_tap_count
 *fill*         0x08003302        0x2 
 .text.dmp_set_tap_time
                0x08003304       0x30 CMakeFiles/templa.elf.dir/Core/Src/inv_mpu_dmp_motion_driver.c.obj
                0x08003304                dmp_set_tap_time
 .text.dmp_set_tap_time_multi
                0x08003334       0x30 CMakeFiles/templa.elf.dir/Core/Src/inv_mpu_dmp_motion_driver.c.obj
                0x08003334                dmp_set_tap_time_multi
 .text.dmp_set_shake_reject_thresh
                0x08003364       0x44 CMakeFiles/templa.elf.dir/Core/Src/inv_mpu_dmp_motion_driver.c.obj
                0x08003364                dmp_set_shake_reject_thresh
 .text.dmp_set_shake_reject_time
                0x080033a8       0x2c CMakeFiles/templa.elf.dir/Core/Src/inv_mpu_dmp_motion_driver.c.obj
                0x080033a8                dmp_set_shake_reject_time
 .text.dmp_set_shake_reject_timeout
                0x080033d4       0x2c CMakeFiles/templa.elf.dir/Core/Src/inv_mpu_dmp_motion_driver.c.obj
                0x080033d4                dmp_set_shake_reject_timeout
 .text.dmp_enable_gyro_cal
                0x08003400       0x44 CMakeFiles/templa.elf.dir/Core/Src/inv_mpu_dmp_motion_driver.c.obj
                0x08003400                dmp_enable_gyro_cal
 .text.dmp_enable_lp_quat
                0x08003444       0x3c CMakeFiles/templa.elf.dir/Core/Src/inv_mpu_dmp_motion_driver.c.obj
                0x08003444                dmp_enable_lp_quat
 .text.dmp_enable_6x_lp_quat
                0x08003480       0x3c CMakeFiles/templa.elf.dir/Core/Src/inv_mpu_dmp_motion_driver.c.obj
                0x08003480                dmp_enable_6x_lp_quat
 .text.dmp_enable_feature
                0x080034bc      0x218 CMakeFiles/templa.elf.dir/Core/Src/inv_mpu_dmp_motion_driver.c.obj
                0x080034bc                dmp_enable_feature
 .text.HAL_TIM_PeriodElapsedCallback
                0x080036d4       0x18 CMakeFiles/templa.elf.dir/Core/Src/main.c.obj
                0x080036d4                HAL_TIM_PeriodElapsedCallback
 .text.Error_Handler
                0x080036ec        0x4 CMakeFiles/templa.elf.dir/Core/Src/main.c.obj
                0x080036ec                Error_Handler
 .text.SystemClock_Config
                0x080036f0       0x64 CMakeFiles/templa.elf.dir/Core/Src/main.c.obj
                0x080036f0                SystemClock_Config
 .text.main     0x08003754       0x40 CMakeFiles/templa.elf.dir/Core/Src/main.c.obj
                0x08003754                main
 .text.HAL_MspInit
                0x08003794       0x54 CMakeFiles/templa.elf.dir/Core/Src/stm32f1xx_hal_msp.c.obj
                0x08003794                HAL_MspInit
 .text.HAL_InitTick
                0x080037e8       0xa0 CMakeFiles/templa.elf.dir/Core/Src/stm32f1xx_hal_timebase_tim.c.obj
                0x080037e8                HAL_InitTick
 .text.NMI_Handler
                0x08003888        0x2 CMakeFiles/templa.elf.dir/Core/Src/stm32f1xx_it.c.obj
                0x08003888                NMI_Handler
 .text.HardFault_Handler
                0x0800388a        0x2 CMakeFiles/templa.elf.dir/Core/Src/stm32f1xx_it.c.obj
                0x0800388a                HardFault_Handler
 .text.MemManage_Handler
                0x0800388c        0x2 CMakeFiles/templa.elf.dir/Core/Src/stm32f1xx_it.c.obj
                0x0800388c                MemManage_Handler
 .text.BusFault_Handler
                0x0800388e        0x2 CMakeFiles/templa.elf.dir/Core/Src/stm32f1xx_it.c.obj
                0x0800388e                BusFault_Handler
 .text.UsageFault_Handler
                0x08003890        0x2 CMakeFiles/templa.elf.dir/Core/Src/stm32f1xx_it.c.obj
                0x08003890                UsageFault_Handler
 .text.DebugMon_Handler
                0x08003892        0x2 CMakeFiles/templa.elf.dir/Core/Src/stm32f1xx_it.c.obj
                0x08003892                DebugMon_Handler
 .text.TIM4_IRQHandler
                0x08003894       0x10 CMakeFiles/templa.elf.dir/Core/Src/stm32f1xx_it.c.obj
                0x08003894                TIM4_IRQHandler
 .text.USART1_IRQHandler
                0x080038a4       0x10 CMakeFiles/templa.elf.dir/Core/Src/stm32f1xx_it.c.obj
                0x080038a4                USART1_IRQHandler
 .text._sbrk    0x080038b4       0x48 CMakeFiles/templa.elf.dir/Core/Src/sysmem.c.obj
                0x080038b4                _sbrk
 .text.SystemInit
                0x080038fc        0x2 CMakeFiles/templa.elf.dir/Core/Src/system_stm32f1xx.c.obj
                0x080038fc                SystemInit
 *fill*         0x080038fe        0x2 
 .text.MX_USART1_UART_Init
                0x08003900       0x34 CMakeFiles/templa.elf.dir/Core/Src/usart.c.obj
                0x08003900                MX_USART1_UART_Init
 .text.HAL_UART_MspInit
                0x08003934       0x88 CMakeFiles/templa.elf.dir/Core/Src/usart.c.obj
                0x08003934                HAL_UART_MspInit
 .text.Reset_Handler
                0x080039bc       0x48 CMakeFiles/templa.elf.dir/Core/Startup/startup_stm32f103c8tx.s.obj
                0x080039bc                Reset_Handler
 .text.Default_Handler
                0x08003a04        0x2 CMakeFiles/templa.elf.dir/Core/Startup/startup_stm32f103c8tx.s.obj
                0x08003a04                RTC_Alarm_IRQHandler
                0x08003a04                EXTI2_IRQHandler
                0x08003a04                TIM1_CC_IRQHandler
                0x08003a04                PVD_IRQHandler
                0x08003a04                EXTI3_IRQHandler
                0x08003a04                EXTI0_IRQHandler
                0x08003a04                I2C2_EV_IRQHandler
                0x08003a04                ADC1_2_IRQHandler
                0x08003a04                SPI1_IRQHandler
                0x08003a04                TAMPER_IRQHandler
                0x08003a04                DMA1_Channel4_IRQHandler
                0x08003a04                USART3_IRQHandler
                0x08003a04                RTC_IRQHandler
                0x08003a04                DMA1_Channel7_IRQHandler
                0x08003a04                CAN1_RX1_IRQHandler
                0x08003a04                I2C1_EV_IRQHandler
                0x08003a04                DMA1_Channel6_IRQHandler
                0x08003a04                TIM3_IRQHandler
                0x08003a04                RCC_IRQHandler
                0x08003a04                TIM1_TRG_COM_IRQHandler
                0x08003a04                DMA1_Channel1_IRQHandler
                0x08003a04                Default_Handler
                0x08003a04                EXTI15_10_IRQHandler
                0x08003a04                EXTI9_5_IRQHandler
                0x08003a04                SPI2_IRQHandler
                0x08003a04                DMA1_Channel5_IRQHandler
                0x08003a04                EXTI4_IRQHandler
                0x08003a04                USB_LP_CAN1_RX0_IRQHandler
                0x08003a04                USB_HP_CAN1_TX_IRQHandler
                0x08003a04                DMA1_Channel3_IRQHandler
                0x08003a04                TIM1_UP_IRQHandler
                0x08003a04                WWDG_IRQHandler
                0x08003a04                TIM2_IRQHandler
                0x08003a04                TIM1_BRK_IRQHandler
                0x08003a04                EXTI1_IRQHandler
                0x08003a04                USART2_IRQHandler
                0x08003a04                I2C2_ER_IRQHandler
                0x08003a04                DMA1_Channel2_IRQHandler
                0x08003a04                CAN1_SCE_IRQHandler
                0x08003a04                FLASH_IRQHandler
                0x08003a04                I2C1_ER_IRQHandler
                0x08003a04                USBWakeUp_IRQHandler
 *fill*         0x08003a06        0x2 
 .text.HAL_Init
                0x08003a08       0x24 CMakeFiles/templa.elf.dir/Drivers/STM32F1xx_HAL_Driver/Src/stm32f1xx_hal.c.obj
                0x08003a08                HAL_Init
 .text.HAL_IncTick
                0x08003a2c       0x18 CMakeFiles/templa.elf.dir/Drivers/STM32F1xx_HAL_Driver/Src/stm32f1xx_hal.c.obj
                0x08003a2c                HAL_IncTick
 .text.HAL_GetTick
                0x08003a44        0xc CMakeFiles/templa.elf.dir/Drivers/STM32F1xx_HAL_Driver/Src/stm32f1xx_hal.c.obj
                0x08003a44                HAL_GetTick
 .text.HAL_Delay
                0x08003a50       0x28 CMakeFiles/templa.elf.dir/Drivers/STM32F1xx_HAL_Driver/Src/stm32f1xx_hal.c.obj
                0x08003a50                HAL_Delay
 .text.HAL_NVIC_SetPriorityGrouping
                0x08003a78       0x24 CMakeFiles/templa.elf.dir/Drivers/STM32F1xx_HAL_Driver/Src/stm32f1xx_hal_cortex.c.obj
                0x08003a78                HAL_NVIC_SetPriorityGrouping
 .text.HAL_NVIC_SetPriority
                0x08003a9c       0x70 CMakeFiles/templa.elf.dir/Drivers/STM32F1xx_HAL_Driver/Src/stm32f1xx_hal_cortex.c.obj
                0x08003a9c                HAL_NVIC_SetPriority
 .text.HAL_NVIC_EnableIRQ
                0x08003b0c       0x1c CMakeFiles/templa.elf.dir/Drivers/STM32F1xx_HAL_Driver/Src/stm32f1xx_hal_cortex.c.obj
                0x08003b0c                HAL_NVIC_EnableIRQ
 .text.HAL_DMA_Abort
                0x08003b28       0x46 CMakeFiles/templa.elf.dir/Drivers/STM32F1xx_HAL_Driver/Src/stm32f1xx_hal_dma.c.obj
                0x08003b28                HAL_DMA_Abort
 *fill*         0x08003b6e        0x2 
 .text.HAL_DMA_Abort_IT
                0x08003b70       0x98 CMakeFiles/templa.elf.dir/Drivers/STM32F1xx_HAL_Driver/Src/stm32f1xx_hal_dma.c.obj
                0x08003b70                HAL_DMA_Abort_IT
 .text.HAL_GPIO_Init
                0x08003c08      0x224 CMakeFiles/templa.elf.dir/Drivers/STM32F1xx_HAL_Driver/Src/stm32f1xx_hal_gpio.c.obj
                0x08003c08                HAL_GPIO_Init
 .text.HAL_GPIO_WritePin
                0x08003e2c        0xc CMakeFiles/templa.elf.dir/Drivers/STM32F1xx_HAL_Driver/Src/stm32f1xx_hal_gpio.c.obj
                0x08003e2c                HAL_GPIO_WritePin
 .text.HAL_GPIO_TogglePin
                0x08003e38       0x12 CMakeFiles/templa.elf.dir/Drivers/STM32F1xx_HAL_Driver/Src/stm32f1xx_hal_gpio.c.obj
                0x08003e38                HAL_GPIO_TogglePin
 .text.I2C_IsAcknowledgeFailed
                0x08003e4a       0x32 CMakeFiles/templa.elf.dir/Drivers/STM32F1xx_HAL_Driver/Src/stm32f1xx_hal_i2c.c.obj
 .text.I2C_WaitOnFlagUntilTimeout
                0x08003e7c       0xaa CMakeFiles/templa.elf.dir/Drivers/STM32F1xx_HAL_Driver/Src/stm32f1xx_hal_i2c.c.obj
 .text.I2C_WaitOnMasterAddressFlagUntilTimeout
                0x08003f26       0xd6 CMakeFiles/templa.elf.dir/Drivers/STM32F1xx_HAL_Driver/Src/stm32f1xx_hal_i2c.c.obj
 .text.I2C_WaitOnTXEFlagUntilTimeout
                0x08003ffc       0x5e CMakeFiles/templa.elf.dir/Drivers/STM32F1xx_HAL_Driver/Src/stm32f1xx_hal_i2c.c.obj
 *fill*         0x0800405a        0x2 
 .text.I2C_RequestMemoryWrite
                0x0800405c       0xd8 CMakeFiles/templa.elf.dir/Drivers/STM32F1xx_HAL_Driver/Src/stm32f1xx_hal_i2c.c.obj
 .text.I2C_RequestMemoryRead
                0x08004134      0x154 CMakeFiles/templa.elf.dir/Drivers/STM32F1xx_HAL_Driver/Src/stm32f1xx_hal_i2c.c.obj
 .text.I2C_WaitOnBTFFlagUntilTimeout
                0x08004288       0x5e CMakeFiles/templa.elf.dir/Drivers/STM32F1xx_HAL_Driver/Src/stm32f1xx_hal_i2c.c.obj
 .text.I2C_WaitOnRXNEFlagUntilTimeout
                0x080042e6       0x78 CMakeFiles/templa.elf.dir/Drivers/STM32F1xx_HAL_Driver/Src/stm32f1xx_hal_i2c.c.obj
 *fill*         0x0800435e        0x2 
 .text.HAL_I2C_Init
                0x08004360      0x1bc CMakeFiles/templa.elf.dir/Drivers/STM32F1xx_HAL_Driver/Src/stm32f1xx_hal_i2c.c.obj
                0x08004360                HAL_I2C_Init
 .text.HAL_I2C_Mem_Write
                0x0800451c      0x164 CMakeFiles/templa.elf.dir/Drivers/STM32F1xx_HAL_Driver/Src/stm32f1xx_hal_i2c.c.obj
                0x0800451c                HAL_I2C_Mem_Write
 .text.HAL_I2C_Mem_Read
                0x08004680      0x348 CMakeFiles/templa.elf.dir/Drivers/STM32F1xx_HAL_Driver/Src/stm32f1xx_hal_i2c.c.obj
                0x08004680                HAL_I2C_Mem_Read
 .text.RCC_Delay
                0x080049c8       0x2c CMakeFiles/templa.elf.dir/Drivers/STM32F1xx_HAL_Driver/Src/stm32f1xx_hal_rcc.c.obj
 .text.HAL_RCC_OscConfig
                0x080049f4      0x410 CMakeFiles/templa.elf.dir/Drivers/STM32F1xx_HAL_Driver/Src/stm32f1xx_hal_rcc.c.obj
                0x080049f4                HAL_RCC_OscConfig
 .text.HAL_RCC_GetSysClockFreq
                0x08004e04       0x54 CMakeFiles/templa.elf.dir/Drivers/STM32F1xx_HAL_Driver/Src/stm32f1xx_hal_rcc.c.obj
                0x08004e04                HAL_RCC_GetSysClockFreq
 .text.HAL_RCC_ClockConfig
                0x08004e58      0x16c CMakeFiles/templa.elf.dir/Drivers/STM32F1xx_HAL_Driver/Src/stm32f1xx_hal_rcc.c.obj
                0x08004e58                HAL_RCC_ClockConfig
 .text.HAL_RCC_GetHCLKFreq
                0x08004fc4        0xc CMakeFiles/templa.elf.dir/Drivers/STM32F1xx_HAL_Driver/Src/stm32f1xx_hal_rcc.c.obj
                0x08004fc4                HAL_RCC_GetHCLKFreq
 .text.HAL_RCC_GetPCLK1Freq
                0x08004fd0       0x20 CMakeFiles/templa.elf.dir/Drivers/STM32F1xx_HAL_Driver/Src/stm32f1xx_hal_rcc.c.obj
                0x08004fd0                HAL_RCC_GetPCLK1Freq
 .text.HAL_RCC_GetPCLK2Freq
                0x08004ff0       0x20 CMakeFiles/templa.elf.dir/Drivers/STM32F1xx_HAL_Driver/Src/stm32f1xx_hal_rcc.c.obj
                0x08004ff0                HAL_RCC_GetPCLK2Freq
 .text.HAL_RCC_GetClockConfig
                0x08005010       0x3c CMakeFiles/templa.elf.dir/Drivers/STM32F1xx_HAL_Driver/Src/stm32f1xx_hal_rcc.c.obj
                0x08005010                HAL_RCC_GetClockConfig
 .text.HAL_TIM_Base_MspInit
                0x0800504c        0x2 CMakeFiles/templa.elf.dir/Drivers/STM32F1xx_HAL_Driver/Src/stm32f1xx_hal_tim.c.obj
                0x0800504c                HAL_TIM_Base_MspInit
 *fill*         0x0800504e        0x2 
 .text.HAL_TIM_Base_Start_IT
                0x08005050       0x68 CMakeFiles/templa.elf.dir/Drivers/STM32F1xx_HAL_Driver/Src/stm32f1xx_hal_tim.c.obj
                0x08005050                HAL_TIM_Base_Start_IT
 .text.HAL_TIM_OC_DelayElapsedCallback
                0x080050b8        0x2 CMakeFiles/templa.elf.dir/Drivers/STM32F1xx_HAL_Driver/Src/stm32f1xx_hal_tim.c.obj
                0x080050b8                HAL_TIM_OC_DelayElapsedCallback
 .text.HAL_TIM_IC_CaptureCallback
                0x080050ba        0x2 CMakeFiles/templa.elf.dir/Drivers/STM32F1xx_HAL_Driver/Src/stm32f1xx_hal_tim.c.obj
                0x080050ba                HAL_TIM_IC_CaptureCallback
 .text.HAL_TIM_PWM_PulseFinishedCallback
                0x080050bc        0x2 CMakeFiles/templa.elf.dir/Drivers/STM32F1xx_HAL_Driver/Src/stm32f1xx_hal_tim.c.obj
                0x080050bc                HAL_TIM_PWM_PulseFinishedCallback
 .text.HAL_TIM_TriggerCallback
                0x080050be        0x2 CMakeFiles/templa.elf.dir/Drivers/STM32F1xx_HAL_Driver/Src/stm32f1xx_hal_tim.c.obj
                0x080050be                HAL_TIM_TriggerCallback
 .text.HAL_TIM_IRQHandler
                0x080050c0      0x17a CMakeFiles/templa.elf.dir/Drivers/STM32F1xx_HAL_Driver/Src/stm32f1xx_hal_tim.c.obj
                0x080050c0                HAL_TIM_IRQHandler
 *fill*         0x0800523a        0x2 
 .text.TIM_Base_SetConfig
                0x0800523c       0x74 CMakeFiles/templa.elf.dir/Drivers/STM32F1xx_HAL_Driver/Src/stm32f1xx_hal_tim.c.obj
                0x0800523c                TIM_Base_SetConfig
 .text.HAL_TIM_Base_Init
                0x080052b0       0x58 CMakeFiles/templa.elf.dir/Drivers/STM32F1xx_HAL_Driver/Src/stm32f1xx_hal_tim.c.obj
                0x080052b0                HAL_TIM_Base_Init
 .text.HAL_TIMEx_CommutCallback
                0x08005308        0x2 CMakeFiles/templa.elf.dir/Drivers/STM32F1xx_HAL_Driver/Src/stm32f1xx_hal_tim_ex.c.obj
                0x08005308                HAL_TIMEx_CommutCallback
 .text.HAL_TIMEx_BreakCallback
                0x0800530a        0x2 CMakeFiles/templa.elf.dir/Drivers/STM32F1xx_HAL_Driver/Src/stm32f1xx_hal_tim_ex.c.obj
                0x0800530a                HAL_TIMEx_BreakCallback
 .text.UART_EndRxTransfer
                0x0800530c       0x5c CMakeFiles/templa.elf.dir/Drivers/STM32F1xx_HAL_Driver/Src/stm32f1xx_hal_uart.c.obj
 .text.UART_Transmit_IT
                0x08005368       0x60 CMakeFiles/templa.elf.dir/Drivers/STM32F1xx_HAL_Driver/Src/stm32f1xx_hal_uart.c.obj
 .text.UART_SetConfig
                0x080053c8       0x94 CMakeFiles/templa.elf.dir/Drivers/STM32F1xx_HAL_Driver/Src/stm32f1xx_hal_uart.c.obj
 .text.HAL_UART_Init
                0x0800545c       0x60 CMakeFiles/templa.elf.dir/Drivers/STM32F1xx_HAL_Driver/Src/stm32f1xx_hal_uart.c.obj
                0x0800545c                HAL_UART_Init
 .text.HAL_UART_TxCpltCallback
                0x080054bc        0x2 CMakeFiles/templa.elf.dir/Drivers/STM32F1xx_HAL_Driver/Src/stm32f1xx_hal_uart.c.obj
                0x080054bc                HAL_UART_TxCpltCallback
 .text.UART_EndTransmit_IT
                0x080054be       0x1a CMakeFiles/templa.elf.dir/Drivers/STM32F1xx_HAL_Driver/Src/stm32f1xx_hal_uart.c.obj
 .text.HAL_UART_ErrorCallback
                0x080054d8        0x2 CMakeFiles/templa.elf.dir/Drivers/STM32F1xx_HAL_Driver/Src/stm32f1xx_hal_uart.c.obj
                0x080054d8                HAL_UART_ErrorCallback
 .text.UART_DMAAbortOnError
                0x080054da       0x10 CMakeFiles/templa.elf.dir/Drivers/STM32F1xx_HAL_Driver/Src/stm32f1xx_hal_uart.c.obj
 .text.HAL_UARTEx_RxEventCallback
                0x080054ea        0x2 CMakeFiles/templa.elf.dir/Drivers/STM32F1xx_HAL_Driver/Src/stm32f1xx_hal_uart.c.obj
                0x080054ea                HAL_UARTEx_RxEventCallback
 .text.UART_Receive_IT
                0x080054ec       0xe6 CMakeFiles/templa.elf.dir/Drivers/STM32F1xx_HAL_Driver/Src/stm32f1xx_hal_uart.c.obj
 *fill*         0x080055d2        0x2 
 .text.HAL_UART_IRQHandler
                0x080055d4      0x288 CMakeFiles/templa.elf.dir/Drivers/STM32F1xx_HAL_Driver/Src/stm32f1xx_hal_uart.c.obj
                0x080055d4                HAL_UART_IRQHandler
 .text.UART_Start_Receive_IT
                0x0800585c       0x36 CMakeFiles/templa.elf.dir/Drivers/STM32F1xx_HAL_Driver/Src/stm32f1xx_hal_uart.c.obj
                0x0800585c                UART_Start_Receive_IT
 .text.HAL_UART_Receive_IT
                0x08005892       0x26 CMakeFiles/templa.elf.dir/Drivers/STM32F1xx_HAL_Driver/Src/stm32f1xx_hal_uart.c.obj
                0x08005892                HAL_UART_Receive_IT
 .text.osKernelInitialize
                0x080058b8       0x44 CMakeFiles/templa.elf.dir/Middlewares/Third_Party/FreeRTOS/Source/CMSIS_RTOS_V2/cmsis_os2.c.obj
                0x080058b8                osKernelInitialize
 .text.osKernelStart
                0x080058fc       0x4c CMakeFiles/templa.elf.dir/Middlewares/Third_Party/FreeRTOS/Source/CMSIS_RTOS_V2/cmsis_os2.c.obj
                0x080058fc                osKernelStart
 .text.osThreadNew
                0x08005948       0xf0 CMakeFiles/templa.elf.dir/Middlewares/Third_Party/FreeRTOS/Source/CMSIS_RTOS_V2/cmsis_os2.c.obj
                0x08005948                osThreadNew
 .text.osDelay  0x08005a38       0x44 CMakeFiles/templa.elf.dir/Middlewares/Third_Party/FreeRTOS/Source/CMSIS_RTOS_V2/cmsis_os2.c.obj
                0x08005a38                osDelay
 .text.osEventFlagsNew
                0x08005a7c       0x68 CMakeFiles/templa.elf.dir/Middlewares/Third_Party/FreeRTOS/Source/CMSIS_RTOS_V2/cmsis_os2.c.obj
                0x08005a7c                osEventFlagsNew
 .text.osMutexNew
                0x08005ae4       0xbc CMakeFiles/templa.elf.dir/Middlewares/Third_Party/FreeRTOS/Source/CMSIS_RTOS_V2/cmsis_os2.c.obj
                0x08005ae4                osMutexNew
 .text.osSemaphoreNew
                0x08005ba0       0xd8 CMakeFiles/templa.elf.dir/Middlewares/Third_Party/FreeRTOS/Source/CMSIS_RTOS_V2/cmsis_os2.c.obj
                0x08005ba0                osSemaphoreNew
 .text.osMessageQueueNew
                0x08005c78       0xbc CMakeFiles/templa.elf.dir/Middlewares/Third_Party/FreeRTOS/Source/CMSIS_RTOS_V2/cmsis_os2.c.obj
                0x08005c78                osMessageQueueNew
 .text.vApplicationGetIdleTaskMemory
                0x08005d34       0x18 CMakeFiles/templa.elf.dir/Middlewares/Third_Party/FreeRTOS/Source/CMSIS_RTOS_V2/cmsis_os2.c.obj
                0x08005d34                vApplicationGetIdleTaskMemory
 .text.vApplicationGetTimerTaskMemory
                0x08005d4c       0x18 CMakeFiles/templa.elf.dir/Middlewares/Third_Party/FreeRTOS/Source/CMSIS_RTOS_V2/cmsis_os2.c.obj
                0x08005d4c                vApplicationGetTimerTaskMemory
 .text.prvTestWaitCondition
                0x08005d64       0x1c CMakeFiles/templa.elf.dir/Middlewares/Third_Party/FreeRTOS/Source/event_groups.c.obj
 .text.xEventGroupCreateStatic
                0x08005d80       0x4a CMakeFiles/templa.elf.dir/Middlewares/Third_Party/FreeRTOS/Source/event_groups.c.obj
                0x08005d80                xEventGroupCreateStatic
 .text.xEventGroupCreate
                0x08005dca       0x1c CMakeFiles/templa.elf.dir/Middlewares/Third_Party/FreeRTOS/Source/event_groups.c.obj
                0x08005dca                xEventGroupCreate
 .text.xEventGroupWaitBits
                0x08005de6      0x108 CMakeFiles/templa.elf.dir/Middlewares/Third_Party/FreeRTOS/Source/event_groups.c.obj
                0x08005de6                xEventGroupWaitBits
 .text.xEventGroupSetBits
                0x08005eee       0x8c CMakeFiles/templa.elf.dir/Middlewares/Third_Party/FreeRTOS/Source/event_groups.c.obj
                0x08005eee                xEventGroupSetBits
 .text.vListInitialise
                0x08005f7a       0x16 CMakeFiles/templa.elf.dir/Middlewares/Third_Party/FreeRTOS/Source/list.c.obj
                0x08005f7a                vListInitialise
 .text.vListInitialiseItem
                0x08005f90        0x6 CMakeFiles/templa.elf.dir/Middlewares/Third_Party/FreeRTOS/Source/list.c.obj
                0x08005f90                vListInitialiseItem
 .text.vListInsertEnd
                0x08005f96       0x16 CMakeFiles/templa.elf.dir/Middlewares/Third_Party/FreeRTOS/Source/list.c.obj
                0x08005f96                vListInsertEnd
 .text.vListInsert
                0x08005fac       0x32 CMakeFiles/templa.elf.dir/Middlewares/Third_Party/FreeRTOS/Source/list.c.obj
                0x08005fac                vListInsert
 .text.uxListRemove
                0x08005fde       0x26 CMakeFiles/templa.elf.dir/Middlewares/Third_Party/FreeRTOS/Source/list.c.obj
                0x08005fde                uxListRemove
 .text.prvTaskExitError
                0x08006004       0x40 CMakeFiles/templa.elf.dir/Middlewares/Third_Party/FreeRTOS/Source/portable/GCC/ARM_CM3/port.c.obj
 .text.prvPortStartFirstTask
                0x08006044       0x20 CMakeFiles/templa.elf.dir/Middlewares/Third_Party/FreeRTOS/Source/portable/GCC/ARM_CM3/port.c.obj
 .text.pxPortInitialiseStack
                0x08006064       0x24 CMakeFiles/templa.elf.dir/Middlewares/Third_Party/FreeRTOS/Source/portable/GCC/ARM_CM3/port.c.obj
                0x08006064                pxPortInitialiseStack
 *fill*         0x08006088        0x8 
 .text.SVC_Handler
                0x08006090       0x24 CMakeFiles/templa.elf.dir/Middlewares/Third_Party/FreeRTOS/Source/portable/GCC/ARM_CM3/port.c.obj
                0x08006090                SVC_Handler
 .text.vPortEnterCritical
                0x080060b4       0x44 CMakeFiles/templa.elf.dir/Middlewares/Third_Party/FreeRTOS/Source/portable/GCC/ARM_CM3/port.c.obj
                0x080060b4                vPortEnterCritical
 .text.vPortExitCritical
                0x080060f8       0x2c CMakeFiles/templa.elf.dir/Middlewares/Third_Party/FreeRTOS/Source/portable/GCC/ARM_CM3/port.c.obj
                0x080060f8                vPortExitCritical
 *fill*         0x08006124        0xc 
 .text.PendSV_Handler
                0x08006130       0x44 CMakeFiles/templa.elf.dir/Middlewares/Third_Party/FreeRTOS/Source/portable/GCC/ARM_CM3/port.c.obj
                0x08006130                PendSV_Handler
 .text.SysTick_Handler
                0x08006174       0x2c CMakeFiles/templa.elf.dir/Middlewares/Third_Party/FreeRTOS/Source/portable/GCC/ARM_CM3/port.c.obj
                0x08006174                SysTick_Handler
 .text.vPortSetupTimerInterrupt
                0x080061a0       0x28 CMakeFiles/templa.elf.dir/Middlewares/Third_Party/FreeRTOS/Source/portable/GCC/ARM_CM3/port.c.obj
                0x080061a0                vPortSetupTimerInterrupt
 .text.xPortStartScheduler
                0x080061c8       0xc0 CMakeFiles/templa.elf.dir/Middlewares/Third_Party/FreeRTOS/Source/portable/GCC/ARM_CM3/port.c.obj
                0x080061c8                xPortStartScheduler
 .text.vPortValidateInterruptPriority
                0x08006288       0x5c CMakeFiles/templa.elf.dir/Middlewares/Third_Party/FreeRTOS/Source/portable/GCC/ARM_CM3/port.c.obj
                0x08006288                vPortValidateInterruptPriority
 .text.prvHeapInit
                0x080062e4       0x64 CMakeFiles/templa.elf.dir/Middlewares/Third_Party/FreeRTOS/Source/portable/MemMang/heap_4.c.obj
 .text.prvInsertBlockIntoFreeList
                0x08006348       0x60 CMakeFiles/templa.elf.dir/Middlewares/Third_Party/FreeRTOS/Source/portable/MemMang/heap_4.c.obj
 .text.pvPortMalloc
                0x080063a8       0xf0 CMakeFiles/templa.elf.dir/Middlewares/Third_Party/FreeRTOS/Source/portable/MemMang/heap_4.c.obj
                0x080063a8                pvPortMalloc
 .text.vPortFree
                0x08006498       0x70 CMakeFiles/templa.elf.dir/Middlewares/Third_Party/FreeRTOS/Source/portable/MemMang/heap_4.c.obj
                0x08006498                vPortFree
 .text.prvGetDisinheritPriorityAfterTimeout
                0x08006508       0x10 CMakeFiles/templa.elf.dir/Middlewares/Third_Party/FreeRTOS/Source/queue.c.obj
 .text.prvIsQueueFull
                0x08006518       0x1e CMakeFiles/templa.elf.dir/Middlewares/Third_Party/FreeRTOS/Source/queue.c.obj
 .text.prvIsQueueEmpty
                0x08006536       0x1a CMakeFiles/templa.elf.dir/Middlewares/Third_Party/FreeRTOS/Source/queue.c.obj
 .text.prvCopyDataToQueue
                0x08006550       0x76 CMakeFiles/templa.elf.dir/Middlewares/Third_Party/FreeRTOS/Source/queue.c.obj
 .text.prvCopyDataFromQueue
                0x080065c6       0x24 CMakeFiles/templa.elf.dir/Middlewares/Third_Party/FreeRTOS/Source/queue.c.obj
 .text.prvUnlockQueue
                0x080065ea       0x6e CMakeFiles/templa.elf.dir/Middlewares/Third_Party/FreeRTOS/Source/queue.c.obj
 .text.xQueueGenericReset
                0x08006658       0x84 CMakeFiles/templa.elf.dir/Middlewares/Third_Party/FreeRTOS/Source/queue.c.obj
                0x08006658                xQueueGenericReset
 .text.prvInitialiseNewQueue
                0x080066dc       0x22 CMakeFiles/templa.elf.dir/Middlewares/Third_Party/FreeRTOS/Source/queue.c.obj
 .text.xQueueGenericCreateStatic
                0x080066fe       0x92 CMakeFiles/templa.elf.dir/Middlewares/Third_Party/FreeRTOS/Source/queue.c.obj
                0x080066fe                xQueueGenericCreateStatic
 .text.xQueueGenericCreate
                0x08006790       0x4e CMakeFiles/templa.elf.dir/Middlewares/Third_Party/FreeRTOS/Source/queue.c.obj
                0x08006790                xQueueGenericCreate
 .text.xQueueCreateCountingSemaphoreStatic
                0x080067de       0x46 CMakeFiles/templa.elf.dir/Middlewares/Third_Party/FreeRTOS/Source/queue.c.obj
                0x080067de                xQueueCreateCountingSemaphoreStatic
 .text.xQueueCreateCountingSemaphore
                0x08006824       0x3c CMakeFiles/templa.elf.dir/Middlewares/Third_Party/FreeRTOS/Source/queue.c.obj
                0x08006824                xQueueCreateCountingSemaphore
 .text.xQueueGenericSend
                0x08006860      0x188 CMakeFiles/templa.elf.dir/Middlewares/Third_Party/FreeRTOS/Source/queue.c.obj
                0x08006860                xQueueGenericSend
 .text.prvInitialiseMutex
                0x080069e8       0x18 CMakeFiles/templa.elf.dir/Middlewares/Third_Party/FreeRTOS/Source/queue.c.obj
 .text.xQueueCreateMutex
                0x08006a00       0x16 CMakeFiles/templa.elf.dir/Middlewares/Third_Party/FreeRTOS/Source/queue.c.obj
                0x08006a00                xQueueCreateMutex
 .text.xQueueCreateMutexStatic
                0x08006a16       0x1e CMakeFiles/templa.elf.dir/Middlewares/Third_Party/FreeRTOS/Source/queue.c.obj
                0x08006a16                xQueueCreateMutexStatic
 .text.xQueueGenericSendFromISR
                0x08006a34       0xcc CMakeFiles/templa.elf.dir/Middlewares/Third_Party/FreeRTOS/Source/queue.c.obj
                0x08006a34                xQueueGenericSendFromISR
 .text.xQueueGiveFromISR
                0x08006b00       0xb2 CMakeFiles/templa.elf.dir/Middlewares/Third_Party/FreeRTOS/Source/queue.c.obj
                0x08006b00                xQueueGiveFromISR
 .text.xQueueReceive
                0x08006bb2      0x15e CMakeFiles/templa.elf.dir/Middlewares/Third_Party/FreeRTOS/Source/queue.c.obj
                0x08006bb2                xQueueReceive
 .text.xQueueSemaphoreTake
                0x08006d10      0x1a6 CMakeFiles/templa.elf.dir/Middlewares/Third_Party/FreeRTOS/Source/queue.c.obj
                0x08006d10                xQueueSemaphoreTake
 *fill*         0x08006eb6        0x2 
 .text.vQueueAddToRegistry
                0x08006eb8       0x28 CMakeFiles/templa.elf.dir/Middlewares/Third_Party/FreeRTOS/Source/queue.c.obj
                0x08006eb8                vQueueAddToRegistry
 .text.vQueueUnregisterQueue
                0x08006ee0       0x2c CMakeFiles/templa.elf.dir/Middlewares/Third_Party/FreeRTOS/Source/queue.c.obj
                0x08006ee0                vQueueUnregisterQueue
 .text.vQueueDelete
                0x08006f0c       0x2c CMakeFiles/templa.elf.dir/Middlewares/Third_Party/FreeRTOS/Source/queue.c.obj
                0x08006f0c                vQueueDelete
 .text.vQueueWaitForMessageRestricted
                0x08006f38       0x52 CMakeFiles/templa.elf.dir/Middlewares/Third_Party/FreeRTOS/Source/queue.c.obj
                0x08006f38                vQueueWaitForMessageRestricted
 *fill*         0x08006f8a        0x2 
 .text.prvResetNextTaskUnblockTime
                0x08006f8c       0x2c CMakeFiles/templa.elf.dir/Middlewares/Third_Party/FreeRTOS/Source/tasks.c.obj
 .text.prvInitialiseNewTask
                0x08006fb8       0xfa CMakeFiles/templa.elf.dir/Middlewares/Third_Party/FreeRTOS/Source/tasks.c.obj
 *fill*         0x080070b2        0x2 
 .text.prvInitialiseTaskLists
                0x080070b4       0x68 CMakeFiles/templa.elf.dir/Middlewares/Third_Party/FreeRTOS/Source/tasks.c.obj
 .text.prvAddNewTaskToReadyList
                0x0800711c       0xac CMakeFiles/templa.elf.dir/Middlewares/Third_Party/FreeRTOS/Source/tasks.c.obj
 .text.prvDeleteTCB
                0x080071c8       0x40 CMakeFiles/templa.elf.dir/Middlewares/Third_Party/FreeRTOS/Source/tasks.c.obj
 .text.prvCheckTasksWaitingTermination
                0x08007208       0x4c CMakeFiles/templa.elf.dir/Middlewares/Third_Party/FreeRTOS/Source/tasks.c.obj
 .text.prvIdleTask
                0x08007254       0x28 CMakeFiles/templa.elf.dir/Middlewares/Third_Party/FreeRTOS/Source/tasks.c.obj
 .text.prvAddCurrentTaskToDelayedList
                0x0800727c       0x7c CMakeFiles/templa.elf.dir/Middlewares/Third_Party/FreeRTOS/Source/tasks.c.obj
 .text.xTaskCreateStatic
                0x080072f8       0x78 CMakeFiles/templa.elf.dir/Middlewares/Third_Party/FreeRTOS/Source/tasks.c.obj
                0x080072f8                xTaskCreateStatic
 .text.xTaskCreate
                0x08007370       0x6a CMakeFiles/templa.elf.dir/Middlewares/Third_Party/FreeRTOS/Source/tasks.c.obj
                0x08007370                xTaskCreate
 *fill*         0x080073da        0x2 
 .text.vTaskStartScheduler
                0x080073dc       0xac CMakeFiles/templa.elf.dir/Middlewares/Third_Party/FreeRTOS/Source/tasks.c.obj
                0x080073dc                vTaskStartScheduler
 .text.vTaskSuspendAll
                0x08007488       0x10 CMakeFiles/templa.elf.dir/Middlewares/Third_Party/FreeRTOS/Source/tasks.c.obj
                0x08007488                vTaskSuspendAll
 .text.xTaskGetTickCount
                0x08007498        0xc CMakeFiles/templa.elf.dir/Middlewares/Third_Party/FreeRTOS/Source/tasks.c.obj
                0x08007498                xTaskGetTickCount
 .text.xTaskIncrementTick
                0x080074a4      0x118 CMakeFiles/templa.elf.dir/Middlewares/Third_Party/FreeRTOS/Source/tasks.c.obj
                0x080074a4                xTaskIncrementTick
 .text.xTaskResumeAll
                0x080075bc       0xf8 CMakeFiles/templa.elf.dir/Middlewares/Third_Party/FreeRTOS/Source/tasks.c.obj
                0x080075bc                xTaskResumeAll
 .text.vTaskDelay
                0x080076b4       0x4c CMakeFiles/templa.elf.dir/Middlewares/Third_Party/FreeRTOS/Source/tasks.c.obj
                0x080076b4                vTaskDelay
 .text.vTaskSwitchContext
                0x08007700       0xa0 CMakeFiles/templa.elf.dir/Middlewares/Third_Party/FreeRTOS/Source/tasks.c.obj
                0x08007700                vTaskSwitchContext
 .text.vTaskPlaceOnEventList
                0x080077a0       0x30 CMakeFiles/templa.elf.dir/Middlewares/Third_Party/FreeRTOS/Source/tasks.c.obj
                0x080077a0                vTaskPlaceOnEventList
 .text.vTaskPlaceOnUnorderedEventList
                0x080077d0       0x58 CMakeFiles/templa.elf.dir/Middlewares/Third_Party/FreeRTOS/Source/tasks.c.obj
                0x080077d0                vTaskPlaceOnUnorderedEventList
 .text.vTaskPlaceOnEventListRestricted
                0x08007828       0x38 CMakeFiles/templa.elf.dir/Middlewares/Third_Party/FreeRTOS/Source/tasks.c.obj
                0x08007828                vTaskPlaceOnEventListRestricted
 .text.xTaskRemoveFromEventList
                0x08007860       0x8c CMakeFiles/templa.elf.dir/Middlewares/Third_Party/FreeRTOS/Source/tasks.c.obj
                0x08007860                xTaskRemoveFromEventList
 .text.vTaskRemoveFromUnorderedEventList
                0x080078ec       0x88 CMakeFiles/templa.elf.dir/Middlewares/Third_Party/FreeRTOS/Source/tasks.c.obj
                0x080078ec                vTaskRemoveFromUnorderedEventList
 .text.vTaskInternalSetTimeOutState
                0x08007974       0x18 CMakeFiles/templa.elf.dir/Middlewares/Third_Party/FreeRTOS/Source/tasks.c.obj
                0x08007974                vTaskInternalSetTimeOutState
 .text.xTaskCheckForTimeOut
                0x0800798c       0x84 CMakeFiles/templa.elf.dir/Middlewares/Third_Party/FreeRTOS/Source/tasks.c.obj
                0x0800798c                xTaskCheckForTimeOut
 .text.vTaskMissedYield
                0x08007a10        0xc CMakeFiles/templa.elf.dir/Middlewares/Third_Party/FreeRTOS/Source/tasks.c.obj
                0x08007a10                vTaskMissedYield
 .text.xTaskGetSchedulerState
                0x08007a1c       0x20 CMakeFiles/templa.elf.dir/Middlewares/Third_Party/FreeRTOS/Source/tasks.c.obj
                0x08007a1c                xTaskGetSchedulerState
 .text.xTaskPriorityInherit
                0x08007a3c       0x98 CMakeFiles/templa.elf.dir/Middlewares/Third_Party/FreeRTOS/Source/tasks.c.obj
                0x08007a3c                xTaskPriorityInherit
 .text.xTaskPriorityDisinherit
                0x08007ad4       0x90 CMakeFiles/templa.elf.dir/Middlewares/Third_Party/FreeRTOS/Source/tasks.c.obj
                0x08007ad4                xTaskPriorityDisinherit
 .text.vTaskPriorityDisinheritAfterTimeout
                0x08007b64       0xa0 CMakeFiles/templa.elf.dir/Middlewares/Third_Party/FreeRTOS/Source/tasks.c.obj
                0x08007b64                vTaskPriorityDisinheritAfterTimeout
 .text.uxTaskResetEventItemValue
                0x08007c04       0x18 CMakeFiles/templa.elf.dir/Middlewares/Third_Party/FreeRTOS/Source/tasks.c.obj
                0x08007c04                uxTaskResetEventItemValue
 .text.pvTaskIncrementMutexHeldCount
                0x08007c1c       0x1c CMakeFiles/templa.elf.dir/Middlewares/Third_Party/FreeRTOS/Source/tasks.c.obj
                0x08007c1c                pvTaskIncrementMutexHeldCount
 .text.prvGetNextExpireTime
                0x08007c38       0x20 CMakeFiles/templa.elf.dir/Middlewares/Third_Party/FreeRTOS/Source/timers.c.obj
 .text.prvInsertTimerInActiveList
                0x08007c58       0x48 CMakeFiles/templa.elf.dir/Middlewares/Third_Party/FreeRTOS/Source/timers.c.obj
 .text.prvCheckForValidListAndQueue
                0x08007ca0       0x70 CMakeFiles/templa.elf.dir/Middlewares/Third_Party/FreeRTOS/Source/timers.c.obj
 .text.xTimerCreateTimerTask
                0x08007d10       0x64 CMakeFiles/templa.elf.dir/Middlewares/Third_Party/FreeRTOS/Source/timers.c.obj
                0x08007d10                xTimerCreateTimerTask
 .text.xTimerGenericCommand
                0x08007d74       0x6c CMakeFiles/templa.elf.dir/Middlewares/Third_Party/FreeRTOS/Source/timers.c.obj
                0x08007d74                xTimerGenericCommand
 .text.prvSwitchTimerLists
                0x08007de0       0x78 CMakeFiles/templa.elf.dir/Middlewares/Third_Party/FreeRTOS/Source/timers.c.obj
 .text.prvSampleTimeNow
                0x08007e58       0x2c CMakeFiles/templa.elf.dir/Middlewares/Third_Party/FreeRTOS/Source/timers.c.obj
 .text.prvProcessExpiredTimer
                0x08007e84       0x60 CMakeFiles/templa.elf.dir/Middlewares/Third_Party/FreeRTOS/Source/timers.c.obj
 .text.prvProcessTimerOrBlockTask
                0x08007ee4       0x74 CMakeFiles/templa.elf.dir/Middlewares/Third_Party/FreeRTOS/Source/timers.c.obj
 .text.prvProcessReceivedCommands
                0x08007f58       0xf8 CMakeFiles/templa.elf.dir/Middlewares/Third_Party/FreeRTOS/Source/timers.c.obj
 .text.prvTimerTask
                0x08008050       0x16 CMakeFiles/templa.elf.dir/Middlewares/Third_Party/FreeRTOS/Source/timers.c.obj
 *fill*         0x08008066        0x2 
 .text.__errno  0x08008068        0xc c:/gcc-arm-none-eabi-10.3-2021.10/bin/../lib/gcc/arm-none-eabi/10.3.1/../../../../arm-none-eabi/lib/thumb/v7-m/nofp\libg.a(lib_a-errno.o)
                0x08008068                __errno
 .text.__libc_init_array
                0x08008074       0x48 c:/gcc-arm-none-eabi-10.3-2021.10/bin/../lib/gcc/arm-none-eabi/10.3.1/../../../../arm-none-eabi/lib/thumb/v7-m/nofp\libg.a(lib_a-init.o)
                0x08008074                __libc_init_array
 .text.memcmp   0x080080bc       0x68 c:/gcc-arm-none-eabi-10.3-2021.10/bin/../lib/gcc/arm-none-eabi/10.3.1/../../../../arm-none-eabi/lib/thumb/v7-m/nofp\libg.a(lib_a-memcmp.o)
                0x080080bc                memcmp
 .text.memset   0x08008124       0xa4 c:/gcc-arm-none-eabi-10.3-2021.10/bin/../lib/gcc/arm-none-eabi/10.3.1/../../../../arm-none-eabi/lib/thumb/v7-m/nofp\libg.a(lib_a-memset.o)
                0x08008124                memset
 .text.cleanup_glue
                0x080081c8       0x48 c:/gcc-arm-none-eabi-10.3-2021.10/bin/../lib/gcc/arm-none-eabi/10.3.1/../../../../arm-none-eabi/lib/thumb/v7-m/nofp\libg.a(lib_a-reent.o)
                0x080081c8                cleanup_glue
 .text._reclaim_reent
                0x08008210       0x90 c:/gcc-arm-none-eabi-10.3-2021.10/bin/../lib/gcc/arm-none-eabi/10.3.1/../../../../arm-none-eabi/lib/thumb/v7-m/nofp\libg.a(lib_a-reent.o)
                0x08008210                _reclaim_reent
 .text._malloc_trim_r
                0x080082a0       0xa0 c:/gcc-arm-none-eabi-10.3-2021.10/bin/../lib/gcc/arm-none-eabi/10.3.1/../../../../arm-none-eabi/lib/thumb/v7-m/nofp\libg.a(lib_a-freer.o)
                0x080082a0                _malloc_trim_r
 .text._free_r  0x08008340      0x200 c:/gcc-arm-none-eabi-10.3-2021.10/bin/../lib/gcc/arm-none-eabi/10.3.1/../../../../arm-none-eabi/lib/thumb/v7-m/nofp\libg.a(lib_a-freer.o)
                0x08008340                _free_r
 .text.__retarget_lock_acquire_recursive
                0x08008540        0x4 c:/gcc-arm-none-eabi-10.3-2021.10/bin/../lib/gcc/arm-none-eabi/10.3.1/../../../../arm-none-eabi/lib/thumb/v7-m/nofp\libg.a(lib_a-lock.o)
                0x08008540                __retarget_lock_acquire_recursive
 .text.__retarget_lock_release_recursive
                0x08008544        0x4 c:/gcc-arm-none-eabi-10.3-2021.10/bin/../lib/gcc/arm-none-eabi/10.3.1/../../../../arm-none-eabi/lib/thumb/v7-m/nofp\libg.a(lib_a-lock.o)
                0x08008544                __retarget_lock_release_recursive
 .text.__malloc_lock
                0x08008548        0xc c:/gcc-arm-none-eabi-10.3-2021.10/bin/../lib/gcc/arm-none-eabi/10.3.1/../../../../arm-none-eabi/lib/thumb/v7-m/nofp\libg.a(lib_a-mlock.o)
                0x08008548                __malloc_lock
 .text.__malloc_unlock
                0x08008554        0xc c:/gcc-arm-none-eabi-10.3-2021.10/bin/../lib/gcc/arm-none-eabi/10.3.1/../../../../arm-none-eabi/lib/thumb/v7-m/nofp\libg.a(lib_a-mlock.o)
                0x08008554                __malloc_unlock
 .text._sbrk_r  0x08008560       0x24 c:/gcc-arm-none-eabi-10.3-2021.10/bin/../lib/gcc/arm-none-eabi/10.3.1/../../../../arm-none-eabi/lib/thumb/v7-m/nofp\libg.a(lib_a-sbrkr.o)
                0x08008560                _sbrk_r
 *(.glue_7)
 .glue_7        0x08008584        0x0 linker stubs
 *(.glue_7t)
 .glue_7t       0x08008584        0x0 linker stubs
 *(.eh_frame)
 *(.init)
 .init          0x08008584        0x4 c:/gcc-arm-none-eabi-10.3-2021.10/bin/../lib/gcc/arm-none-eabi/10.3.1/thumb/v7-m/nofp/crti.o
                0x08008584                _init
 .init          0x08008588        0x8 c:/gcc-arm-none-eabi-10.3-2021.10/bin/../lib/gcc/arm-none-eabi/10.3.1/thumb/v7-m/nofp/crtn.o
 *(.fini)
 .fini          0x08008590        0x4 c:/gcc-arm-none-eabi-10.3-2021.10/bin/../lib/gcc/arm-none-eabi/10.3.1/thumb/v7-m/nofp/crti.o
                0x08008590                _fini
 .fini          0x08008594        0x8 c:/gcc-arm-none-eabi-10.3-2021.10/bin/../lib/gcc/arm-none-eabi/10.3.1/thumb/v7-m/nofp/crtn.o
                0x0800859c                . = ALIGN (0x4)
                0x0800859c                _etext = .

.vfp11_veneer   0x0800859c        0x0
 .vfp11_veneer  0x0800859c        0x0 linker stubs

.v4_bx          0x0800859c        0x0
 .v4_bx         0x0800859c        0x0 linker stubs

.iplt           0x0800859c        0x0
 .iplt          0x0800859c        0x0 CMakeFiles/templa.elf.dir/Core/Src/MPU6050.c.obj

.rodata         0x0800859c     0x1440
                0x0800859c                . = ALIGN (0x4)
 *(.rodata)
 *(.rodata*)
 .rodata.OLED_F8x16
                0x0800859c      0x5f0 CMakeFiles/templa.elf.dir/Core/Src/OLED.c.obj
                0x0800859c                OLED_F8x16
 .rodata.str1.4
                0x08008b8c       0x74 CMakeFiles/templa.elf.dir/Core/Src/freertos.c.obj
 .rodata.UARST_RX_attributes
                0x08008c00       0x10 CMakeFiles/templa.elf.dir/Core/Src/freertos.c.obj
                0x08008c00                UARST_RX_attributes
 .rodata.USAR_RX_attributes
                0x08008c10       0x18 CMakeFiles/templa.elf.dir/Core/Src/freertos.c.obj
                0x08008c10                USAR_RX_attributes
 .rodata.defaultTask_attributes
                0x08008c28       0x24 CMakeFiles/templa.elf.dir/Core/Src/freertos.c.obj
                0x08008c28                defaultTask_attributes
 .rodata.myEvent01_attributes
                0x08008c4c       0x10 CMakeFiles/templa.elf.dir/Core/Src/freertos.c.obj
                0x08008c4c                myEvent01_attributes
 .rodata.myMutex01_attributes
                0x08008c5c       0x10 CMakeFiles/templa.elf.dir/Core/Src/freertos.c.obj
                0x08008c5c                myMutex01_attributes
 .rodata.myQueue01_attributes
                0x08008c6c       0x18 CMakeFiles/templa.elf.dir/Core/Src/freertos.c.obj
                0x08008c6c                myQueue01_attributes
 .rodata.myTask02_attributes
                0x08008c84       0x24 CMakeFiles/templa.elf.dir/Core/Src/freertos.c.obj
                0x08008c84                myTask02_attributes
 .rodata.myTask03_attributes
                0x08008ca8       0x24 CMakeFiles/templa.elf.dir/Core/Src/freertos.c.obj
                0x08008ca8                myTask03_attributes
 .rodata.myTask04_attributes
                0x08008ccc       0x24 CMakeFiles/templa.elf.dir/Core/Src/freertos.c.obj
                0x08008ccc                myTask04_attributes
 .rodata.myTask05_attributes
                0x08008cf0       0x24 CMakeFiles/templa.elf.dir/Core/Src/freertos.c.obj
                0x08008cf0                myTask05_attributes
 .rodata.hw     0x08008d14        0xc CMakeFiles/templa.elf.dir/Core/Src/inv_mpu.c.obj
                0x08008d14                hw
 .rodata.reg    0x08008d20       0x1e CMakeFiles/templa.elf.dir/Core/Src/inv_mpu.c.obj
                0x08008d20                reg
 *fill*         0x08008d3e        0x2 
 .rodata.test   0x08008d40       0x28 CMakeFiles/templa.elf.dir/Core/Src/inv_mpu.c.obj
                0x08008d40                test
 .rodata.dmp_set_orientation.str1.4
                0x08008d68       0x10 CMakeFiles/templa.elf.dir/Core/Src/inv_mpu_dmp_motion_driver.c.obj
 .rodata.dmp_set_fifo_rate.str1.4
                0x08008d78        0xd CMakeFiles/templa.elf.dir/Core/Src/inv_mpu_dmp_motion_driver.c.obj
 *fill*         0x08008d85        0x3 
 .rodata.dmp_enable_gyro_cal.str1.4
                0x08008d88       0x16 CMakeFiles/templa.elf.dir/Core/Src/inv_mpu_dmp_motion_driver.c.obj
 *fill*         0x08008d9e        0x2 
 .rodata.dmp_memory
                0x08008da0      0xbf6 CMakeFiles/templa.elf.dir/Core/Src/inv_mpu_dmp_motion_driver.c.obj
 *fill*         0x08009996        0x2 
 .rodata.AHBPrescTable
                0x08009998       0x10 CMakeFiles/templa.elf.dir/Core/Src/system_stm32f1xx.c.obj
                0x08009998                AHBPrescTable
 .rodata.APBPrescTable
                0x080099a8        0x8 CMakeFiles/templa.elf.dir/Core/Src/system_stm32f1xx.c.obj
                0x080099a8                APBPrescTable
 .rodata.aPLLMULFactorTable.1
                0x080099b0       0x10 CMakeFiles/templa.elf.dir/Drivers/STM32F1xx_HAL_Driver/Src/stm32f1xx_hal_rcc.c.obj
 .rodata.aPredivFactorTable.0
                0x080099c0        0x2 CMakeFiles/templa.elf.dir/Drivers/STM32F1xx_HAL_Driver/Src/stm32f1xx_hal_rcc.c.obj
 *fill*         0x080099c2        0x2 
 .rodata.vTaskStartScheduler.str1.4
                0x080099c4        0x5 CMakeFiles/templa.elf.dir/Middlewares/Third_Party/FreeRTOS/Source/tasks.c.obj
 *fill*         0x080099c9        0x3 
 .rodata.prvCheckForValidListAndQueue.str1.4
                0x080099cc        0x5 CMakeFiles/templa.elf.dir/Middlewares/Third_Party/FreeRTOS/Source/timers.c.obj
 *fill*         0x080099d1        0x3 
 .rodata.xTimerCreateTimerTask.str1.4
                0x080099d4        0x8 CMakeFiles/templa.elf.dir/Middlewares/Third_Party/FreeRTOS/Source/timers.c.obj
                0x080099dc                . = ALIGN (0x4)
                0x080099e4                _sidata = LOADADDR (.data)

.ARM.exidx      0x080099dc        0x8
 .ARM.exidx     0x080099dc        0x8 c:/gcc-arm-none-eabi-10.3-2021.10/bin/../lib/gcc/arm-none-eabi/10.3.1/thumb/v7-m/nofp\libgcc.a(_udivmoddi4.o)

.rel.dyn        0x080099e4        0x0
 .rel.iplt      0x080099e4        0x0 CMakeFiles/templa.elf.dir/Core/Src/MPU6050.c.obj

.data           0x20000000      0x888 load address 0x080099e4
                0x20000000                . = ALIGN (0x4)
                0x20000000                _sdata = .
 *(.data)
 *(.data*)
 .data.gyro_orientation
                0x20000000        0x9 CMakeFiles/templa.elf.dir/Core/Src/MPU6050.c.obj
 *fill*         0x20000009        0x3 
 .data.st       0x2000000c       0x2c CMakeFiles/templa.elf.dir/Core/Src/inv_mpu.c.obj
 .data.SystemCoreClock
                0x20000038        0x4 CMakeFiles/templa.elf.dir/Core/Src/system_stm32f1xx.c.obj
                0x20000038                SystemCoreClock
 .data.uwTickFreq
                0x2000003c        0x1 CMakeFiles/templa.elf.dir/Drivers/STM32F1xx_HAL_Driver/Src/stm32f1xx_hal.c.obj
                0x2000003c                uwTickFreq
 *fill*         0x2000003d        0x3 
 .data.uwTickPrio
                0x20000040        0x4 CMakeFiles/templa.elf.dir/Drivers/STM32F1xx_HAL_Driver/Src/stm32f1xx_hal.c.obj
                0x20000040                uwTickPrio
 .data.uxCriticalNesting
                0x20000044        0x4 CMakeFiles/templa.elf.dir/Middlewares/Third_Party/FreeRTOS/Source/portable/GCC/ARM_CM3/port.c.obj
 .data._impure_ptr
                0x20000048        0x4 c:/gcc-arm-none-eabi-10.3-2021.10/bin/../lib/gcc/arm-none-eabi/10.3.1/../../../../arm-none-eabi/lib/thumb/v7-m/nofp\libg.a(lib_a-impure.o)
                0x20000048                _impure_ptr
 *fill*         0x2000004c        0x4 
 .data.impure_data
                0x20000050      0x428 c:/gcc-arm-none-eabi-10.3-2021.10/bin/../lib/gcc/arm-none-eabi/10.3.1/../../../../arm-none-eabi/lib/thumb/v7-m/nofp\libg.a(lib_a-impure.o)
 .data.__malloc_av_
                0x20000478      0x408 c:/gcc-arm-none-eabi-10.3-2021.10/bin/../lib/gcc/arm-none-eabi/10.3.1/../../../../arm-none-eabi/lib/thumb/v7-m/nofp\libg.a(lib_a-mallocr.o)
                0x20000478                __malloc_av_
 .data.__malloc_sbrk_base
                0x20000880        0x4 c:/gcc-arm-none-eabi-10.3-2021.10/bin/../lib/gcc/arm-none-eabi/10.3.1/../../../../arm-none-eabi/lib/thumb/v7-m/nofp\libg.a(lib_a-mallocr.o)
                0x20000880                __malloc_sbrk_base
 .data.__malloc_trim_threshold
                0x20000884        0x4 c:/gcc-arm-none-eabi-10.3-2021.10/bin/../lib/gcc/arm-none-eabi/10.3.1/../../../../arm-none-eabi/lib/thumb/v7-m/nofp\libg.a(lib_a-mallocr.o)
                0x20000884                __malloc_trim_threshold
 *(.RamFunc)
 *(.RamFunc*)
                0x20000888                . = ALIGN (0x4)
                0x20000888                _edata = .

.igot.plt       0x20000888        0x0 load address 0x0800a26c
 .igot.plt      0x20000888        0x0 CMakeFiles/templa.elf.dir/Core/Src/MPU6050.c.obj
                0x20000888                . = ALIGN (0x4)

.bss            0x20000888     0x3f18 load address 0x0800a26c
                0x20000888                _sbss = .
                0x20000888                __bss_start__ = _sbss
 *(.bss)
 *(.bss*)
 .bss.Rx.1      0x20000888        0x1 CMakeFiles/templa.elf.dir/Core/Src/freertos.c.obj
 *fill*         0x20000889        0x3 
 .bss.UARST_RXHandle
                0x2000088c        0x4 CMakeFiles/templa.elf.dir/Core/Src/freertos.c.obj
                0x2000088c                UARST_RXHandle
 .bss.USAR_RXHandle
                0x20000890        0x4 CMakeFiles/templa.elf.dir/Core/Src/freertos.c.obj
                0x20000890                USAR_RXHandle
 .bss.count.2   0x20000894        0x4 CMakeFiles/templa.elf.dir/Core/Src/freertos.c.obj
 .bss.count.3   0x20000898        0x4 CMakeFiles/templa.elf.dir/Core/Src/freertos.c.obj
 .bss.count.4   0x2000089c        0x2 CMakeFiles/templa.elf.dir/Core/Src/freertos.c.obj
 *fill*         0x2000089e        0x2 
 .bss.defaultTaskHandle
                0x200008a0        0x4 CMakeFiles/templa.elf.dir/Core/Src/freertos.c.obj
                0x200008a0                defaultTaskHandle
 .bss.myEvent01Handle
                0x200008a4        0x4 CMakeFiles/templa.elf.dir/Core/Src/freertos.c.obj
                0x200008a4                myEvent01Handle
 .bss.myMutex01Handle
                0x200008a8        0x4 CMakeFiles/templa.elf.dir/Core/Src/freertos.c.obj
                0x200008a8                myMutex01Handle
 .bss.myQueue01Handle
                0x200008ac        0x4 CMakeFiles/templa.elf.dir/Core/Src/freertos.c.obj
                0x200008ac                myQueue01Handle
 .bss.myTask02Handle
                0x200008b0        0x4 CMakeFiles/templa.elf.dir/Core/Src/freertos.c.obj
                0x200008b0                myTask02Handle
 .bss.myTask03Handle
                0x200008b4        0x4 CMakeFiles/templa.elf.dir/Core/Src/freertos.c.obj
                0x200008b4                myTask03Handle
 .bss.myTask04Handle
                0x200008b8        0x4 CMakeFiles/templa.elf.dir/Core/Src/freertos.c.obj
                0x200008b8                myTask04Handle
 .bss.myTask05Handle
                0x200008bc        0x4 CMakeFiles/templa.elf.dir/Core/Src/freertos.c.obj
                0x200008bc                myTask05Handle
 .bss.uart.0    0x200008c0        0x1 CMakeFiles/templa.elf.dir/Core/Src/freertos.c.obj
 *fill*         0x200008c1        0x3 
 .bss.hi2c1     0x200008c4       0x54 CMakeFiles/templa.elf.dir/Core/Src/i2c.c.obj
                0x200008c4                hi2c1
 .bss.dmp       0x20000918       0x10 CMakeFiles/templa.elf.dir/Core/Src/inv_mpu_dmp_motion_driver.c.obj
 .bss.uart      0x20000928        0x1 CMakeFiles/templa.elf.dir/Core/Src/main.c.obj
                0x20000928                uart
 *fill*         0x20000929        0x3 
 .bss.htim4     0x2000092c       0x48 CMakeFiles/templa.elf.dir/Core/Src/stm32f1xx_hal_timebase_tim.c.obj
                0x2000092c                htim4
 .bss.__sbrk_heap_end
                0x20000974        0x4 CMakeFiles/templa.elf.dir/Core/Src/sysmem.c.obj
 .bss.huart1    0x20000978       0x48 CMakeFiles/templa.elf.dir/Core/Src/usart.c.obj
                0x20000978                huart1
 .bss.uwTick    0x200009c0        0x4 CMakeFiles/templa.elf.dir/Drivers/STM32F1xx_HAL_Driver/Src/stm32f1xx_hal.c.obj
                0x200009c0                uwTick
 .bss.Idle_Stack
                0x200009c4      0x200 CMakeFiles/templa.elf.dir/Middlewares/Third_Party/FreeRTOS/Source/CMSIS_RTOS_V2/cmsis_os2.c.obj
 *fill*         0x20000bc4        0x4 
 .bss.Idle_TCB  0x20000bc8      0x488 CMakeFiles/templa.elf.dir/Middlewares/Third_Party/FreeRTOS/Source/CMSIS_RTOS_V2/cmsis_os2.c.obj
 .bss.KernelState
                0x20001050        0x4 CMakeFiles/templa.elf.dir/Middlewares/Third_Party/FreeRTOS/Source/CMSIS_RTOS_V2/cmsis_os2.c.obj
 .bss.Timer_Stack
                0x20001054      0x400 CMakeFiles/templa.elf.dir/Middlewares/Third_Party/FreeRTOS/Source/CMSIS_RTOS_V2/cmsis_os2.c.obj
 *fill*         0x20001454        0x4 
 .bss.Timer_TCB
                0x20001458      0x488 CMakeFiles/templa.elf.dir/Middlewares/Third_Party/FreeRTOS/Source/CMSIS_RTOS_V2/cmsis_os2.c.obj
 .bss.ucMaxSysCallPriority
                0x200018e0        0x1 CMakeFiles/templa.elf.dir/Middlewares/Third_Party/FreeRTOS/Source/portable/GCC/ARM_CM3/port.c.obj
 *fill*         0x200018e1        0x3 
 .bss.ulMaxPRIGROUPValue
                0x200018e4        0x4 CMakeFiles/templa.elf.dir/Middlewares/Third_Party/FreeRTOS/Source/portable/GCC/ARM_CM3/port.c.obj
 .bss.pxEnd     0x200018e8        0x4 CMakeFiles/templa.elf.dir/Middlewares/Third_Party/FreeRTOS/Source/portable/MemMang/heap_4.c.obj
 .bss.ucHeap    0x200018ec     0x2800 CMakeFiles/templa.elf.dir/Middlewares/Third_Party/FreeRTOS/Source/portable/MemMang/heap_4.c.obj
 .bss.xBlockAllocatedBit
                0x200040ec        0x4 CMakeFiles/templa.elf.dir/Middlewares/Third_Party/FreeRTOS/Source/portable/MemMang/heap_4.c.obj
 .bss.xFreeBytesRemaining
                0x200040f0        0x4 CMakeFiles/templa.elf.dir/Middlewares/Third_Party/FreeRTOS/Source/portable/MemMang/heap_4.c.obj
 .bss.xMinimumEverFreeBytesRemaining
                0x200040f4        0x4 CMakeFiles/templa.elf.dir/Middlewares/Third_Party/FreeRTOS/Source/portable/MemMang/heap_4.c.obj
 .bss.xStart    0x200040f8        0x8 CMakeFiles/templa.elf.dir/Middlewares/Third_Party/FreeRTOS/Source/portable/MemMang/heap_4.c.obj
 .bss.xQueueRegistry
                0x20004100       0x40 CMakeFiles/templa.elf.dir/Middlewares/Third_Party/FreeRTOS/Source/queue.c.obj
                0x20004100                xQueueRegistry
 .bss.pxCurrentTCB
                0x20004140        0x4 CMakeFiles/templa.elf.dir/Middlewares/Third_Party/FreeRTOS/Source/tasks.c.obj
                0x20004140                pxCurrentTCB
 .bss.pxDelayedTaskList
                0x20004144        0x4 CMakeFiles/templa.elf.dir/Middlewares/Third_Party/FreeRTOS/Source/tasks.c.obj
 .bss.pxOverflowDelayedTaskList
                0x20004148        0x4 CMakeFiles/templa.elf.dir/Middlewares/Third_Party/FreeRTOS/Source/tasks.c.obj
 .bss.pxReadyTasksLists
                0x2000414c      0x460 CMakeFiles/templa.elf.dir/Middlewares/Third_Party/FreeRTOS/Source/tasks.c.obj
 .bss.uxCurrentNumberOfTasks
                0x200045ac        0x4 CMakeFiles/templa.elf.dir/Middlewares/Third_Party/FreeRTOS/Source/tasks.c.obj
 .bss.uxDeletedTasksWaitingCleanUp
                0x200045b0        0x4 CMakeFiles/templa.elf.dir/Middlewares/Third_Party/FreeRTOS/Source/tasks.c.obj
 .bss.uxPendedTicks
                0x200045b4        0x4 CMakeFiles/templa.elf.dir/Middlewares/Third_Party/FreeRTOS/Source/tasks.c.obj
 .bss.uxSchedulerSuspended
                0x200045b8        0x4 CMakeFiles/templa.elf.dir/Middlewares/Third_Party/FreeRTOS/Source/tasks.c.obj
 .bss.uxTaskNumber
                0x200045bc        0x4 CMakeFiles/templa.elf.dir/Middlewares/Third_Party/FreeRTOS/Source/tasks.c.obj
 .bss.uxTopReadyPriority
                0x200045c0        0x4 CMakeFiles/templa.elf.dir/Middlewares/Third_Party/FreeRTOS/Source/tasks.c.obj
 .bss.xDelayedTaskList1
                0x200045c4       0x14 CMakeFiles/templa.elf.dir/Middlewares/Third_Party/FreeRTOS/Source/tasks.c.obj
 .bss.xDelayedTaskList2
                0x200045d8       0x14 CMakeFiles/templa.elf.dir/Middlewares/Third_Party/FreeRTOS/Source/tasks.c.obj
 .bss.xIdleTaskHandle
                0x200045ec        0x4 CMakeFiles/templa.elf.dir/Middlewares/Third_Party/FreeRTOS/Source/tasks.c.obj
 .bss.xNextTaskUnblockTime
                0x200045f0        0x4 CMakeFiles/templa.elf.dir/Middlewares/Third_Party/FreeRTOS/Source/tasks.c.obj
 .bss.xNumOfOverflows
                0x200045f4        0x4 CMakeFiles/templa.elf.dir/Middlewares/Third_Party/FreeRTOS/Source/tasks.c.obj
 .bss.xPendingReadyList
                0x200045f8       0x14 CMakeFiles/templa.elf.dir/Middlewares/Third_Party/FreeRTOS/Source/tasks.c.obj
 .bss.xSchedulerRunning
                0x2000460c        0x4 CMakeFiles/templa.elf.dir/Middlewares/Third_Party/FreeRTOS/Source/tasks.c.obj
 .bss.xSuspendedTaskList
                0x20004610       0x14 CMakeFiles/templa.elf.dir/Middlewares/Third_Party/FreeRTOS/Source/tasks.c.obj
 .bss.xTasksWaitingTermination
                0x20004624       0x14 CMakeFiles/templa.elf.dir/Middlewares/Third_Party/FreeRTOS/Source/tasks.c.obj
 .bss.xTickCount
                0x20004638        0x4 CMakeFiles/templa.elf.dir/Middlewares/Third_Party/FreeRTOS/Source/tasks.c.obj
 .bss.xYieldPending
                0x2000463c        0x4 CMakeFiles/templa.elf.dir/Middlewares/Third_Party/FreeRTOS/Source/tasks.c.obj
 .bss.pxCurrentTimerList
                0x20004640        0x4 CMakeFiles/templa.elf.dir/Middlewares/Third_Party/FreeRTOS/Source/timers.c.obj
 .bss.pxOverflowTimerList
                0x20004644        0x4 CMakeFiles/templa.elf.dir/Middlewares/Third_Party/FreeRTOS/Source/timers.c.obj
 .bss.ucStaticTimerQueueStorage.1
                0x20004648       0xa0 CMakeFiles/templa.elf.dir/Middlewares/Third_Party/FreeRTOS/Source/timers.c.obj
 .bss.xActiveTimerList1
                0x200046e8       0x14 CMakeFiles/templa.elf.dir/Middlewares/Third_Party/FreeRTOS/Source/timers.c.obj
 .bss.xActiveTimerList2
                0x200046fc       0x14 CMakeFiles/templa.elf.dir/Middlewares/Third_Party/FreeRTOS/Source/timers.c.obj
 .bss.xLastTime.2
                0x20004710        0x4 CMakeFiles/templa.elf.dir/Middlewares/Third_Party/FreeRTOS/Source/timers.c.obj
 .bss.xStaticTimerQueue.0
                0x20004714       0x50 CMakeFiles/templa.elf.dir/Middlewares/Third_Party/FreeRTOS/Source/timers.c.obj
 .bss.xTimerQueue
                0x20004764        0x4 CMakeFiles/templa.elf.dir/Middlewares/Third_Party/FreeRTOS/Source/timers.c.obj
 .bss.xTimerTaskHandle
                0x20004768        0x4 CMakeFiles/templa.elf.dir/Middlewares/Third_Party/FreeRTOS/Source/timers.c.obj
 .bss.errno     0x2000476c        0x4 c:/gcc-arm-none-eabi-10.3-2021.10/bin/../lib/gcc/arm-none-eabi/10.3.1/../../../../arm-none-eabi/lib/thumb/v7-m/nofp\libg.a(lib_a-reent.o)
                0x2000476c                errno
 .bss.__lock___malloc_recursive_mutex
                0x20004770        0x1 c:/gcc-arm-none-eabi-10.3-2021.10/bin/../lib/gcc/arm-none-eabi/10.3.1/../../../../arm-none-eabi/lib/thumb/v7-m/nofp\libg.a(lib_a-lock.o)
                0x20004770                __lock___malloc_recursive_mutex
 *fill*         0x20004771        0x3 
 .bss.__malloc_current_mallinfo
                0x20004774       0x28 c:/gcc-arm-none-eabi-10.3-2021.10/bin/../lib/gcc/arm-none-eabi/10.3.1/../../../../arm-none-eabi/lib/thumb/v7-m/nofp\libg.a(lib_a-mallocr.o)
                0x20004774                __malloc_current_mallinfo
 .bss.__malloc_top_pad
                0x2000479c        0x4 c:/gcc-arm-none-eabi-10.3-2021.10/bin/../lib/gcc/arm-none-eabi/10.3.1/../../../../arm-none-eabi/lib/thumb/v7-m/nofp\libg.a(lib_a-mallocr.o)
                0x2000479c                __malloc_top_pad
 *(COMMON)
                0x200047a0                . = ALIGN (0x4)
                0x200047a0                _ebss = .
                0x200047a0                __bss_end__ = _ebss

._user_heap_stack
                0x200047a0      0x600 load address 0x0800a26c
                0x200047a0                . = ALIGN (0x8)
                [!provide]                PROVIDE (end = .)
                0x200047a0                PROVIDE (_end = .)
                0x200049a0                . = (. + _Min_Heap_Size)
 *fill*         0x200047a0      0x200 
                0x20004da0                . = (. + _Min_Stack_Size)
 *fill*         0x200049a0      0x400 
                0x20004da0                . = ALIGN (0x8)

/DISCARD/
 libc.a(*)
 libm.a(*)
 libgcc.a(*)

.ARM.attributes
                0x00000000       0x29
 *(.ARM.attributes)
 .ARM.attributes
                0x00000000       0x1d c:/gcc-arm-none-eabi-10.3-2021.10/bin/../lib/gcc/arm-none-eabi/10.3.1/thumb/v7-m/nofp/crti.o
 .ARM.attributes
                0x0000001d       0x2d CMakeFiles/templa.elf.dir/Core/Src/MPU6050.c.obj
 .ARM.attributes
                0x0000004a       0x2d CMakeFiles/templa.elf.dir/Core/Src/OLED.c.obj
 .ARM.attributes
                0x00000077       0x2d CMakeFiles/templa.elf.dir/Core/Src/freertos.c.obj
 .ARM.attributes
                0x000000a4       0x2d CMakeFiles/templa.elf.dir/Core/Src/gpio.c.obj
 .ARM.attributes
                0x000000d1       0x2d CMakeFiles/templa.elf.dir/Core/Src/i2c.c.obj
 .ARM.attributes
                0x000000fe       0x2d CMakeFiles/templa.elf.dir/Core/Src/inv_mpu.c.obj
 .ARM.attributes
                0x0000012b       0x2d CMakeFiles/templa.elf.dir/Core/Src/inv_mpu_dmp_motion_driver.c.obj
 .ARM.attributes
                0x00000158       0x2d CMakeFiles/templa.elf.dir/Core/Src/main.c.obj
 .ARM.attributes
                0x00000185       0x2d CMakeFiles/templa.elf.dir/Core/Src/stm32f1xx_hal_msp.c.obj
 .ARM.attributes
                0x000001b2       0x2d CMakeFiles/templa.elf.dir/Core/Src/stm32f1xx_hal_timebase_tim.c.obj
 .ARM.attributes
                0x000001df       0x2d CMakeFiles/templa.elf.dir/Core/Src/stm32f1xx_it.c.obj
 .ARM.attributes
                0x0000020c       0x2d CMakeFiles/templa.elf.dir/Core/Src/sysmem.c.obj
 .ARM.attributes
                0x00000239       0x2d CMakeFiles/templa.elf.dir/Core/Src/system_stm32f1xx.c.obj
 .ARM.attributes
                0x00000266       0x2d CMakeFiles/templa.elf.dir/Core/Src/usart.c.obj
 .ARM.attributes
                0x00000293       0x21 CMakeFiles/templa.elf.dir/Core/Startup/startup_stm32f103c8tx.s.obj
 .ARM.attributes
                0x000002b4       0x2d CMakeFiles/templa.elf.dir/Drivers/STM32F1xx_HAL_Driver/Src/stm32f1xx_hal.c.obj
 .ARM.attributes
                0x000002e1       0x2d CMakeFiles/templa.elf.dir/Drivers/STM32F1xx_HAL_Driver/Src/stm32f1xx_hal_cortex.c.obj
 .ARM.attributes
                0x0000030e       0x2d CMakeFiles/templa.elf.dir/Drivers/STM32F1xx_HAL_Driver/Src/stm32f1xx_hal_dma.c.obj
 .ARM.attributes
                0x0000033b       0x2d CMakeFiles/templa.elf.dir/Drivers/STM32F1xx_HAL_Driver/Src/stm32f1xx_hal_gpio.c.obj
 .ARM.attributes
                0x00000368       0x2d CMakeFiles/templa.elf.dir/Drivers/STM32F1xx_HAL_Driver/Src/stm32f1xx_hal_i2c.c.obj
 .ARM.attributes
                0x00000395       0x2d CMakeFiles/templa.elf.dir/Drivers/STM32F1xx_HAL_Driver/Src/stm32f1xx_hal_rcc.c.obj
 .ARM.attributes
                0x000003c2       0x2d CMakeFiles/templa.elf.dir/Drivers/STM32F1xx_HAL_Driver/Src/stm32f1xx_hal_tim.c.obj
 .ARM.attributes
                0x000003ef       0x2d CMakeFiles/templa.elf.dir/Drivers/STM32F1xx_HAL_Driver/Src/stm32f1xx_hal_tim_ex.c.obj
 .ARM.attributes
                0x0000041c       0x2d CMakeFiles/templa.elf.dir/Drivers/STM32F1xx_HAL_Driver/Src/stm32f1xx_hal_uart.c.obj
 .ARM.attributes
                0x00000449       0x2d CMakeFiles/templa.elf.dir/Middlewares/Third_Party/FreeRTOS/Source/CMSIS_RTOS_V2/cmsis_os2.c.obj
 .ARM.attributes
                0x00000476       0x2d CMakeFiles/templa.elf.dir/Middlewares/Third_Party/FreeRTOS/Source/event_groups.c.obj
 .ARM.attributes
                0x000004a3       0x2d CMakeFiles/templa.elf.dir/Middlewares/Third_Party/FreeRTOS/Source/list.c.obj
 .ARM.attributes
                0x000004d0       0x2d CMakeFiles/templa.elf.dir/Middlewares/Third_Party/FreeRTOS/Source/portable/GCC/ARM_CM3/port.c.obj
 .ARM.attributes
                0x000004fd       0x2d CMakeFiles/templa.elf.dir/Middlewares/Third_Party/FreeRTOS/Source/portable/MemMang/heap_4.c.obj
 .ARM.attributes
                0x0000052a       0x2d CMakeFiles/templa.elf.dir/Middlewares/Third_Party/FreeRTOS/Source/queue.c.obj
 .ARM.attributes
                0x00000557       0x2d CMakeFiles/templa.elf.dir/Middlewares/Third_Party/FreeRTOS/Source/tasks.c.obj
 .ARM.attributes
                0x00000584       0x2d CMakeFiles/templa.elf.dir/Middlewares/Third_Party/FreeRTOS/Source/timers.c.obj
 .ARM.attributes
                0x000005b1       0x1d c:/gcc-arm-none-eabi-10.3-2021.10/bin/../lib/gcc/arm-none-eabi/10.3.1/thumb/v7-m/nofp\libgcc.a(_arm_addsubsf3.o)
 .ARM.attributes
                0x000005ce       0x1d c:/gcc-arm-none-eabi-10.3-2021.10/bin/../lib/gcc/arm-none-eabi/10.3.1/thumb/v7-m/nofp\libgcc.a(_arm_muldivsf3.o)
 .ARM.attributes
                0x000005eb       0x1d c:/gcc-arm-none-eabi-10.3-2021.10/bin/../lib/gcc/arm-none-eabi/10.3.1/thumb/v7-m/nofp\libgcc.a(_arm_cmpsf2.o)
 .ARM.attributes
                0x00000608       0x1d c:/gcc-arm-none-eabi-10.3-2021.10/bin/../lib/gcc/arm-none-eabi/10.3.1/thumb/v7-m/nofp\libgcc.a(_arm_fixsfsi.o)
 .ARM.attributes
                0x00000625       0x1d c:/gcc-arm-none-eabi-10.3-2021.10/bin/../lib/gcc/arm-none-eabi/10.3.1/thumb/v7-m/nofp\libgcc.a(_arm_fixunssfsi.o)
 .ARM.attributes
                0x00000642       0x1d c:/gcc-arm-none-eabi-10.3-2021.10/bin/../lib/gcc/arm-none-eabi/10.3.1/thumb/v7-m/nofp\libgcc.a(_aeabi_ldivmod.o)
 .ARM.attributes
                0x0000065f       0x2d c:/gcc-arm-none-eabi-10.3-2021.10/bin/../lib/gcc/arm-none-eabi/10.3.1/thumb/v7-m/nofp\libgcc.a(_udivmoddi4.o)
 .ARM.attributes
                0x0000068c       0x1d c:/gcc-arm-none-eabi-10.3-2021.10/bin/../lib/gcc/arm-none-eabi/10.3.1/thumb/v7-m/nofp\libgcc.a(_dvmd_tls.o)
 .ARM.attributes
                0x000006a9       0x2d c:/gcc-arm-none-eabi-10.3-2021.10/bin/../lib/gcc/arm-none-eabi/10.3.1/../../../../arm-none-eabi/lib/thumb/v7-m/nofp\libg.a(lib_a-errno.o)
 .ARM.attributes
                0x000006d6       0x2d c:/gcc-arm-none-eabi-10.3-2021.10/bin/../lib/gcc/arm-none-eabi/10.3.1/../../../../arm-none-eabi/lib/thumb/v7-m/nofp\libg.a(lib_a-impure.o)
 .ARM.attributes
                0x00000703       0x2d c:/gcc-arm-none-eabi-10.3-2021.10/bin/../lib/gcc/arm-none-eabi/10.3.1/../../../../arm-none-eabi/lib/thumb/v7-m/nofp\libg.a(lib_a-init.o)
 .ARM.attributes
                0x00000730       0x2d c:/gcc-arm-none-eabi-10.3-2021.10/bin/../lib/gcc/arm-none-eabi/10.3.1/../../../../arm-none-eabi/lib/thumb/v7-m/nofp\libg.a(lib_a-memcmp.o)
 .ARM.attributes
                0x0000075d       0x1b c:/gcc-arm-none-eabi-10.3-2021.10/bin/../lib/gcc/arm-none-eabi/10.3.1/../../../../arm-none-eabi/lib/thumb/v7-m/nofp\libg.a(lib_a-memcpy.o)
 .ARM.attributes
                0x00000778       0x2d c:/gcc-arm-none-eabi-10.3-2021.10/bin/../lib/gcc/arm-none-eabi/10.3.1/../../../../arm-none-eabi/lib/thumb/v7-m/nofp\libg.a(lib_a-memset.o)
 .ARM.attributes
                0x000007a5       0x2d c:/gcc-arm-none-eabi-10.3-2021.10/bin/../lib/gcc/arm-none-eabi/10.3.1/../../../../arm-none-eabi/lib/thumb/v7-m/nofp\libg.a(lib_a-reent.o)
 .ARM.attributes
                0x000007d2       0x2d c:/gcc-arm-none-eabi-10.3-2021.10/bin/../lib/gcc/arm-none-eabi/10.3.1/../../../../arm-none-eabi/lib/thumb/v7-m/nofp\libg.a(lib_a-freer.o)
 .ARM.attributes
                0x000007ff       0x2d c:/gcc-arm-none-eabi-10.3-2021.10/bin/../lib/gcc/arm-none-eabi/10.3.1/../../../../arm-none-eabi/lib/thumb/v7-m/nofp\libg.a(lib_a-lock.o)
 .ARM.attributes
                0x0000082c       0x2d c:/gcc-arm-none-eabi-10.3-2021.10/bin/../lib/gcc/arm-none-eabi/10.3.1/../../../../arm-none-eabi/lib/thumb/v7-m/nofp\libg.a(lib_a-mallocr.o)
 .ARM.attributes
                0x00000859       0x2d c:/gcc-arm-none-eabi-10.3-2021.10/bin/../lib/gcc/arm-none-eabi/10.3.1/../../../../arm-none-eabi/lib/thumb/v7-m/nofp\libg.a(lib_a-mlock.o)
 .ARM.attributes
                0x00000886       0x2d c:/gcc-arm-none-eabi-10.3-2021.10/bin/../lib/gcc/arm-none-eabi/10.3.1/../../../../arm-none-eabi/lib/thumb/v7-m/nofp\libg.a(lib_a-sbrkr.o)
 .ARM.attributes
                0x000008b3       0x1d c:/gcc-arm-none-eabi-10.3-2021.10/bin/../lib/gcc/arm-none-eabi/10.3.1/thumb/v7-m/nofp/crtn.o
OUTPUT(templa.elf elf32-littlearm)
LOAD linker stubs
LOAD c:/gcc-arm-none-eabi-10.3-2021.10/bin/../lib/gcc/arm-none-eabi/10.3.1/../../../../arm-none-eabi/lib/thumb/v7-m/nofp\libc.a
LOAD c:/gcc-arm-none-eabi-10.3-2021.10/bin/../lib/gcc/arm-none-eabi/10.3.1/../../../../arm-none-eabi/lib/thumb/v7-m/nofp\libm.a
LOAD c:/gcc-arm-none-eabi-10.3-2021.10/bin/../lib/gcc/arm-none-eabi/10.3.1/thumb/v7-m/nofp\libgcc.a

.debug_info     0x00000000    0x29b5c
 .debug_info    0x00000000      0x7ce CMakeFiles/templa.elf.dir/Core/Src/MPU6050.c.obj
 .debug_info    0x000007ce      0xc8b CMakeFiles/templa.elf.dir/Core/Src/OLED.c.obj
 .debug_info    0x00001459     0x11c7 CMakeFiles/templa.elf.dir/Core/Src/freertos.c.obj
 .debug_info    0x00002620      0x368 CMakeFiles/templa.elf.dir/Core/Src/gpio.c.obj
 .debug_info    0x00002988      0x8a4 CMakeFiles/templa.elf.dir/Core/Src/i2c.c.obj
 .debug_info    0x0000322c     0x2f37 CMakeFiles/templa.elf.dir/Core/Src/inv_mpu.c.obj
 .debug_info    0x00006163     0x137c CMakeFiles/templa.elf.dir/Core/Src/inv_mpu_dmp_motion_driver.c.obj
 .debug_info    0x000074df      0xc4a CMakeFiles/templa.elf.dir/Core/Src/main.c.obj
 .debug_info    0x00008129      0x387 CMakeFiles/templa.elf.dir/Core/Src/stm32f1xx_hal_msp.c.obj
 .debug_info    0x000084b0      0xa4e CMakeFiles/templa.elf.dir/Core/Src/stm32f1xx_hal_timebase_tim.c.obj
 .debug_info    0x00008efe      0x978 CMakeFiles/templa.elf.dir/Core/Src/stm32f1xx_it.c.obj
 .debug_info    0x00009876      0x174 CMakeFiles/templa.elf.dir/Core/Src/sysmem.c.obj
 .debug_info    0x000099ea      0x248 CMakeFiles/templa.elf.dir/Core/Src/system_stm32f1xx.c.obj
 .debug_info    0x00009c32      0xa71 CMakeFiles/templa.elf.dir/Core/Src/usart.c.obj
 .debug_info    0x0000a6a3       0x22 CMakeFiles/templa.elf.dir/Core/Startup/startup_stm32f103c8tx.s.obj
 .debug_info    0x0000a6c5      0x7a8 CMakeFiles/templa.elf.dir/Drivers/STM32F1xx_HAL_Driver/Src/stm32f1xx_hal.c.obj
 .debug_info    0x0000ae6d      0xd8a CMakeFiles/templa.elf.dir/Drivers/STM32F1xx_HAL_Driver/Src/stm32f1xx_hal_cortex.c.obj
 .debug_info    0x0000bbf7      0x84b CMakeFiles/templa.elf.dir/Drivers/STM32F1xx_HAL_Driver/Src/stm32f1xx_hal_dma.c.obj
 .debug_info    0x0000c442      0x66f CMakeFiles/templa.elf.dir/Drivers/STM32F1xx_HAL_Driver/Src/stm32f1xx_hal_gpio.c.obj
 .debug_info    0x0000cab1     0x3ab6 CMakeFiles/templa.elf.dir/Drivers/STM32F1xx_HAL_Driver/Src/stm32f1xx_hal_i2c.c.obj
 .debug_info    0x00010567      0xa3b CMakeFiles/templa.elf.dir/Drivers/STM32F1xx_HAL_Driver/Src/stm32f1xx_hal_rcc.c.obj
 .debug_info    0x00010fa2     0x3d52 CMakeFiles/templa.elf.dir/Drivers/STM32F1xx_HAL_Driver/Src/stm32f1xx_hal_tim.c.obj
 .debug_info    0x00014cf4     0x1abb CMakeFiles/templa.elf.dir/Drivers/STM32F1xx_HAL_Driver/Src/stm32f1xx_hal_tim_ex.c.obj
 .debug_info    0x000167af     0x4212 CMakeFiles/templa.elf.dir/Drivers/STM32F1xx_HAL_Driver/Src/stm32f1xx_hal_uart.c.obj
 .debug_info    0x0001a9c1     0x539a CMakeFiles/templa.elf.dir/Middlewares/Third_Party/FreeRTOS/Source/CMSIS_RTOS_V2/cmsis_os2.c.obj
 .debug_info    0x0001fd5b      0xf63 CMakeFiles/templa.elf.dir/Middlewares/Third_Party/FreeRTOS/Source/event_groups.c.obj
 .debug_info    0x00020cbe      0x2da CMakeFiles/templa.elf.dir/Middlewares/Third_Party/FreeRTOS/Source/list.c.obj
 .debug_info    0x00020f98      0x52b CMakeFiles/templa.elf.dir/Middlewares/Third_Party/FreeRTOS/Source/portable/GCC/ARM_CM3/port.c.obj
 .debug_info    0x000214c3      0x471 CMakeFiles/templa.elf.dir/Middlewares/Third_Party/FreeRTOS/Source/portable/MemMang/heap_4.c.obj
 .debug_info    0x00021934     0x2733 CMakeFiles/templa.elf.dir/Middlewares/Third_Party/FreeRTOS/Source/queue.c.obj
 .debug_info    0x00024067     0x390b CMakeFiles/templa.elf.dir/Middlewares/Third_Party/FreeRTOS/Source/tasks.c.obj
 .debug_info    0x00027972     0x21ea CMakeFiles/templa.elf.dir/Middlewares/Third_Party/FreeRTOS/Source/timers.c.obj

.debug_abbrev   0x00000000     0x4601
 .debug_abbrev  0x00000000      0x15f CMakeFiles/templa.elf.dir/Core/Src/MPU6050.c.obj
 .debug_abbrev  0x0000015f      0x1c5 CMakeFiles/templa.elf.dir/Core/Src/OLED.c.obj
 .debug_abbrev  0x00000324      0x24b CMakeFiles/templa.elf.dir/Core/Src/freertos.c.obj
 .debug_abbrev  0x0000056f      0x13c CMakeFiles/templa.elf.dir/Core/Src/gpio.c.obj
 .debug_abbrev  0x000006ab      0x1c1 CMakeFiles/templa.elf.dir/Core/Src/i2c.c.obj
 .debug_abbrev  0x0000086c      0x2d8 CMakeFiles/templa.elf.dir/Core/Src/inv_mpu.c.obj
 .debug_abbrev  0x00000b44      0x1d2 CMakeFiles/templa.elf.dir/Core/Src/inv_mpu_dmp_motion_driver.c.obj
 .debug_abbrev  0x00000d16      0x231 CMakeFiles/templa.elf.dir/Core/Src/main.c.obj
 .debug_abbrev  0x00000f47      0x12d CMakeFiles/templa.elf.dir/Core/Src/stm32f1xx_hal_msp.c.obj
 .debug_abbrev  0x00001074      0x1ff CMakeFiles/templa.elf.dir/Core/Src/stm32f1xx_hal_timebase_tim.c.obj
 .debug_abbrev  0x00001273      0x180 CMakeFiles/templa.elf.dir/Core/Src/stm32f1xx_it.c.obj
 .debug_abbrev  0x000013f3       0xe7 CMakeFiles/templa.elf.dir/Core/Src/sysmem.c.obj
 .debug_abbrev  0x000014da      0x13e CMakeFiles/templa.elf.dir/Core/Src/system_stm32f1xx.c.obj
 .debug_abbrev  0x00001618      0x203 CMakeFiles/templa.elf.dir/Core/Src/usart.c.obj