Archive member included to satisfy reference by file (symbol)

c:/gcc-arm-none-eabi-10.3-2021.10/bin/../lib/gcc/arm-none-eabi/10.3.1/thumb/v7-m/nofp\libgcc.a(_arm_muldf3.o)
                              CMakeFiles/templa.elf.dir/Core/Src/MPU6050.c.obj (__aeabi_dmul)
c:/gcc-arm-none-eabi-10.3-2021.10/bin/../lib/gcc/arm-none-eabi/10.3.1/thumb/v7-m/nofp\libgcc.a(_arm_mulsf3.o)
                              CMakeFiles/templa.elf.dir/Core/Src/MPU6050.c.obj (__aeabi_fmul)
c:/gcc-arm-none-eabi-10.3-2021.10/bin/../lib/gcc/arm-none-eabi/10.3.1/thumb/v7-m/nofp\libgcc.a(_arm_addsubdf3.o)
                              CMakeFiles/templa.elf.dir/Core/Src/MPU6050.c.obj (__aeabi_f2d)
c:/gcc-arm-none-eabi-10.3-2021.10/bin/../lib/gcc/arm-none-eabi/10.3.1/thumb/v7-m/nofp\libgcc.a(_arm_truncdfsf2.o)
                              CMakeFiles/templa.elf.dir/Core/Src/MPU6050.c.obj (__aeabi_d2f)
c:/gcc-arm-none-eabi-10.3-2021.10/bin/../lib/gcc/arm-none-eabi/10.3.1/thumb/v7-m/nofp\libgcc.a(_arm_addsubsf3.o)
                              CMakeFiles/templa.elf.dir/Core/Src/MPU6050.c.obj (__aeabi_fsub)
c:/gcc-arm-none-eabi-10.3-2021.10/bin/../lib/gcc/arm-none-eabi/10.3.1/thumb/v7-m/nofp\libgcc.a(_arm_muldivsf3.o)
                              CMakeFiles/templa.elf.dir/Core/Src/inv_mpu.c.obj (__aeabi_fdiv)
c:/gcc-arm-none-eabi-10.3-2021.10/bin/../lib/gcc/arm-none-eabi/10.3.1/thumb/v7-m/nofp\libgcc.a(_arm_cmpsf2.o)
                              CMakeFiles/templa.elf.dir/Core/Src/inv_mpu.c.obj (__aeabi_fcmpeq)
c:/gcc-arm-none-eabi-10.3-2021.10/bin/../lib/gcc/arm-none-eabi/10.3.1/thumb/v7-m/nofp\libgcc.a(_arm_fixsfsi.o)
                              CMakeFiles/templa.elf.dir/Core/Src/MPU6050.c.obj (__aeabi_f2iz)
c:/gcc-arm-none-eabi-10.3-2021.10/bin/../lib/gcc/arm-none-eabi/10.3.1/thumb/v7-m/nofp\libgcc.a(_arm_fixunssfsi.o)
                              CMakeFiles/templa.elf.dir/Core/Src/inv_mpu_dmp_motion_driver.c.obj (__aeabi_f2uiz)
c:/gcc-arm-none-eabi-10.3-2021.10/bin/../lib/gcc/arm-none-eabi/10.3.1/thumb/v7-m/nofp\libgcc.a(_aeabi_ldivmod.o)
                              CMakeFiles/templa.elf.dir/Core/Src/inv_mpu.c.obj (__aeabi_ldivmod)
c:/gcc-arm-none-eabi-10.3-2021.10/bin/../lib/gcc/arm-none-eabi/10.3.1/thumb/v7-m/nofp\libgcc.a(_udivmoddi4.o)
                              c:/gcc-arm-none-eabi-10.3-2021.10/bin/../lib/gcc/arm-none-eabi/10.3.1/thumb/v7-m/nofp\libgcc.a(_aeabi_ldivmod.o) (__udivmoddi4)
c:/gcc-arm-none-eabi-10.3-2021.10/bin/../lib/gcc/arm-none-eabi/10.3.1/thumb/v7-m/nofp\libgcc.a(_dvmd_tls.o)
                              c:/gcc-arm-none-eabi-10.3-2021.10/bin/../lib/gcc/arm-none-eabi/10.3.1/thumb/v7-m/nofp\libgcc.a(_aeabi_ldivmod.o) (__aeabi_ldiv0)
c:/gcc-arm-none-eabi-10.3-2021.10/bin/../lib/gcc/arm-none-eabi/10.3.1/../../../../arm-none-eabi/lib/thumb/v7-m/nofp\libc_nano.a(lib_a-errno.o)
                              CMakeFiles/templa.elf.dir/Core/Src/syscalls.c.obj (__errno)
c:/gcc-arm-none-eabi-10.3-2021.10/bin/../lib/gcc/arm-none-eabi/10.3.1/../../../../arm-none-eabi/lib/thumb/v7-m/nofp\libc_nano.a(lib_a-exit.o)
                              c:/gcc-arm-none-eabi-10.3-2021.10/bin/../lib/gcc/arm-none-eabi/10.3.1/../../../../arm-none-eabi/lib/thumb/v7-m/nofp/crt0.o (exit)
c:/gcc-arm-none-eabi-10.3-2021.10/bin/../lib/gcc/arm-none-eabi/10.3.1/../../../../arm-none-eabi/lib/thumb/v7-m/nofp\libc_nano.a(lib_a-impure.o)
                              c:/gcc-arm-none-eabi-10.3-2021.10/bin/../lib/gcc/arm-none-eabi/10.3.1/../../../../arm-none-eabi/lib/thumb/v7-m/nofp\libc_nano.a(lib_a-exit.o) (_global_impure_ptr)
c:/gcc-arm-none-eabi-10.3-2021.10/bin/../lib/gcc/arm-none-eabi/10.3.1/../../../../arm-none-eabi/lib/thumb/v7-m/nofp\libc_nano.a(lib_a-init.o)
                              c:/gcc-arm-none-eabi-10.3-2021.10/bin/../lib/gcc/arm-none-eabi/10.3.1/../../../../arm-none-eabi/lib/thumb/v7-m/nofp/crt0.o (__libc_init_array)
c:/gcc-arm-none-eabi-10.3-2021.10/bin/../lib/gcc/arm-none-eabi/10.3.1/../../../../arm-none-eabi/lib/thumb/v7-m/nofp\libc_nano.a(lib_a-memcmp.o)
                              CMakeFiles/templa.elf.dir/Core/Src/inv_mpu.c.obj (memcmp)
c:/gcc-arm-none-eabi-10.3-2021.10/bin/../lib/gcc/arm-none-eabi/10.3.1/../../../../arm-none-eabi/lib/thumb/v7-m/nofp\libc_nano.a(lib_a-memcpy-stub.o)
                              CMakeFiles/templa.elf.dir/Middlewares/Third_Party/FreeRTOS/Source/CMSIS_RTOS_V2/cmsis_os2.c.obj (memcpy)
c:/gcc-arm-none-eabi-10.3-2021.10/bin/../lib/gcc/arm-none-eabi/10.3.1/../../../../arm-none-eabi/lib/thumb/v7-m/nofp\libc_nano.a(lib_a-memset.o)
                              c:/gcc-arm-none-eabi-10.3-2021.10/bin/../lib/gcc/arm-none-eabi/10.3.1/../../../../arm-none-eabi/lib/thumb/v7-m/nofp/crt0.o (memset)
c:/gcc-arm-none-eabi-10.3-2021.10/bin/../lib/gcc/arm-none-eabi/10.3.1/../../../../arm-none-eabi/lib/thumb/v7-m/nofp\libc_nano.a(lib_a-reent.o)
                              CMakeFiles/templa.elf.dir/Middlewares/Third_Party/FreeRTOS/Source/tasks.c.obj (_reclaim_reent)
[...]
Memory Configuration

Name             Origin             Length             Attributes
RAM              0x20000000         0x00005000         xrw
FLASH            0x08000000         0x00010000         xr
*default*        0x00000000         0xffffffff

Linker script and memory map

LOAD c:/gcc-arm-none-eabi-10.3-2021.10/bin/../lib/gcc/arm-none-eabi/10.3.1/thumb/v7-m/nofp/crti.o
LOAD c:/gcc-arm-none-eabi-10.3-2021.10/bin/../lib/gcc/arm-none-eabi/10.3.1/thumb/v7-m/nofp/crtbegin.o
LOAD c:/gcc-arm-none-eabi-10.3-2021.10/bin/../lib/gcc/arm-none-eabi/10.3.1/../../../../arm-none-eabi/lib/thumb/v7-m/nofp/crt0.o
LOAD CMakeFiles/templa.elf.dir/Core/Src/LED.c.obj
LOAD CMakeFiles/templa.elf.dir/Core/Src/MPU6050.c.obj
LOAD CMakeFiles/templa.elf.dir/Core/Src/OLED.c.obj
LOAD CMakeFiles/templa.elf.dir/Core/Src/freertos.c.obj
LOAD CMakeFiles/templa.elf.dir/Core/Src/gpio.c.obj
LOAD CMakeFiles/templa.elf.dir/Core/Src/i2c.c.obj
LOAD CMakeFiles/templa.elf.dir/Core/Src/inv_mpu.c.obj
LOAD CMakeFiles/templa.elf.dir/Core/Src/inv_mpu_dmp_motion_driver.c.obj
LOAD CMakeFiles/templa.elf.dir/Core/Src/main.c.obj
LOAD CMakeFiles/templa.elf.dir/Core/Src/stm32f1xx_hal_msp.c.obj
LOAD CMakeFiles/templa.elf.dir/Core/Src/stm32f1xx_hal_timebase_tim.c.obj
LOAD CMakeFiles/templa.elf.dir/Core/Src/stm32f1xx_it.c.obj
LOAD CMakeFiles/templa.elf.dir/Core/Src/syscalls.c.obj
LOAD CMakeFiles/templa.elf.dir/Core/Src/sysmem.c.obj
LOAD CMakeFiles/templa.elf.dir/Core/Src/system_stm32f1xx.c.obj
LOAD CMakeFiles/templa.elf.dir/Core/Src/usart.c.obj
LOAD CMakeFiles/templa.elf.dir/Core/Startup/startup_stm32f103c8tx.s.obj
LOAD CMakeFiles/templa.elf.dir/Drivers/STM32F1xx_HAL_Driver/Src/stm32f1xx_hal.c.obj
LOAD CMakeFiles/templa.elf.dir/Drivers/STM32F1xx_HAL_Driver/Src/stm32f1xx_hal_cortex.c.obj
LOAD CMakeFiles/templa.elf.dir/Drivers/STM32F1xx_HAL_Driver/Src/stm32f1xx_hal_dma.c.obj
LOAD CMakeFiles/templa.elf.dir/Drivers/STM32F1xx_HAL_Driver/Src/stm32f1xx_hal_exti.c.obj
LOAD CMakeFiles/templa.elf.dir/Drivers/STM32F1xx_HAL_Driver/Src/stm32f1xx_hal_flash.c.obj
LOAD CMakeFiles/templa.elf.dir/Drivers/STM32F1xx_HAL_Driver/Src/stm32f1xx_hal_flash_ex.c.obj
LOAD CMakeFiles/templa.elf.dir/Drivers/STM32F1xx_HAL_Driver/Src/stm32f1xx_hal_gpio.c.obj
LOAD CMakeFiles/templa.elf.dir/Drivers/STM32F1xx_HAL_Driver/Src/stm32f1xx_hal_gpio_ex.c.obj
LOAD CMakeFiles/templa.elf.dir/Drivers/STM32F1xx_HAL_Driver/Src/stm32f1xx_hal_i2c.c.obj
LOAD CMakeFiles/templa.elf.dir/Drivers/STM32F1xx_HAL_Driver/Src/stm32f1xx_hal_pwr.c.obj
LOAD CMakeFiles/templa.elf.dir/Drivers/STM32F1xx_HAL_Driver/Src/stm32f1xx_hal_rcc.c.obj
LOAD CMakeFiles/templa.elf.dir/Drivers/STM32F1xx_HAL_Driver/Src/stm32f1xx_hal_rcc_ex.c.obj
LOAD CMakeFiles/templa.elf.dir/Drivers/STM32F1xx_HAL_Driver/Src/stm32f1xx_hal_tim.c.obj
LOAD CMakeFiles/templa.elf.dir/Drivers/STM32F1xx_HAL_Driver/Src/stm32f1xx_hal_tim_ex.c.obj
LOAD CMakeFiles/templa.elf.dir/Drivers/STM32F1xx_HAL_Driver/Src/stm32f1xx_hal_uart.c.obj
LOAD CMakeFiles/templa.elf.dir/Middlewares/Third_Party/FreeRTOS/Source/CMSIS_RTOS_V2/cmsis_os2.c.obj
LOAD CMakeFiles/templa.elf.dir/Middlewares/Third_Party/FreeRTOS/Source/croutine.c.obj
LOAD CMakeFiles/templa.elf.dir/Middlewares/Third_Party/FreeRTOS/Source/event_groups.c.obj
LOAD CMakeFiles/templa.elf.dir/Middlewares/Third_Party/FreeRTOS/Source/list.c.obj
LOAD CMakeFiles/templa.elf.dir/Middlewares/Third_Party/FreeRTOS/Source/portable/GCC/ARM_CM3/port.c.obj
LOAD CMakeFiles/templa.elf.dir/Middlewares/Third_Party/FreeRTOS/Source/portable/MemMang/heap_4.c.obj
LOAD CMakeFiles/templa.elf.dir/Middlewares/Third_Party/FreeRTOS/Source/queue.c.obj
LOAD CMakeFiles/templa.elf.dir/Middlewares/Third_Party/FreeRTOS/Source/stream_buffer.c.obj
LOAD CMakeFiles/templa.elf.dir/Middlewares/Third_Party/FreeRTOS/Source/tasks.c.obj
LOAD CMakeFiles/templa.elf.dir/Middlewares/Third_Party/FreeRTOS/Source/timers.c.obj
START GROUP
LOAD c:/gcc-arm-none-eabi-10.3-2021.10/bin/../lib/gcc/arm-none-eabi/10.3.1/thumb/v7-m/nofp\libgcc.a
LOAD c:/gcc-arm-none-eabi-10.3-2021.10/bin/../lib/gcc/arm-none-eabi/10.3.1/../../../../arm-none-eabi/lib/thumb/v7-m/nofp\libc_nano.a
END GROUP
START GROUP
LOAD c:/gcc-arm-none-eabi-10.3-2021.10/bin/../lib/gcc/arm-none-eabi/10.3.1/thumb/v7-m/nofp\libgcc.a
LOAD c:/gcc-arm-none-eabi-10.3-2021.10/bin/../lib/gcc/arm-none-eabi/10.3.1/../../../../arm-none-eabi/lib/thumb/v7-m/nofp\libc_nano.a
END GROUP
LOAD c:/gcc-arm-none-eabi-10.3-2021.10/bin/../lib/gcc/arm-none-eabi/10.3.1/thumb/v7-m/nofp/crtend.o
LOAD c:/gcc-arm-none-eabi-10.3-2021.10/bin/../lib/gcc/arm-none-eabi/10.3.1/thumb/v7-m/nofp/crtn.o
                0x20005000                _estack = (ORIGIN (RAM) + LENGTH (RAM))
                0x00000200                _Min_Heap_Size = 0x200
                0x00000400                _Min_Stack_Size = 0x400

.isr_vector     0x08000000      0x10c
                0x08000000                . = ALIGN (0x4)
 *(.isr_vector)
 .isr_vector    0x08000000      0x10c CMakeFiles/templa.elf.dir/Core/Startup/startup_stm32f103c8tx.s.obj
                0x08000000                g_pfnVectors
                0x0800010c                . = ALIGN (0x4)

.text           0x08000110     0x7e0c
                0x08000110                . = ALIGN (0x4)
 *(.text)
 .text          0x08000110      0x21c c:/gcc-arm-none-eabi-10.3-2021.10/bin/../lib/gcc/arm-none-eabi/10.3.1/thumb/v7-m/nofp\libgcc.a(_arm_addsubsf3.o)
                0x08000110                __aeabi_frsub
                0x08000118                __subsf3
                0x08000118                __aeabi_fsub
                0x0800011c                __aeabi_fadd
                0x0800011c                __addsf3
                0x0800027c                __aeabi_ui2f
                0x0800027c                __floatunsisf
                0x08000284                __aeabi_i2f
                0x08000284                __floatsisf
                0x080002a0                __aeabi_ul2f
                0x080002a0                __floatundisf
                0x080002b0                __aeabi_l2f
                0x080002b0                __floatdisf
 .text          0x0800032c      0x2a0 c:/gcc-arm-none-eabi-10.3-2021.10/bin/../lib/gcc/arm-none-eabi/10.3.1/thumb/v7-m/nofp\libgcc.a(_arm_muldivsf3.o)
                0x0800032c                __mulsf3
                0x0800032c                __aeabi_fmul
                0x08000494                __aeabi_fdiv
                0x08000494                __divsf3
 .text          0x080005cc       0xec c:/gcc-arm-none-eabi-10.3-2021.10/bin/../lib/gcc/arm-none-eabi/10.3.1/thumb/v7-m/nofp\libgcc.a(_arm_cmpsf2.o)
                0x080005cc                __gesf2
                0x080005cc                __gtsf2
                0x080005d4                __lesf2
                0x080005d4                __ltsf2
                0x080005dc                __nesf2
                0x080005dc                __eqsf2
                0x080005dc                __cmpsf2
                0x0800063c                __aeabi_cfrcmple
                0x08000644                __aeabi_cfcmpeq
                0x08000644                __aeabi_cfcmple
                0x08000654                __aeabi_fcmpeq
                0x08000668                __aeabi_fcmplt
                0x0800067c                __aeabi_fcmple
                0x08000690                __aeabi_fcmpge
                0x080006a4                __aeabi_fcmpgt
 .text          0x080006b8       0x4c c:/gcc-arm-none-eabi-10.3-2021.10/bin/../lib/gcc/arm-none-eabi/10.3.1/thumb/v7-m/nofp\libgcc.a(_arm_fixsfsi.o)
                0x080006b8                __aeabi_f2iz
                0x080006b8                __fixsfsi
 .text          0x08000704       0x40 c:/gcc-arm-none-eabi-10.3-2021.10/bin/../lib/gcc/arm-none-eabi/10.3.1/thumb/v7-m/nofp\libgcc.a(_arm_fixunssfsi.o)
                0x08000704                __fixunssfsi
                0x08000704                __aeabi_f2uiz
 .text          0x08000744       0xa0 c:/gcc-arm-none-eabi-10.3-2021.10/bin/../lib/gcc/arm-none-eabi/10.3.1/thumb/v7-m/nofp\libgcc.a(_aeabi_ldivmod.o)
                0x08000744                __aeabi_ldivmod
 .text          0x080007e4      0x2d4 c:/gcc-arm-none-eabi-10.3-2021.10/bin/../lib/gcc/arm-none-eabi/10.3.1/thumb/v7-m/nofp\libgcc.a(_udivmoddi4.o)
                0x080007e4                __udivmoddi4
 .text          0x08000ab8        0x4 c:/gcc-arm-none-eabi-10.3-2021.10/bin/../lib/gcc/arm-none-eabi/10.3.1/thumb/v7-m/nofp\libgcc.a(_dvmd_tls.o)
                0x08000ab8                __aeabi_idiv0
                0x08000ab8                __aeabi_ldiv0
 *(.text*)
 .text.run_self_test
                0x08000abc       0x88 CMakeFiles/templa.elf.dir/Core/Src/MPU6050.c.obj
                0x08000abc                run_self_test
 .text.inv_row_2_scale
                0x08000b44       0x3a CMakeFiles/templa.elf.dir/Core/Src/MPU6050.c.obj
                0x08000b44                inv_row_2_scale
 .text.inv_orientation_matrix_to_scalar
                0x08000b7e       0x24 CMakeFiles/templa.elf.dir/Core/Src/MPU6050.c.obj
                0x08000b7e                inv_orientation_matrix_to_scalar
 *fill*         0x08000ba2        0x2 
 .text.mpu_dmp_init
                0x08000ba4       0xa0 CMakeFiles/templa.elf.dir/Core/Src/MPU6050.c.obj
                0x08000ba4                mpu_dmp_init
 .text.OLED_I2C_Init
                0x08000c44       0x24 CMakeFiles/templa.elf.dir/Core/Src/OLED.c.obj
                0x08000c44                OLED_I2C_Init
 .text.OLED_I2C_Start
                0x08000c68       0x3c CMakeFiles/templa.elf.dir/Core/Src/OLED.c.obj
                0x08000c68                OLED_I2C_Start
 .text.OLED_I2C_Stop
                0x08000ca4       0x30 CMakeFiles/templa.elf.dir/Core/Src/OLED.c.obj
                0x08000ca4                OLED_I2C_Stop
 .text.OLED_I2C_SendByte
                0x08000cd4       0x5c CMakeFiles/templa.elf.dir/Core/Src/OLED.c.obj
                0x08000cd4                OLED_I2C_SendByte
 .text.OLED_WriteCommand
                0x08000d30       0x20 CMakeFiles/templa.elf.dir/Core/Src/OLED.c.obj
                0x08000d30                OLED_WriteCommand
 .text.OLED_WriteData
                0x08000d50       0x20 CMakeFiles/templa.elf.dir/Core/Src/OLED.c.obj
                0x08000d50                OLED_WriteData
 .text.OLED_SetCursor
                0x08000d70       0x20 CMakeFiles/templa.elf.dir/Core/Src/OLED.c.obj
                0x08000d70                OLED_SetCursor
 .text.OLED_Clear
                0x08000d90       0x2c CMakeFiles/templa.elf.dir/Core/Src/OLED.c.obj
                0x08000d90                OLED_Clear
 .text.OLED_ShowChar
                0x08000dbc       0x64 CMakeFiles/templa.elf.dir/Core/Src/OLED.c.obj
                0x08000dbc                OLED_ShowChar
 .text.OLED_Pow
                0x08000e20       0x14 CMakeFiles/templa.elf.dir/Core/Src/OLED.c.obj
                0x08000e20                OLED_Pow
 .text.OLED_ShowNum
                0x08000e34       0x50 CMakeFiles/templa.elf.dir/Core/Src/OLED.c.obj
                0x08000e34                OLED_ShowNum
 .text.OLED_ShowHexNum
                0x08000e84       0x4c CMakeFiles/templa.elf.dir/Core/Src/OLED.c.obj
                0x08000e84                OLED_ShowHexNum
 .text.OLED_Init
                0x08000ed0       0xae CMakeFiles/templa.elf.dir/Core/Src/OLED.c.obj
                0x08000ed0                OLED_Init
 *fill*         0x08000f7e        0x2 
 .text.StartDefaultTask
                0x08000f80       0x44 CMakeFiles/templa.elf.dir/Core/Src/freertos.c.obj
                0x08000f80                StartDefaultTask
 .text.OLED_SHOW_1
                0x08000fc4       0x6c CMakeFiles/templa.elf.dir/Core/Src/freertos.c.obj
                0x08000fc4                OLED_SHOW_1
 .text.OLED_SHOW_2
                0x08001030       0x44 CMakeFiles/templa.elf.dir/Core/Src/freertos.c.obj
                0x08001030                OLED_SHOW_2
 .text.USART_TX
                0x08001074       0x74 CMakeFiles/templa.elf.dir/Core/Src/freertos.c.obj
                0x08001074                USART_TX
 .text.MX_FREERTOS_Init
                0x080010e8       0xc0 CMakeFiles/templa.elf.dir/Core/Src/freertos.c.obj
                0x080010e8                MX_FREERTOS_Init
 .text.HAL_UART_RxCpltCallback
                0x080011a8       0x44 CMakeFiles/templa.elf.dir/Core/Src/freertos.c.obj
                0x080011a8                HAL_UART_RxCpltCallback
 .text.MX_GPIO_Init
                0x080011ec       0xc4 CMakeFiles/templa.elf.dir/Core/Src/gpio.c.obj
                0x080011ec                MX_GPIO_Init
 .text.MX_I2C1_Init
                0x080012b0       0x3c CMakeFiles/templa.elf.dir/Core/Src/i2c.c.obj
                0x080012b0                MX_I2C1_Init
 .text.HAL_I2C_MspInit
                0x080012ec       0x64 CMakeFiles/templa.elf.dir/Core/Src/i2c.c.obj
                0x080012ec                HAL_I2C_MspInit
 .text.get_accel_prod_shift
                0x08001350       0xd4 CMakeFiles/templa.elf.dir/Core/Src/inv_mpu.c.obj
 .text.accel_self_test
                0x08001424       0xb8 CMakeFiles/templa.elf.dir/Core/Src/inv_mpu.c.obj
 .text.gyro_self_test
                0x080014dc      0x120 CMakeFiles/templa.elf.dir/Core/Src/inv_mpu.c.obj
 .text.set_int_enable
                0x080015fc       0xb0 CMakeFiles/templa.elf.dir/Core/Src/inv_mpu.c.obj
 .text.get_st_biases
                0x080016ac      0x4d4 CMakeFiles/templa.elf.dir/Core/Src/inv_mpu.c.obj
 .text.mpu_reset_fifo
                0x08001b80      0x274 CMakeFiles/templa.elf.dir/Core/Src/inv_mpu.c.obj
                0x08001b80                mpu_reset_fifo
 .text.mpu_get_gyro_fsr
                0x08001df4       0x3c CMakeFiles/templa.elf.dir/Core/Src/inv_mpu.c.obj
                0x08001df4                mpu_get_gyro_fsr
 .text.mpu_set_gyro_fsr
                0x08001e30       0xa4 CMakeFiles/templa.elf.dir/Core/Src/inv_mpu.c.obj
                0x08001e30                mpu_set_gyro_fsr
 .text.mpu_get_accel_fsr
                0x08001ed4       0x44 CMakeFiles/templa.elf.dir/Core/Src/inv_mpu.c.obj
                0x08001ed4                mpu_get_accel_fsr
 .text.mpu_set_accel_fsr
                0x08001f18       0xa0 CMakeFiles/templa.elf.dir/Core/Src/inv_mpu.c.obj
                0x08001f18                mpu_set_accel_fsr
 .text.mpu_get_lpf
                0x08001fb8       0x44 CMakeFiles/templa.elf.dir/Core/Src/inv_mpu.c.obj
                0x08001fb8                mpu_get_lpf
 .text.mpu_set_lpf
                0x08001ffc       0xa0 CMakeFiles/templa.elf.dir/Core/Src/inv_mpu.c.obj
                0x08001ffc                mpu_set_lpf
 .text.mpu_get_sample_rate
                0x0800209c       0x1c CMakeFiles/templa.elf.dir/Core/Src/inv_mpu.c.obj
                0x0800209c                mpu_get_sample_rate
 .text.mpu_get_gyro_sens
                0x080020b8       0x4c CMakeFiles/templa.elf.dir/Core/Src/inv_mpu.c.obj
                0x080020b8                mpu_get_gyro_sens
 .text.mpu_get_accel_sens
                0x08002104       0x4c CMakeFiles/templa.elf.dir/Core/Src/inv_mpu.c.obj
                0x08002104                mpu_get_accel_sens
 .text.mpu_get_fifo_config
                0x08002150       0x10 CMakeFiles/templa.elf.dir/Core/Src/inv_mpu.c.obj
                0x08002150                mpu_get_fifo_config
 .text.mpu_configure_fifo
                0x08002160       0x64 CMakeFiles/templa.elf.dir/Core/Src/inv_mpu.c.obj
                0x08002160                mpu_configure_fifo
 .text.mpu_set_bypass
                0x080021c4      0x1ac CMakeFiles/templa.elf.dir/Core/Src/inv_mpu.c.obj
                0x080021c4                mpu_set_bypass
 .text.mpu_set_int_latched
                0x08002370       0x84 CMakeFiles/templa.elf.dir/Core/Src/inv_mpu.c.obj
                0x08002370                mpu_set_int_latched
 .text.mpu_lp_accel_mode
                0x080023f4       0xf4 CMakeFiles/templa.elf.dir/Core/Src/inv_mpu.c.obj
                0x080023f4                mpu_lp_accel_mode
 .text.mpu_set_sample_rate
                0x080024e8       0xb0 CMakeFiles/templa.elf.dir/Core/Src/inv_mpu.c.obj
                0x080024e8                mpu_set_sample_rate
 .text.mpu_set_sensors
                0x08002598       0xfc CMakeFiles/templa.elf.dir/Core/Src/inv_mpu.c.obj
                0x08002598                mpu_set_sensors
 .text.mpu_init
                0x08002694      0x1c8 CMakeFiles/templa.elf.dir/Core/Src/inv_mpu.c.obj
                0x08002694                mpu_init
 .text.mpu_write_mem
                0x0800285c       0x90 CMakeFiles/templa.elf.dir/Core/Src/inv_mpu.c.obj
                0x0800285c                mpu_write_mem
 .text.mpu_read_mem
                0x080028ec       0x90 CMakeFiles/templa.elf.dir/Core/Src/inv_mpu.c.obj
                0x080028ec                mpu_read_mem
 .text.mpu_load_firmware
                0x0800297c       0xc4 CMakeFiles/templa.elf.dir/Core/Src/inv_mpu.c.obj
                0x0800297c                mpu_load_firmware
 .text.mpu_set_dmp_state
                0x08002a40       0xac CMakeFiles/templa.elf.dir/Core/Src/inv_mpu.c.obj
                0x08002a40                mpu_set_dmp_state
 .text.mpu_run_self_test
                0x08002aec      0x104 CMakeFiles/templa.elf.dir/Core/Src/inv_mpu.c.obj
                0x08002aec                mpu_run_self_test
 .text.dmp_load_motion_driver_firmware
                0x08002bf0       0x18 CMakeFiles/templa.elf.dir/Core/Src/inv_mpu_dmp_motion_driver.c.obj
                0x08002bf0                dmp_load_motion_driver_firmware
 .text.dmp_set_orientation
                0x08002c08      0x14c CMakeFiles/templa.elf.dir/Core/Src/inv_mpu_dmp_motion_driver.c.obj
                0x08002c08                dmp_set_orientation
 .text.dmp_set_gyro_bias
                0x08002d54      0x110 CMakeFiles/templa.elf.dir/Core/Src/inv_mpu_dmp_motion_driver.c.obj
                0x08002d54                dmp_set_gyro_bias
 .text.dmp_set_accel_bias
                0x08002e64       0xf4 CMakeFiles/templa.elf.dir/Core/Src/inv_mpu_dmp_motion_driver.c.obj
                0x08002e64                dmp_set_accel_bias
 .text.dmp_set_fifo_rate
                0x08002f58       0x68 CMakeFiles/templa.elf.dir/Core/Src/inv_mpu_dmp_motion_driver.c.obj
                0x08002f58                dmp_set_fifo_rate
 .text.dmp_set_tap_thresh
                0x08002fc0      0x1a0 CMakeFiles/templa.elf.dir/Core/Src/inv_mpu_dmp_motion_driver.c.obj
                0x08002fc0                dmp_set_tap_thresh
 .text.dmp_set_tap_axes
                0x08003160       0x4e CMakeFiles/templa.elf.dir/Core/Src/inv_mpu_dmp_motion_driver.c.obj
                0x08003160                dmp_set_tap_axes
 .text.dmp_set_tap_count
                0x080031ae       0x2c CMakeFiles/templa.elf.dir/Core/Src/inv_mpu_dmp_motion_driver.c.obj
                0x080031ae                dmp_set_tap_count
 *fill*         0x080031da        0x2 
 .text.dmp_set_tap_time
                0x080031dc       0x30 CMakeFiles/templa.elf.dir/Core/Src/inv_mpu_dmp_motion_driver.c.obj
                0x080031dc                dmp_set_tap_time
 .text.dmp_set_tap_time_multi
                0x0800320c       0x30 CMakeFiles/templa.elf.dir/Core/Src/inv_mpu_dmp_motion_driver.c.obj
                0x0800320c                dmp_set_tap_time_multi
 .text.dmp_set_shake_reject_thresh
                0x0800323c       0x44 CMakeFiles/templa.elf.dir/Core/Src/inv_mpu_dmp_motion_driver.c.obj
                0x0800323c                dmp_set_shake_reject_thresh
 .text.dmp_set_shake_reject_time
                0x08003280       0x2c CMakeFiles/templa.elf.dir/Core/Src/inv_mpu_dmp_motion_driver.c.obj
                0x08003280                dmp_set_shake_reject_time
 .text.dmp_set_shake_reject_timeout
                0x080032ac       0x2c CMakeFiles/templa.elf.dir/Core/Src/inv_mpu_dmp_motion_driver.c.obj
                0x080032ac                dmp_set_shake_reject_timeout
 .text.dmp_enable_gyro_cal
                0x080032d8       0x44 CMakeFiles/templa.elf.dir/Core/Src/inv_mpu_dmp_motion_driver.c.obj
                0x080032d8                dmp_enable_gyro_cal
 .text.dmp_enable_lp_quat
                0x0800331c       0x3c CMakeFiles/templa.elf.dir/Core/Src/inv_mpu_dmp_motion_driver.c.obj
                0x0800331c                dmp_enable_lp_quat
 .text.dmp_enable_6x_lp_quat
                0x08003358       0x3c CMakeFiles/templa.elf.dir/Core/Src/inv_mpu_dmp_motion_driver.c.obj
                0x08003358                dmp_enable_6x_lp_quat
 .text.dmp_enable_feature
                0x08003394      0x218 CMakeFiles/templa.elf.dir/Core/Src/inv_mpu_dmp_motion_driver.c.obj
                0x08003394                dmp_enable_feature
 .text.HAL_TIM_PeriodElapsedCallback
                0x080035ac       0x18 CMakeFiles/templa.elf.dir/Core/Src/main.c.obj
                0x080035ac                HAL_TIM_PeriodElapsedCallback
 .text.Error_Handler
                0x080035c4        0x4 CMakeFiles/templa.elf.dir/Core/Src/main.c.obj
                0x080035c4                Error_Handler
 .text.SystemClock_Config
                0x080035c8       0x64 CMakeFiles/templa.elf.dir/Core/Src/main.c.obj
                0x080035c8                SystemClock_Config
 .text.main     0x0800362c       0x40 CMakeFiles/templa.elf.dir/Core/Src/main.c.obj
                0x0800362c                main
 .text.HAL_MspInit
                0x0800366c       0x54 CMakeFiles/templa.elf.dir/Core/Src/stm32f1xx_hal_msp.c.obj
                0x0800366c                HAL_MspInit
 .text.HAL_InitTick
                0x080036c0       0xa0 CMakeFiles/templa.elf.dir/Core/Src/stm32f1xx_hal_timebase_tim.c.obj
                0x080036c0                HAL_InitTick
 .text.NMI_Handler
                0x08003760        0x2 CMakeFiles/templa.elf.dir/Core/Src/stm32f1xx_it.c.obj
                0x08003760                NMI_Handler
 .text.HardFault_Handler
                0x08003762        0x2 CMakeFiles/templa.elf.dir/Core/Src/stm32f1xx_it.c.obj
                0x08003762                HardFault_Handler
 .text.MemManage_Handler
                0x08003764        0x2 CMakeFiles/templa.elf.dir/Core/Src/stm32f1xx_it.c.obj
                0x08003764                MemManage_Handler
 .text.BusFault_Handler
                0x08003766        0x2 CMakeFiles/templa.elf.dir/Core/Src/stm32f1xx_it.c.obj
                0x08003766                BusFault_Handler
 .text.UsageFault_Handler
                0x08003768        0x2 CMakeFiles/templa.elf.dir/Core/Src/stm32f1xx_it.c.obj
                0x08003768                UsageFault_Handler
 .text.DebugMon_Handler
                0x0800376a        0x2 CMakeFiles/templa.elf.dir/Core/Src/stm32f1xx_it.c.obj
                0x0800376a                DebugMon_Handler
 .text.TIM4_IRQHandler
                0x0800376c       0x10 CMakeFiles/templa.elf.dir/Core/Src/stm32f1xx_it.c.obj
                0x0800376c                TIM4_IRQHandler
 .text.USART1_IRQHandler
                0x0800377c       0x10 CMakeFiles/templa.elf.dir/Core/Src/stm32f1xx_it.c.obj
                0x0800377c                USART1_IRQHandler
 .text.SystemInit
                0x0800378c        0x2 CMakeFiles/templa.elf.dir/Core/Src/system_stm32f1xx.c.obj
                0x0800378c                SystemInit
 *fill*         0x0800378e        0x2 
 .text.MX_USART1_UART_Init
                0x08003790       0x34 CMakeFiles/templa.elf.dir/Core/Src/usart.c.obj
                0x08003790                MX_USART1_UART_Init
 .text.HAL_UART_MspInit
                0x080037c4       0x88 CMakeFiles/templa.elf.dir/Core/Src/usart.c.obj
                0x080037c4                HAL_UART_MspInit
 .text.Reset_Handler
                0x0800384c       0x48 CMakeFiles/templa.elf.dir/Core/Startup/startup_stm32f103c8tx.s.obj
                0x0800384c                Reset_Handler
 .text.Default_Handler
                0x08003894        0x2 CMakeFiles/templa.elf.dir/Core/Startup/startup_stm32f103c8tx.s.obj
                0x08003894                RTC_Alarm_IRQHandler
                0x08003894                EXTI2_IRQHandler
                0x08003894                TIM1_CC_IRQHandler
                0x08003894                PVD_IRQHandler
                0x08003894                EXTI3_IRQHandler
                0x08003894                EXTI0_IRQHandler
                0x08003894                I2C2_EV_IRQHandler
                0x08003894                ADC1_2_IRQHandler
                0x08003894                SPI1_IRQHandler
                0x08003894                TAMPER_IRQHandler
                0x08003894                DMA1_Channel4_IRQHandler
                0x08003894                USART3_IRQHandler
                0x08003894                RTC_IRQHandler
                0x08003894                DMA1_Channel7_IRQHandler
                0x08003894                CAN1_RX1_IRQHandler
                0x08003894                I2C1_EV_IRQHandler
                0x08003894                DMA1_Channel6_IRQHandler
                0x08003894                TIM3_IRQHandler
                0x08003894                RCC_IRQHandler
                0x08003894                TIM1_TRG_COM_IRQHandler
                0x08003894                DMA1_Channel1_IRQHandler
                0x08003894                Default_Handler
                0x08003894                EXTI15_10_IRQHandler
                0x08003894                EXTI9_5_IRQHandler
                0x08003894                SPI2_IRQHandler
                0x08003894                DMA1_Channel5_IRQHandler
                0x08003894                EXTI4_IRQHandler
                0x08003894                USB_LP_CAN1_RX0_IRQHandler
                0x08003894                USB_HP_CAN1_TX_IRQHandler
                0x08003894                DMA1_Channel3_IRQHandler
                0x08003894                TIM1_UP_IRQHandler
                0x08003894                WWDG_IRQHandler
                0x08003894                TIM2_IRQHandler
                0x08003894                TIM1_BRK_IRQHandler
                0x08003894                EXTI1_IRQHandler
                0x08003894                USART2_IRQHandler
                0x08003894                I2C2_ER_IRQHandler
                0x08003894                DMA1_Channel2_IRQHandler
                0x08003894                CAN1_SCE_IRQHandler
                0x08003894                FLASH_IRQHandler
                0x08003894                I2C1_ER_IRQHandler
                0x08003894                USBWakeUp_IRQHandler
 *fill*         0x08003896        0x2 
 .text.HAL_Init
                0x08003898       0x24 CMakeFiles/templa.elf.dir/Drivers/STM32F1xx_HAL_Driver/Src/stm32f1xx_hal.c.obj
                0x08003898                HAL_Init
 .text.HAL_IncTick
                0x080038bc       0x18 CMakeFiles/templa.elf.dir/Drivers/STM32F1xx_HAL_Driver/Src/stm32f1xx_hal.c.obj
                0x080038bc                HAL_IncTick
 .text.HAL_GetTick
                0x080038d4        0xc CMakeFiles/templa.elf.dir/Drivers/STM32F1xx_HAL_Driver/Src/stm32f1xx_hal.c.obj
                0x080038d4                HAL_GetTick
 .text.HAL_Delay
                0x080038e0       0x28 CMakeFiles/templa.elf.dir/Drivers/STM32F1xx_HAL_Driver/Src/stm32f1xx_hal.c.obj
                0x080038e0                HAL_Delay
 .text.HAL_NVIC_SetPriorityGrouping
                0x08003908       0x24 CMakeFiles/templa.elf.dir/Drivers/STM32F1xx_HAL_Driver/Src/stm32f1xx_hal_cortex.c.obj
                0x08003908                HAL_NVIC_SetPriorityGrouping
 .text.HAL_NVIC_SetPriority
                0x0800392c       0x70 CMakeFiles/templa.elf.dir/Drivers/STM32F1xx_HAL_Driver/Src/stm32f1xx_hal_cortex.c.obj
                0x0800392c                HAL_NVIC_SetPriority
 .text.HAL_NVIC_EnableIRQ
                0x0800399c       0x1c CMakeFiles/templa.elf.dir/Drivers/STM32F1xx_HAL_Driver/Src/stm32f1xx_hal_cortex.c.obj
                0x0800399c                HAL_NVIC_EnableIRQ
 .text.HAL_DMA_Abort
                0x080039b8       0x46 CMakeFiles/templa.elf.dir/Drivers/STM32F1xx_HAL_Driver/Src/stm32f1xx_hal_dma.c.obj
                0x080039b8                HAL_DMA_Abort
 *fill*         0x080039fe        0x2 
 .text.HAL_DMA_Abort_IT
                0x08003a00       0x98 CMakeFiles/templa.elf.dir/Drivers/STM32F1xx_HAL_Driver/Src/stm32f1xx_hal_dma.c.obj
                0x08003a00                HAL_DMA_Abort_IT
 .text.HAL_GPIO_Init
                0x08003a98      0x224 CMakeFiles/templa.elf.dir/Drivers/STM32F1xx_HAL_Driver/Src/stm32f1xx_hal_gpio.c.obj
                0x08003a98                HAL_GPIO_Init
 .text.HAL_GPIO_WritePin
                0x08003cbc        0xc CMakeFiles/templa.elf.dir/Drivers/STM32F1xx_HAL_Driver/Src/stm32f1xx_hal_gpio.c.obj
                0x08003cbc                HAL_GPIO_WritePin
 .text.HAL_GPIO_TogglePin
                0x08003cc8       0x12 CMakeFiles/templa.elf.dir/Drivers/STM32F1xx_HAL_Driver/Src/stm32f1xx_hal_gpio.c.obj
                0x08003cc8                HAL_GPIO_TogglePin
 .text.I2C_IsAcknowledgeFailed
                0x08003cda       0x32 CMakeFiles/templa.elf.dir/Drivers/STM32F1xx_HAL_Driver/Src/stm32f1xx_hal_i2c.c.obj
 .text.I2C_WaitOnFlagUntilTimeout
                0x08003d0c       0xaa CMakeFiles/templa.elf.dir/Drivers/STM32F1xx_HAL_Driver/Src/stm32f1xx_hal_i2c.c.obj
 .text.I2C_WaitOnMasterAddressFlagUntilTimeout
                0x08003db6       0xd6 CMakeFiles/templa.elf.dir/Drivers/STM32F1xx_HAL_Driver/Src/stm32f1xx_hal_i2c.c.obj
 .text.I2C_WaitOnTXEFlagUntilTimeout
                0x08003e8c       0x5e CMakeFiles/templa.elf.dir/Drivers/STM32F1xx_HAL_Driver/Src/stm32f1xx_hal_i2c.c.obj
 *fill*         0x08003eea        0x2 
 .text.I2C_RequestMemoryWrite
                0x08003eec       0xd8 CMakeFiles/templa.elf.dir/Drivers/STM32F1xx_HAL_Driver/Src/stm32f1xx_hal_i2c.c.obj
 .text.I2C_RequestMemoryRead
                0x08003fc4      0x154 CMakeFiles/templa.elf.dir/Drivers/STM32F1xx_HAL_Driver/Src/stm32f1xx_hal_i2c.c.obj
 .text.I2C_WaitOnBTFFlagUntilTimeout
                0x08004118       0x5e CMakeFiles/templa.elf.dir/Drivers/STM32F1xx_HAL_Driver/Src/stm32f1xx_hal_i2c.c.obj
 .text.I2C_WaitOnRXNEFlagUntilTimeout
                0x08004176       0x78 CMakeFiles/templa.elf.dir/Drivers/STM32F1xx_HAL_Driver/Src/stm32f1xx_hal_i2c.c.obj
 *fill*         0x080041ee        0x2 
 .text.HAL_I2C_Init
                0x080041f0      0x1bc CMakeFiles/templa.elf.dir/Drivers/STM32F1xx_HAL_Driver/Src/stm32f1xx_hal_i2c.c.obj
                0x080041f0                HAL_I2C_Init
 .text.HAL_I2C_Mem_Write
                0x080043ac      0x164 CMakeFiles/templa.elf.dir/Drivers/STM32F1xx_HAL_Driver/Src/stm32f1xx_hal_i2c.c.obj
                0x080043ac                HAL_I2C_Mem_Write
 .text.HAL_I2C_Mem_Read
                0x08004510      0x348 CMakeFiles/templa.elf.dir/Drivers/STM32F1xx_HAL_Driver/Src/stm32f1xx_hal_i2c.c.obj
                0x08004510                HAL_I2C_Mem_Read
 .text.RCC_Delay
                0x08004858       0x2c CMakeFiles/templa.elf.dir/Drivers/STM32F1xx_HAL_Driver/Src/stm32f1xx_hal_rcc.c.obj
 .text.HAL_RCC_OscConfig
                0x08004884      0x410 CMakeFiles/templa.elf.dir/Drivers/STM32F1xx_HAL_Driver/Src/stm32f1xx_hal_rcc.c.obj
                0x08004884                HAL_RCC_OscConfig
 .text.HAL_RCC_GetSysClockFreq
                0x08004c94       0x54 CMakeFiles/templa.elf.dir/Drivers/STM32F1xx_HAL_Driver/Src/stm32f1xx_hal_rcc.c.obj
                0x08004c94                HAL_RCC_GetSysClockFreq
 .text.HAL_RCC_ClockConfig
                0x08004ce8      0x16c CMakeFiles/templa.elf.dir/Drivers/STM32F1xx_HAL_Driver/Src/stm32f1xx_hal_rcc.c.obj
                0x08004ce8                HAL_RCC_ClockConfig
 .text.HAL_RCC_GetHCLKFreq
                0x08004e54        0xc CMakeFiles/templa.elf.dir/Drivers/STM32F1xx_HAL_Driver/Src/stm32f1xx_hal_rcc.c.obj
                0x08004e54                HAL_RCC_GetHCLKFreq
 .text.HAL_RCC_GetPCLK1Freq
                0x08004e60       0x20 CMakeFiles/templa.elf.dir/Drivers/STM32F1xx_HAL_Driver/Src/stm32f1xx_hal_rcc.c.obj
                0x08004e60                HAL_RCC_GetPCLK1Freq
 .text.HAL_RCC_GetPCLK2Freq
                0x08004e80       0x20 CMakeFiles/templa.elf.dir/Drivers/STM32F1xx_HAL_Driver/Src/stm32f1xx_hal_rcc.c.obj
                0x08004e80                HAL_RCC_GetPCLK2Freq
 .text.HAL_RCC_GetClockConfig
                0x08004ea0       0x3c CMakeFiles/templa.elf.dir/Drivers/STM32F1xx_HAL_Driver/Src/stm32f1xx_hal_rcc.c.obj
                0x08004ea0                HAL_RCC_GetClockConfig
 .text.HAL_TIM_Base_MspInit
                0x08004edc        0x2 CMakeFiles/templa.elf.dir/Drivers/STM32F1xx_HAL_Driver/Src/stm32f1xx_hal_tim.c.obj
                0x08004edc                HAL_TIM_Base_MspInit
 *fill*         0x08004ede        0x2 
 .text.HAL_TIM_Base_Start_IT
                0x08004ee0       0x68 CMakeFiles/templa.elf.dir/Drivers/STM32F1xx_HAL_Driver/Src/stm32f1xx_hal_tim.c.obj
                0x08004ee0                HAL_TIM_Base_Start_IT
 .text.HAL_TIM_OC_DelayElapsedCallback
                0x08004f48        0x2 CMakeFiles/templa.elf.dir/Drivers/STM32F1xx_HAL_Driver/Src/stm32f1xx_hal_tim.c.obj
                0x08004f48                HAL_TIM_OC_DelayElapsedCallback
 .text.HAL_TIM_IC_CaptureCallback
                0x08004f4a        0x2 CMakeFiles/templa.elf.dir/Drivers/STM32F1xx_HAL_Driver/Src/stm32f1xx_hal_tim.c.obj
                0x08004f4a                HAL_TIM_IC_CaptureCallback
 .text.HAL_TIM_PWM_PulseFinishedCallback
                0x08004f4c        0x2 CMakeFiles/templa.elf.dir/Drivers/STM32F1xx_HAL_Driver/Src/stm32f1xx_hal_tim.c.obj
                0x08004f4c                HAL_TIM_PWM_PulseFinishedCallback
 .text.HAL_TIM_TriggerCallback
                0x08004f4e        0x2 CMakeFiles/templa.elf.dir/Drivers/STM32F1xx_HAL_Driver/Src/stm32f1xx_hal_tim.c.obj
                0x08004f4e                HAL_TIM_TriggerCallback
 .text.HAL_TIM_IRQHandler
                0x08004f50      0x17a CMakeFiles/templa.elf.dir/Drivers/STM32F1xx_HAL_Driver/Src/stm32f1xx_hal_tim.c.obj
                0x08004f50                HAL_TIM_IRQHandler
 *fill*         0x080050ca        0x2 
 .text.TIM_Base_SetConfig
                0x080050cc       0x74 CMakeFiles/templa.elf.dir/Drivers/STM32F1xx_HAL_Driver/Src/stm32f1xx_hal_tim.c.obj
                0x080050cc                TIM_Base_SetConfig
 .text.HAL_TIM_Base_Init
                0x08005140       0x58 CMakeFiles/templa.elf.dir/Drivers/STM32F1xx_HAL_Driver/Src/stm32f1xx_hal_tim.c.obj
                0x08005140                HAL_TIM_Base_Init
 .text.HAL_TIMEx_CommutCallback
                0x08005198        0x2 CMakeFiles/templa.elf.dir/Drivers/STM32F1xx_HAL_Driver/Src/stm32f1xx_hal_tim_ex.c.obj
                0x08005198                HAL_TIMEx_CommutCallback
 .text.HAL_TIMEx_BreakCallback
                0x0800519a        0x2 CMakeFiles/templa.elf.dir/Drivers/STM32F1xx_HAL_Driver/Src/stm32f1xx_hal_tim_ex.c.obj
                0x0800519a                HAL_TIMEx_BreakCallback
 .text.UART_EndRxTransfer
                0x0800519c       0x5c CMakeFiles/templa.elf.dir/Drivers/STM32F1xx_HAL_Driver/Src/stm32f1xx_hal_uart.c.obj
 .text.UART_Transmit_IT
                0x080051f8       0x60 CMakeFiles/templa.elf.dir/Drivers/STM32F1xx_HAL_Driver/Src/stm32f1xx_hal_uart.c.obj
 .text.UART_SetConfig
                0x08005258       0x94 CMakeFiles/templa.elf.dir/Drivers/STM32F1xx_HAL_Driver/Src/stm32f1xx_hal_uart.c.obj
 .text.HAL_UART_Init
                0x080052ec       0x60 CMakeFiles/templa.elf.dir/Drivers/STM32F1xx_HAL_Driver/Src/stm32f1xx_hal_uart.c.obj
                0x080052ec                HAL_UART_Init
 .text.HAL_UART_TxCpltCallback
                0x0800534c        0x2 CMakeFiles/templa.elf.dir/Drivers/STM32F1xx_HAL_Driver/Src/stm32f1xx_hal_uart.c.obj
                0x0800534c                HAL_UART_TxCpltCallback
 .text.UART_EndTransmit_IT
                0x0800534e       0x1a CMakeFiles/templa.elf.dir/Drivers/STM32F1xx_HAL_Driver/Src/stm32f1xx_hal_uart.c.obj
 .text.HAL_UART_ErrorCallback
                0x08005368        0x2 CMakeFiles/templa.elf.dir/Drivers/STM32F1xx_HAL_Driver/Src/stm32f1xx_hal_uart.c.obj
                0x08005368                HAL_UART_ErrorCallback
 .text.UART_DMAAbortOnError
                0x0800536a       0x10 CMakeFiles/templa.elf.dir/Drivers/STM32F1xx_HAL_Driver/Src/stm32f1xx_hal_uart.c.obj
 .text.HAL_UARTEx_RxEventCallback
                0x0800537a        0x2 CMakeFiles/templa.elf.dir/Drivers/STM32F1xx_HAL_Driver/Src/stm32f1xx_hal_uart.c.obj
                0x0800537a                HAL_UARTEx_RxEventCallback
 .text.UART_Receive_IT
                0x0800537c       0xe6 CMakeFiles/templa.elf.dir/Drivers/STM32F1xx_HAL_Driver/Src/stm32f1xx_hal_uart.c.obj
 *fill*         0x08005462        0x2 
 .text.HAL_UART_IRQHandler
                0x08005464      0x288 CMakeFiles/templa.elf.dir/Drivers/STM32F1xx_HAL_Driver/Src/stm32f1xx_hal_uart.c.obj
                0x08005464                HAL_UART_IRQHandler
 .text.UART_Start_Receive_IT
                0x080056ec       0x36 CMakeFiles/templa.elf.dir/Drivers/STM32F1xx_HAL_Driver/Src/stm32f1xx_hal_uart.c.obj
                0x080056ec                UART_Start_Receive_IT
 .text.HAL_UART_Receive_IT
                0x08005722       0x26 CMakeFiles/templa.elf.dir/Drivers/STM32F1xx_HAL_Driver/Src/stm32f1xx_hal_uart.c.obj
                0x08005722                HAL_UART_Receive_IT
 .text.osKernelInitialize
                0x08005748       0x44 CMakeFiles/templa.elf.dir/Middlewares/Third_Party/FreeRTOS/Source/CMSIS_RTOS_V2/cmsis_os2.c.obj
                0x08005748                osKernelInitialize
 .text.osKernelStart
                0x0800578c       0x4c CMakeFiles/templa.elf.dir/Middlewares/Third_Party/FreeRTOS/Source/CMSIS_RTOS_V2/cmsis_os2.c.obj
                0x0800578c                osKernelStart
 .text.osThreadNew
                0x080057d8       0xf0 CMakeFiles/templa.elf.dir/Middlewares/Third_Party/FreeRTOS/Source/CMSIS_RTOS_V2/cmsis_os2.c.obj
                0x080057d8                osThreadNew
 .text.osDelay  0x080058c8       0x44 CMakeFiles/templa.elf.dir/Middlewares/Third_Party/FreeRTOS/Source/CMSIS_RTOS_V2/cmsis_os2.c.obj
                0x080058c8                osDelay
 .text.osMutexNew
                0x0800590c       0xbc CMakeFiles/templa.elf.dir/Middlewares/Third_Party/FreeRTOS/Source/CMSIS_RTOS_V2/cmsis_os2.c.obj
                0x0800590c                osMutexNew
 .text.osSemaphoreNew
                0x080059c8       0xd8 CMakeFiles/templa.elf.dir/Middlewares/Third_Party/FreeRTOS/Source/CMSIS_RTOS_V2/cmsis_os2.c.obj
                0x080059c8                osSemaphoreNew
 .text.osMessageQueueNew
                0x08005aa0       0xbc CMakeFiles/templa.elf.dir/Middlewares/Third_Party/FreeRTOS/Source/CMSIS_RTOS_V2/cmsis_os2.c.obj
                0x08005aa0                osMessageQueueNew
 .text.vApplicationGetIdleTaskMemory
                0x08005b5c       0x18 CMakeFiles/templa.elf.dir/Middlewares/Third_Party/FreeRTOS/Source/CMSIS_RTOS_V2/cmsis_os2.c.obj
                0x08005b5c                vApplicationGetIdleTaskMemory
 .text.vApplicationGetTimerTaskMemory
                0x08005b74       0x18 CMakeFiles/templa.elf.dir/Middlewares/Third_Party/FreeRTOS/Source/CMSIS_RTOS_V2/cmsis_os2.c.obj
                0x08005b74                vApplicationGetTimerTaskMemory
 .text.vListInitialise
                0x08005b8c       0x16 CMakeFiles/templa.elf.dir/Middlewares/Third_Party/FreeRTOS/Source/list.c.obj
                0x08005b8c                vListInitialise
 .text.vListInitialiseItem
                0x08005ba2        0x6 CMakeFiles/templa.elf.dir/Middlewares/Third_Party/FreeRTOS/Source/list.c.obj
                0x08005ba2                vListInitialiseItem
 .text.vListInsertEnd
                0x08005ba8       0x16 CMakeFiles/templa.elf.dir/Middlewares/Third_Party/FreeRTOS/Source/list.c.obj
                0x08005ba8                vListInsertEnd
 .text.vListInsert
                0x08005bbe       0x32 CMakeFiles/templa.elf.dir/Middlewares/Third_Party/FreeRTOS/Source/list.c.obj
                0x08005bbe                vListInsert
 .text.uxListRemove
                0x08005bf0       0x26 CMakeFiles/templa.elf.dir/Middlewares/Third_Party/FreeRTOS/Source/list.c.obj
                0x08005bf0                uxListRemove
 *fill*         0x08005c16        0x2 
 .text.prvTaskExitError
                0x08005c18       0x40 CMakeFiles/templa.elf.dir/Middlewares/Third_Party/FreeRTOS/Source/portable/GCC/ARM_CM3/port.c.obj
 .text.prvPortStartFirstTask
                0x08005c58       0x20 CMakeFiles/templa.elf.dir/Middlewares/Third_Party/FreeRTOS/Source/portable/GCC/ARM_CM3/port.c.obj
 .text.pxPortInitialiseStack
                0x08005c78       0x24 CMakeFiles/templa.elf.dir/Middlewares/Third_Party/FreeRTOS/Source/portable/GCC/ARM_CM3/port.c.obj
                0x08005c78                pxPortInitialiseStack
 *fill*         0x08005c9c        0x4 
 .text.SVC_Handler
                0x08005ca0       0x24 CMakeFiles/templa.elf.dir/Middlewares/Third_Party/FreeRTOS/Source/portable/GCC/ARM_CM3/port.c.obj
                0x08005ca0                SVC_Handler
 .text.vPortEnterCritical
                0x08005cc4       0x44 CMakeFiles/templa.elf.dir/Middlewares/Third_Party/FreeRTOS/Source/portable/GCC/ARM_CM3/port.c.obj
                0x08005cc4                vPortEnterCritical
 .text.vPortExitCritical
                0x08005d08       0x2c CMakeFiles/templa.elf.dir/Middlewares/Third_Party/FreeRTOS/Source/portable/GCC/ARM_CM3/port.c.obj
                0x08005d08                vPortExitCritical
 *fill*         0x08005d34        0xc 
 .text.PendSV_Handler
                0x08005d40       0x44 CMakeFiles/templa.elf.dir/Middlewares/Third_Party/FreeRTOS/Source/portable/GCC/ARM_CM3/port.c.obj
                0x08005d40                PendSV_Handler
 .text.SysTick_Handler
                0x08005d84       0x2c CMakeFiles/templa.elf.dir/Middlewares/Third_Party/FreeRTOS/Source/portable/GCC/ARM_CM3/port.c.obj
                0x08005d84                SysTick_Handler
 .text.vPortSetupTimerInterrupt
                0x08005db0       0x28 CMakeFiles/templa.elf.dir/Middlewares/Third_Party/FreeRTOS/Source/portable/GCC/ARM_CM3/port.c.obj
                0x08005db0                vPortSetupTimerInterrupt
 .text.xPortStartScheduler
                0x08005dd8       0xc0 CMakeFiles/templa.elf.dir/Middlewares/Third_Party/FreeRTOS/Source/portable/GCC/ARM_CM3/port.c.obj
                0x08005dd8                xPortStartScheduler
 .text.vPortValidateInterruptPriority
                0x08005e98       0x5c CMakeFiles/templa.elf.dir/Middlewares/Third_Party/FreeRTOS/Source/portable/GCC/ARM_CM3/port.c.obj
                0x08005e98                vPortValidateInterruptPriority
 .text.prvHeapInit
                0x08005ef4       0x64 CMakeFiles/templa.elf.dir/Middlewares/Third_Party/FreeRTOS/Source/portable/MemMang/heap_4.c.obj
 .text.prvInsertBlockIntoFreeList
                0x08005f58       0x60 CMakeFiles/templa.elf.dir/Middlewares/Third_Party/FreeRTOS/Source/portable/MemMang/heap_4.c.obj
 .text.pvPortMalloc
                0x08005fb8       0xf0 CMakeFiles/templa.elf.dir/Middlewares/Third_Party/FreeRTOS/Source/portable/MemMang/heap_4.c.obj
                0x08005fb8                pvPortMalloc
 .text.vPortFree
                0x080060a8       0x70 CMakeFiles/templa.elf.dir/Middlewares/Third_Party/FreeRTOS/Source/portable/MemMang/heap_4.c.obj
                0x080060a8                vPortFree
 .text.prvGetDisinheritPriorityAfterTimeout
                0x08006118       0x10 CMakeFiles/templa.elf.dir/Middlewares/Third_Party/FreeRTOS/Source/queue.c.obj
 .text.prvIsQueueFull
                0x08006128       0x1e CMakeFiles/templa.elf.dir/Middlewares/Third_Party/FreeRTOS/Source/queue.c.obj
 .text.prvIsQueueEmpty
                0x08006146       0x1a CMakeFiles/templa.elf.dir/Middlewares/Third_Party/FreeRTOS/Source/queue.c.obj
 .text.prvCopyDataToQueue
                0x08006160       0x76 CMakeFiles/templa.elf.dir/Middlewares/Third_Party/FreeRTOS/Source/queue.c.obj
 .text.prvCopyDataFromQueue
                0x080061d6       0x24 CMakeFiles/templa.elf.dir/Middlewares/Third_Party/FreeRTOS/Source/queue.c.obj
 .text.prvUnlockQueue
                0x080061fa       0x6e CMakeFiles/templa.elf.dir/Middlewares/Third_Party/FreeRTOS/Source/queue.c.obj
 .text.xQueueGenericReset
                0x08006268       0x84 CMakeFiles/templa.elf.dir/Middlewares/Third_Party/FreeRTOS/Source/queue.c.obj
                0x08006268                xQueueGenericReset
 .text.prvInitialiseNewQueue
                0x080062ec       0x22 CMakeFiles/templa.elf.dir/Middlewares/Third_Party/FreeRTOS/Source/queue.c.obj
 .text.xQueueGenericCreateStatic
                0x0800630e       0x92 CMakeFiles/templa.elf.dir/Middlewares/Third_Party/FreeRTOS/Source/queue.c.obj
                0x0800630e                xQueueGenericCreateStatic
 .text.xQueueGenericCreate
                0x080063a0       0x4e CMakeFiles/templa.elf.dir/Middlewares/Third_Party/FreeRTOS/Source/queue.c.obj
                0x080063a0                xQueueGenericCreate
 .text.xQueueCreateCountingSemaphoreStatic
                0x080063ee       0x46 CMakeFiles/templa.elf.dir/Middlewares/Third_Party/FreeRTOS/Source/queue.c.obj
                0x080063ee                xQueueCreateCountingSemaphoreStatic
 .text.xQueueCreateCountingSemaphore
                0x08006434       0x3c CMakeFiles/templa.elf.dir/Middlewares/Third_Party/FreeRTOS/Source/queue.c.obj
                0x08006434                xQueueCreateCountingSemaphore
 .text.xQueueGenericSend
                0x08006470      0x188 CMakeFiles/templa.elf.dir/Middlewares/Third_Party/FreeRTOS/Source/queue.c.obj
                0x08006470                xQueueGenericSend
 .text.prvInitialiseMutex
                0x080065f8       0x18 CMakeFiles/templa.elf.dir/Middlewares/Third_Party/FreeRTOS/Source/queue.c.obj
 .text.xQueueCreateMutex
                0x08006610       0x16 CMakeFiles/templa.elf.dir/Middlewares/Third_Party/FreeRTOS/Source/queue.c.obj
                0x08006610                xQueueCreateMutex
 .text.xQueueCreateMutexStatic
                0x08006626       0x1e CMakeFiles/templa.elf.dir/Middlewares/Third_Party/FreeRTOS/Source/queue.c.obj
                0x08006626                xQueueCreateMutexStatic
 .text.xQueueGenericSendFromISR
                0x08006644       0xcc CMakeFiles/templa.elf.dir/Middlewares/Third_Party/FreeRTOS/Source/queue.c.obj
                0x08006644                xQueueGenericSendFromISR
 .text.xQueueGiveFromISR
                0x08006710       0xb2 CMakeFiles/templa.elf.dir/Middlewares/Third_Party/FreeRTOS/Source/queue.c.obj
                0x08006710                xQueueGiveFromISR
 .text.xQueueReceive
                0x080067c2      0x15e CMakeFiles/templa.elf.dir/Middlewares/Third_Party/FreeRTOS/Source/queue.c.obj
                0x080067c2                xQueueReceive
 .text.xQueueSemaphoreTake
                0x08006920      0x1a6 CMakeFiles/templa.elf.dir/Middlewares/Third_Party/FreeRTOS/Source/queue.c.obj
                0x08006920                xQueueSemaphoreTake
 *fill*         0x08006ac6        0x2 
 .text.vQueueAddToRegistry
                0x08006ac8       0x28 CMakeFiles/templa.elf.dir/Middlewares/Third_Party/FreeRTOS/Source/queue.c.obj
                0x08006ac8                vQueueAddToRegistry
 .text.vQueueUnregisterQueue
                0x08006af0       0x2c CMakeFiles/templa.elf.dir/Middlewares/Third_Party/FreeRTOS/Source/queue.c.obj
                0x08006af0                vQueueUnregisterQueue
 .text.vQueueDelete
                0x08006b1c       0x2c CMakeFiles/templa.elf.dir/Middlewares/Third_Party/FreeRTOS/Source/queue.c.obj
                0x08006b1c                vQueueDelete
 .text.vQueueWaitForMessageRestricted
                0x08006b48       0x52 CMakeFiles/templa.elf.dir/Middlewares/Third_Party/FreeRTOS/Source/queue.c.obj
                0x08006b48                vQueueWaitForMessageRestricted
 *fill*         0x08006b9a        0x2 
 .text.prvResetNextTaskUnblockTime
                0x08006b9c       0x2c CMakeFiles/templa.elf.dir/Middlewares/Third_Party/FreeRTOS/Source/tasks.c.obj
 .text.prvInitialiseNewTask
                0x08006bc8       0xfa CMakeFiles/templa.elf.dir/Middlewares/Third_Party/FreeRTOS/Source/tasks.c.obj
 *fill*         0x08006cc2        0x2 
 .text.prvInitialiseTaskLists
                0x08006cc4       0x68 CMakeFiles/templa.elf.dir/Middlewares/Third_Party/FreeRTOS/Source/tasks.c.obj
 .text.prvAddNewTaskToReadyList
                0x08006d2c       0xac CMakeFiles/templa.elf.dir/Middlewares/Third_Party/FreeRTOS/Source/tasks.c.obj
 .text.prvDeleteTCB
                0x08006dd8       0x40 CMakeFiles/templa.elf.dir/Middlewares/Third_Party/FreeRTOS/Source/tasks.c.obj
 .text.prvCheckTasksWaitingTermination
                0x08006e18       0x4c CMakeFiles/templa.elf.dir/Middlewares/Third_Party/FreeRTOS/Source/tasks.c.obj
 .text.prvIdleTask
                0x08006e64       0x28 CMakeFiles/templa.elf.dir/Middlewares/Third_Party/FreeRTOS/Source/tasks.c.obj
 .text.prvAddCurrentTaskToDelayedList
                0x08006e8c       0x7c CMakeFiles/templa.elf.dir/Middlewares/Third_Party/FreeRTOS/Source/tasks.c.obj
 .text.xTaskCreateStatic
                0x08006f08       0x78 CMakeFiles/templa.elf.dir/Middlewares/Third_Party/FreeRTOS/Source/tasks.c.obj
                0x08006f08                xTaskCreateStatic
 .text.xTaskCreate
                0x08006f80       0x6a CMakeFiles/templa.elf.dir/Middlewares/Third_Party/FreeRTOS/Source/tasks.c.obj
                0x08006f80                xTaskCreate
 *fill*         0x08006fea        0x2 
 .text.vTaskStartScheduler
                0x08006fec       0xac CMakeFiles/templa.elf.dir/Middlewares/Third_Party/FreeRTOS/Source/tasks.c.obj
                0x08006fec                vTaskStartScheduler
 .text.vTaskSuspendAll
                0x08007098       0x10 CMakeFiles/templa.elf.dir/Middlewares/Third_Party/FreeRTOS/Source/tasks.c.obj
                0x08007098                vTaskSuspendAll
 .text.xTaskGetTickCount
                0x080070a8        0xc CMakeFiles/templa.elf.dir/Middlewares/Third_Party/FreeRTOS/Source/tasks.c.obj
                0x080070a8                xTaskGetTickCount
 .text.xTaskIncrementTick
                0x080070b4      0x118 CMakeFiles/templa.elf.dir/Middlewares/Third_Party/FreeRTOS/Source/tasks.c.obj
                0x080070b4                xTaskIncrementTick
 .text.xTaskResumeAll
                0x080071cc       0xf8 CMakeFiles/templa.elf.dir/Middlewares/Third_Party/FreeRTOS/Source/tasks.c.obj
                0x080071cc                xTaskResumeAll
 .text.vTaskDelay
                0x080072c4       0x4c CMakeFiles/templa.elf.dir/Middlewares/Third_Party/FreeRTOS/Source/tasks.c.obj
                0x080072c4                vTaskDelay
 .text.vTaskSwitchContext
                0x08007310       0xa0 CMakeFiles/templa.elf.dir/Middlewares/Third_Party/FreeRTOS/Source/tasks.c.obj
                0x08007310                vTaskSwitchContext
 .text.vTaskPlaceOnEventList
                0x080073b0       0x30 CMakeFiles/templa.elf.dir/Middlewares/Third_Party/FreeRTOS/Source/tasks.c.obj
                0x080073b0                vTaskPlaceOnEventList
 .text.vTaskPlaceOnEventListRestricted
                0x080073e0       0x38 CMakeFiles/templa.elf.dir/Middlewares/Third_Party/FreeRTOS/Source/tasks.c.obj
                0x080073e0                vTaskPlaceOnEventListRestricted
 .text.xTaskRemoveFromEventList
                0x08007418       0x8c CMakeFiles/templa.elf.dir/Middlewares/Third_Party/FreeRTOS/Source/tasks.c.obj
                0x08007418                xTaskRemoveFromEventList
 .text.vTaskInternalSetTimeOutState
                0x080074a4       0x18 CMakeFiles/templa.elf.dir/Middlewares/Third_Party/FreeRTOS/Source/tasks.c.obj
                0x080074a4                vTaskInternalSetTimeOutState
 .text.xTaskCheckForTimeOut
                0x080074bc       0x84 CMakeFiles/templa.elf.dir/Middlewares/Third_Party/FreeRTOS/Source/tasks.c.obj
                0x080074bc                xTaskCheckForTimeOut
 .text.vTaskMissedYield
                0x08007540        0xc CMakeFiles/templa.elf.dir/Middlewares/Third_Party/FreeRTOS/Source/tasks.c.obj
                0x08007540                vTaskMissedYield
 .text.xTaskGetSchedulerState
                0x0800754c       0x20 CMakeFiles/templa.elf.dir/Middlewares/Third_Party/FreeRTOS/Source/tasks.c.obj
                0x0800754c                xTaskGetSchedulerState
 .text.xTaskPriorityInherit
                0x0800756c       0x98 CMakeFiles/templa.elf.dir/Middlewares/Third_Party/FreeRTOS/Source/tasks.c.obj
                0x0800756c                xTaskPriorityInherit
 .text.xTaskPriorityDisinherit
                0x08007604       0x90 CMakeFiles/templa.elf.dir/Middlewares/Third_Party/FreeRTOS/Source/tasks.c.obj
                0x08007604                xTaskPriorityDisinherit
 .text.vTaskPriorityDisinheritAfterTimeout
                0x08007694       0xa0 CMakeFiles/templa.elf.dir/Middlewares/Third_Party/FreeRTOS/Source/tasks.c.obj
                0x08007694                vTaskPriorityDisinheritAfterTimeout
 .text.pvTaskIncrementMutexHeldCount
                0x08007734       0x1c CMakeFiles/templa.elf.dir/Middlewares/Third_Party/FreeRTOS/Source/tasks.c.obj
                0x08007734                pvTaskIncrementMutexHeldCount
 .text.ulTaskNotifyTake
                0x08007750       0x80 CMakeFiles/templa.elf.dir/Middlewares/Third_Party/FreeRTOS/Source/tasks.c.obj
                0x08007750                ulTaskNotifyTake
 .text.xTaskGenericNotify
                0x080077d0       0xf0 CMakeFiles/templa.elf.dir/Middlewares/Third_Party/FreeRTOS/Source/tasks.c.obj
                0x080077d0                xTaskGenericNotify
 .text.prvGetNextExpireTime
                0x080078c0       0x20 CMakeFiles/templa.elf.dir/Middlewares/Third_Party/FreeRTOS/Source/timers.c.obj
 .text.prvInsertTimerInActiveList
                0x080078e0       0x48 CMakeFiles/templa.elf.dir/Middlewares/Third_Party/FreeRTOS/Source/timers.c.obj
 .text.prvCheckForValidListAndQueue
                0x08007928       0x70 CMakeFiles/templa.elf.dir/Middlewares/Third_Party/FreeRTOS/Source/timers.c.obj
 .text.xTimerCreateTimerTask
                0x08007998       0x64 CMakeFiles/templa.elf.dir/Middlewares/Third_Party/FreeRTOS/Source/timers.c.obj
                0x08007998                xTimerCreateTimerTask
 .text.xTimerGenericCommand
                0x080079fc       0x6c CMakeFiles/templa.elf.dir/Middlewares/Third_Party/FreeRTOS/Source/timers.c.obj
                0x080079fc                xTimerGenericCommand
 .text.prvSwitchTimerLists
                0x08007a68       0x78 CMakeFiles/templa.elf.dir/Middlewares/Third_Party/FreeRTOS/Source/timers.c.obj
 .text.prvSampleTimeNow
                0x08007ae0       0x2c CMakeFiles/templa.elf.dir/Middlewares/Third_Party/FreeRTOS/Source/timers.c.obj
 .text.prvProcessExpiredTimer
                0x08007b0c       0x60 CMakeFiles/templa.elf.dir/Middlewares/Third_Party/FreeRTOS/Source/timers.c.obj
 .text.prvProcessTimerOrBlockTask
                0x08007b6c       0x74 CMakeFiles/templa.elf.dir/Middlewares/Third_Party/FreeRTOS/Source/timers.c.obj
 .text.prvProcessReceivedCommands
                0x08007be0       0xf8 CMakeFiles/templa.elf.dir/Middlewares/Third_Party/FreeRTOS/Source/timers.c.obj
 .text.prvTimerTask
                0x08007cd8       0x16 CMakeFiles/templa.elf.dir/Middlewares/Third_Party/FreeRTOS/Source/timers.c.obj
 *fill*         0x08007cee        0x2 
 .text.__libc_init_array
                0x08007cf0       0x48 c:/gcc-arm-none-eabi-10.3-2021.10/bin/../lib/gcc/arm-none-eabi/10.3.1/../../../../arm-none-eabi/lib/thumb/v7-m/nofp\libc_nano.a(lib_a-init.o)
                0x08007cf0                __libc_init_array
 .text.memcmp   0x08007d38       0x20 c:/gcc-arm-none-eabi-10.3-2021.10/bin/../lib/gcc/arm-none-eabi/10.3.1/../../../../arm-none-eabi/lib/thumb/v7-m/nofp\libc_nano.a(lib_a-memcmp.o)
                0x08007d38                memcmp
 .text.memcpy   0x08007d58       0x1c c:/gcc-arm-none-eabi-10.3-2021.10/bin/../lib/gcc/arm-none-eabi/10.3.1/../../../../arm-none-eabi/lib/thumb/v7-m/nofp\libc_nano.a(lib_a-memcpy-stub.o)
                0x08007d58                memcpy
 .text.memset   0x08007d74       0x10 c:/gcc-arm-none-eabi-10.3-2021.10/bin/../lib/gcc/arm-none-eabi/10.3.1/../../../../arm-none-eabi/lib/thumb/v7-m/nofp\libc_nano.a(lib_a-memset.o)
                0x08007d74                memset
 .text.cleanup_glue
                0x08007d84       0x1a c:/gcc-arm-none-eabi-10.3-2021.10/bin/../lib/gcc/arm-none-eabi/10.3.1/../../../../arm-none-eabi/lib/thumb/v7-m/nofp\libc_nano.a(lib_a-reent.o)
                0x08007d84                cleanup_glue
 *fill*         0x08007d9e        0x2 
 .text._reclaim_reent
                0x08007da0       0xb8 c:/gcc-arm-none-eabi-10.3-2021.10/bin/../lib/gcc/arm-none-eabi/10.3.1/../../../../arm-none-eabi/lib/thumb/v7-m/nofp\libc_nano.a(lib_a-reent.o)
                0x08007da0                _reclaim_reent
 .text._free_r  0x08007e58       0x90 c:/gcc-arm-none-eabi-10.3-2021.10/bin/../lib/gcc/arm-none-eabi/10.3.1/../../../../arm-none-eabi/lib/thumb/v7-m/nofp\libc_nano.a(lib_a-nano-freer.o)
                0x08007e58                _free_r
 .text.__malloc_lock
                0x08007ee8        0xc c:/gcc-arm-none-eabi-10.3-2021.10/bin/../lib/gcc/arm-none-eabi/10.3.1/../../../../arm-none-eabi/lib/thumb/v7-m/nofp\libc_nano.a(lib_a-mlock.o)
                0x08007ee8                __malloc_lock
 .text.__malloc_unlock
                0x08007ef4        0xc c:/gcc-arm-none-eabi-10.3-2021.10/bin/../lib/gcc/arm-none-eabi/10.3.1/../../../../arm-none-eabi/lib/thumb/v7-m/nofp\libc_nano.a(lib_a-mlock.o)
                0x08007ef4                __malloc_unlock
 .text.__retarget_lock_acquire_recursive
                0x08007f00        0x2 c:/gcc-arm-none-eabi-10.3-2021.10/bin/../lib/gcc/arm-none-eabi/10.3.1/../../../../arm-none-eabi/lib/thumb/v7-m/nofp\libc_nano.a(lib_a-lock.o)
                0x08007f00                __retarget_lock_acquire_recursive
 .text.__retarget_lock_release_recursive
                0x08007f02        0x2 c:/gcc-arm-none-eabi-10.3-2021.10/bin/../lib/gcc/arm-none-eabi/10.3.1/../../../../arm-none-eabi/lib/thumb/v7-m/nofp\libc_nano.a(lib_a-lock.o)
                0x08007f02                __retarget_lock_release_recursive
 *(.glue_7)
 .glue_7        0x08007f04        0x0 linker stubs
 *(.glue_7t)
 .glue_7t       0x08007f04        0x0 linker stubs
 *(.eh_frame)
 *(.init)
 .init          0x08007f04        0x4 c:/gcc-arm-none-eabi-10.3-2021.10/bin/../lib/gcc/arm-none-eabi/10.3.1/thumb/v7-m/nofp/crti.o
                0x08007f04                _init
 .init          0x08007f08        0x8 c:/gcc-arm-none-eabi-10.3-2021.10/bin/../lib/gcc/arm-none-eabi/10.3.1/thumb/v7-m/nofp/crtn.o
 *(.fini)
 .fini          0x08007f10        0x4 c:/gcc-arm-none-eabi-10.3-2021.10/bin/../lib/gcc/arm-none-eabi/10.3.1/thumb/v7-m/nofp/crti.o
                0x08007f10                _fini
 .fini          0x08007f14        0x8 c:/gcc-arm-none-eabi-10.3-2021.10/bin/../lib/gcc/arm-none-eabi/10.3.1/thumb/v7-m/nofp/crtn.o
                0x08007f1c                . = ALIGN (0x4)
                0x08007f1c                _etext = .

.vfp11_veneer   0x08007f1c        0x0
 .vfp11_veneer  0x08007f1c        0x0 linker stubs

.v4_bx          0x08007f1c        0x0
 .v4_bx         0x08007f1c        0x0 linker stubs

.iplt           0x08007f1c        0x0
 .iplt          0x08007f1c        0x0 CMakeFiles/templa.elf.dir/Core/Src/MPU6050.c.obj

.rodata         0x08007f1c     0x13f4
                0x08007f1c                . = ALIGN (0x4)
 *(.rodata)
 *(.rodata*)
 .rodata.OLED_F8x16
                0x08007f1c      0x5f0 CMakeFiles/templa.elf.dir/Core/Src/OLED.c.obj
                0x08007f1c                OLED_F8x16
 .rodata.str1.4
                0x0800850c       0x5c CMakeFiles/templa.elf.dir/Core/Src/freertos.c.obj
 .rodata.UARST_RX_attributes
                0x08008568       0x10 CMakeFiles/templa.elf.dir/Core/Src/freertos.c.obj
                0x08008568                UARST_RX_attributes
 .rodata.USAR_RX_attributes
                0x08008578       0x18 CMakeFiles/templa.elf.dir/Core/Src/freertos.c.obj
                0x08008578                USAR_RX_attributes
 .rodata.defaultTask_attributes
                0x08008590       0x24 CMakeFiles/templa.elf.dir/Core/Src/freertos.c.obj
                0x08008590                defaultTask_attributes
 .rodata.myMutex01_attributes
                0x080085b4       0x10 CMakeFiles/templa.elf.dir/Core/Src/freertos.c.obj
                0x080085b4                myMutex01_attributes
 .rodata.myQueue01_attributes
                0x080085c4       0x18 CMakeFiles/templa.elf.dir/Core/Src/freertos.c.obj
                0x080085c4                myQueue01_attributes
 .rodata.myTask02_attributes
                0x080085dc       0x24 CMakeFiles/templa.elf.dir/Core/Src/freertos.c.obj
                0x080085dc                myTask02_attributes
 .rodata.myTask03_attributes
                0x08008600       0x24 CMakeFiles/templa.elf.dir/Core/Src/freertos.c.obj
                0x08008600                myTask03_attributes
 .rodata.myTask04_attributes
                0x08008624       0x24 CMakeFiles/templa.elf.dir/Core/Src/freertos.c.obj
                0x08008624                myTask04_attributes
 .rodata.hw     0x08008648        0xc CMakeFiles/templa.elf.dir/Core/Src/inv_mpu.c.obj
                0x08008648                hw
 .rodata.reg    0x08008654       0x1e CMakeFiles/templa.elf.dir/Core/Src/inv_mpu.c.obj
                0x08008654                reg
 *fill*         0x08008672        0x2 
 .rodata.test   0x08008674       0x28 CMakeFiles/templa.elf.dir/Core/Src/inv_mpu.c.obj
                0x08008674                test
 .rodata.dmp_set_orientation.str1.4
                0x0800869c       0x10 CMakeFiles/templa.elf.dir/Core/Src/inv_mpu_dmp_motion_driver.c.obj
 .rodata.dmp_set_fifo_rate.str1.4
                0x080086ac        0xd CMakeFiles/templa.elf.dir/Core/Src/inv_mpu_dmp_motion_driver.c.obj
 *fill*         0x080086b9        0x3 
 .rodata.dmp_enable_gyro_cal.str1.4
                0x080086bc       0x16 CMakeFiles/templa.elf.dir/Core/Src/inv_mpu_dmp_motion_driver.c.obj
 *fill*         0x080086d2        0x2 
 .rodata.dmp_memory
                0x080086d4      0xbf6 CMakeFiles/templa.elf.dir/Core/Src/inv_mpu_dmp_motion_driver.c.obj
 *fill*         0x080092ca        0x2 
 .rodata.AHBPrescTable
                0x080092cc       0x10 CMakeFiles/templa.elf.dir/Core/Src/system_stm32f1xx.c.obj
                0x080092cc                AHBPrescTable
 .rodata.APBPrescTable
                0x080092dc        0x8 CMakeFiles/templa.elf.dir/Core/Src/system_stm32f1xx.c.obj
                0x080092dc                APBPrescTable
 .rodata.aPLLMULFactorTable.1
                0x080092e4       0x10 CMakeFiles/templa.elf.dir/Drivers/STM32F1xx_HAL_Driver/Src/stm32f1xx_hal_rcc.c.obj
 .rodata.aPredivFactorTable.0
                0x080092f4        0x2 CMakeFiles/templa.elf.dir/Drivers/STM32F1xx_HAL_Driver/Src/stm32f1xx_hal_rcc.c.obj
 *fill*         0x080092f6        0x2 
 .rodata.vTaskStartScheduler.str1.4
                0x080092f8        0x5 CMakeFiles/templa.elf.dir/Middlewares/Third_Party/FreeRTOS/Source/tasks.c.obj
 *fill*         0x080092fd        0x3 
 .rodata.prvCheckForValidListAndQueue.str1.4
                0x08009300        0x5 CMakeFiles/templa.elf.dir/Middlewares/Third_Party/FreeRTOS/Source/timers.c.obj
 *fill*         0x08009305        0x3 
 .rodata.xTimerCreateTimerTask.str1.4
                0x08009308        0x8 CMakeFiles/templa.elf.dir/Middlewares/Third_Party/FreeRTOS/Source/timers.c.obj
                0x08009310                . = ALIGN (0x4)
                0x08009318                _sidata = LOADADDR (.data)

.ARM.exidx      0x08009310        0x8
 .ARM.exidx     0x08009310        0x8 c:/gcc-arm-none-eabi-10.3-2021.10/bin/../lib/gcc/arm-none-eabi/10.3.1/thumb/v7-m/nofp\libgcc.a(_udivmoddi4.o)

.rel.dyn        0x08009318        0x0
 .rel.iplt      0x08009318        0x0 CMakeFiles/templa.elf.dir/Core/Src/MPU6050.c.obj

.data           0x20000000       0xac load address 0x08009318
                0x20000000                . = ALIGN (0x4)
                0x20000000                _sdata = .
 *(.data)
 *(.data*)
 .data.gyro_orientation
                0x20000000        0x9 CMakeFiles/templa.elf.dir/Core/Src/MPU6050.c.obj
 *fill*         0x20000009        0x3 
 .data.st       0x2000000c       0x2c CMakeFiles/templa.elf.dir/Core/Src/inv_mpu.c.obj
 .data.SystemCoreClock
                0x20000038        0x4 CMakeFiles/templa.elf.dir/Core/Src/system_stm32f1xx.c.obj
                0x20000038                SystemCoreClock
 .data.uwTickFreq
                0x2000003c        0x1 CMakeFiles/templa.elf.dir/Drivers/STM32F1xx_HAL_Driver/Src/stm32f1xx_hal.c.obj
                0x2000003c                uwTickFreq
 *fill*         0x2000003d        0x3 
 .data.uwTickPrio
                0x20000040        0x4 CMakeFiles/templa.elf.dir/Drivers/STM32F1xx_HAL_Driver/Src/stm32f1xx_hal.c.obj
                0x20000040                uwTickPrio
 .data.uxCriticalNesting
                0x20000044        0x4 CMakeFiles/templa.elf.dir/Middlewares/Third_Party/FreeRTOS/Source/portable/GCC/ARM_CM3/port.c.obj
 .data._impure_ptr
                0x20000048        0x4 c:/gcc-arm-none-eabi-10.3-2021.10/bin/../lib/gcc/arm-none-eabi/10.3.1/../../../../arm-none-eabi/lib/thumb/v7-m/nofp\libc_nano.a(lib_a-impure.o)
                0x20000048                _impure_ptr
 .data.impure_data
                0x2000004c       0x60 c:/gcc-arm-none-eabi-10.3-2021.10/bin/../lib/gcc/arm-none-eabi/10.3.1/../../../../arm-none-eabi/lib/thumb/v7-m/nofp\libc_nano.a(lib_a-impure.o)
 *(.RamFunc)
 *(.RamFunc*)
                0x200000ac                . = ALIGN (0x4)
                0x200000ac                _edata = .

.igot.plt       0x200000ac        0x0 load address 0x080093c4
 .igot.plt      0x200000ac        0x0 CMakeFiles/templa.elf.dir/Core/Src/MPU6050.c.obj
                0x200000ac                . = ALIGN (0x4)

.bss            0x200000b0     0x3edc load address 0x080093c4
                0x200000b0                _sbss = .
                0x200000b0                __bss_start__ = _sbss
 *(.bss)
 *(.bss*)
 .bss.Rx.1      0x200000b0        0x1 CMakeFiles/templa.elf.dir/Core/Src/freertos.c.obj
 *fill*         0x200000b1        0x3 
 .bss.UARST_RXHandle
                0x200000b4        0x4 CMakeFiles/templa.elf.dir/Core/Src/freertos.c.obj
                0x200000b4                UARST_RXHandle
 .bss.USAR_RXHandle
                0x200000b8        0x4 CMakeFiles/templa.elf.dir/Core/Src/freertos.c.obj
                0x200000b8                USAR_RXHandle
 .bss.count.2   0x200000bc        0x4 CMakeFiles/templa.elf.dir/Core/Src/freertos.c.obj
 .bss.count.3   0x200000c0        0x4 CMakeFiles/templa.elf.dir/Core/Src/freertos.c.obj
 .bss.count.4   0x200000c4        0x2 CMakeFiles/templa.elf.dir/Core/Src/freertos.c.obj
 *fill*         0x200000c6        0x2 
 .bss.defaultTaskHandle
                0x200000c8        0x4 CMakeFiles/templa.elf.dir/Core/Src/freertos.c.obj
                0x200000c8                defaultTaskHandle
 .bss.myMutex01Handle
                0x200000cc        0x4 CMakeFiles/templa.elf.dir/Core/Src/freertos.c.obj
                0x200000cc                myMutex01Handle
 .bss.myQueue01Handle
                0x200000d0        0x4 CMakeFiles/templa.elf.dir/Core/Src/freertos.c.obj
                0x200000d0                myQueue01Handle
 .bss.myTask02Handle
                0x200000d4        0x4 CMakeFiles/templa.elf.dir/Core/Src/freertos.c.obj
                0x200000d4                myTask02Handle
 .bss.myTask03Handle
                0x200000d8        0x4 CMakeFiles/templa.elf.dir/Core/Src/freertos.c.obj
                0x200000d8                myTask03Handle
 .bss.myTask04Handle
                0x200000dc        0x4 CMakeFiles/templa.elf.dir/Core/Src/freertos.c.obj
                0x200000dc                myTask04Handle
 .bss.uart.0    0x200000e0        0x1 CMakeFiles/templa.elf.dir/Core/Src/freertos.c.obj
 *fill*         0x200000e1        0x3 
 .bss.hi2c1     0x200000e4       0x54 CMakeFiles/templa.elf.dir/Core/Src/i2c.c.obj
                0x200000e4                hi2c1
 .bss.dmp       0x20000138       0x10 CMakeFiles/templa.elf.dir/Core/Src/inv_mpu_dmp_motion_driver.c.obj
 .bss.uart      0x20000148        0x1 CMakeFiles/templa.elf.dir/Core/Src/main.c.obj
                0x20000148                uart
 *fill*         0x20000149        0x3 
 .bss.htim4     0x2000014c       0x48 CMakeFiles/templa.elf.dir/Core/Src/stm32f1xx_hal_timebase_tim.c.obj
                0x2000014c                htim4
 .bss.huart1    0x20000194       0x48 CMakeFiles/templa.elf.dir/Core/Src/usart.c.obj
                0x20000194                huart1
 .bss.uwTick    0x200001dc        0x4 CMakeFiles/templa.elf.dir/Drivers/STM32F1xx_HAL_Driver/Src/stm32f1xx_hal.c.obj
                0x200001dc                uwTick
 .bss.Idle_Stack
                0x200001e0      0x200 CMakeFiles/templa.elf.dir/Middlewares/Third_Party/FreeRTOS/Source/CMSIS_RTOS_V2/cmsis_os2.c.obj
 .bss.Idle_TCB  0x200003e0      0x488 CMakeFiles/templa.elf.dir/Middlewares/Third_Party/FreeRTOS/Source/CMSIS_RTOS_V2/cmsis_os2.c.obj
 .bss.KernelState
                0x20000868        0x4 CMakeFiles/templa.elf.dir/Middlewares/Third_Party/FreeRTOS/Source/CMSIS_RTOS_V2/cmsis_os2.c.obj
 .bss.Timer_Stack
                0x2000086c      0x400 CMakeFiles/templa.elf.dir/Middlewares/Third_Party/FreeRTOS/Source/CMSIS_RTOS_V2/cmsis_os2.c.obj
 *fill*         0x20000c6c        0x4 
 .bss.Timer_TCB
                0x20000c70      0x488 CMakeFiles/templa.elf.dir/Middlewares/Third_Party/FreeRTOS/Source/CMSIS_RTOS_V2/cmsis_os2.c.obj
 .bss.ucMaxSysCallPriority
                0x200010f8        0x1 CMakeFiles/templa.elf.dir/Middlewares/Third_Party/FreeRTOS/Source/portable/GCC/ARM_CM3/port.c.obj
 *fill*         0x200010f9        0x3 
 .bss.ulMaxPRIGROUPValue
                0x200010fc        0x4 CMakeFiles/templa.elf.dir/Middlewares/Third_Party/FreeRTOS/Source/portable/GCC/ARM_CM3/port.c.obj
 .bss.pxEnd     0x20001100        0x4 CMakeFiles/templa.elf.dir/Middlewares/Third_Party/FreeRTOS/Source/portable/MemMang/heap_4.c.obj
 .bss.ucHeap    0x20001104     0x2800 CMakeFiles/templa.elf.dir/Middlewares/Third_Party/FreeRTOS/Source/portable/MemMang/heap_4.c.obj
 .bss.xBlockAllocatedBit
                0x20003904        0x4 CMakeFiles/templa.elf.dir/Middlewares/Third_Party/FreeRTOS/Source/portable/MemMang/heap_4.c.obj
 .bss.xFreeBytesRemaining
                0x20003908        0x4 CMakeFiles/templa.elf.dir/Middlewares/Third_Party/FreeRTOS/Source/portable/MemMang/heap_4.c.obj
 .bss.xMinimumEverFreeBytesRemaining
                0x2000390c        0x4 CMakeFiles/templa.elf.dir/Middlewares/Third_Party/FreeRTOS/Source/portable/MemMang/heap_4.c.obj
 .bss.xStart    0x20003910        0x8 CMakeFiles/templa.elf.dir/Middlewares/Third_Party/FreeRTOS/Source/portable/MemMang/heap_4.c.obj
 .bss.xQueueRegistry
                0x20003918       0x40 CMakeFiles/templa.elf.dir/Middlewares/Third_Party/FreeRTOS/Source/queue.c.obj
                0x20003918                xQueueRegistry
 .bss.pxCurrentTCB
                0x20003958        0x4 CMakeFiles/templa.elf.dir/Middlewares/Third_Party/FreeRTOS/Source/tasks.c.obj
                0x20003958                pxCurrentTCB
 .bss.pxDelayedTaskList
                0x2000395c        0x4 CMakeFiles/templa.elf.dir/Middlewares/Third_Party/FreeRTOS/Source/tasks.c.obj
 .bss.pxOverflowDelayedTaskList
                0x20003960        0x4 CMakeFiles/templa.elf.dir/Middlewares/Third_Party/FreeRTOS/Source/tasks.c.obj
 .bss.pxReadyTasksLists
                0x20003964      0x460 CMakeFiles/templa.elf.dir/Middlewares/Third_Party/FreeRTOS/Source/tasks.c.obj
 .bss.uxCurrentNumberOfTasks
                0x20003dc4        0x4 CMakeFiles/templa.elf.dir/Middlewares/Third_Party/FreeRTOS/Source/tasks.c.obj
 .bss.uxDeletedTasksWaitingCleanUp
                0x20003dc8        0x4 CMakeFiles/templa.elf.dir/Middlewares/Third_Party/FreeRTOS/Source/tasks.c.obj
 .bss.uxPendedTicks
                0x20003dcc        0x4 CMakeFiles/templa.elf.dir/Middlewares/Third_Party/FreeRTOS/Source/tasks.c.obj
 .bss.uxSchedulerSuspended
                0x20003dd0        0x4 CMakeFiles/templa.elf.dir/Middlewares/Third_Party/FreeRTOS/Source/tasks.c.obj
 .bss.uxTaskNumber
                0x20003dd4        0x4 CMakeFiles/templa.elf.dir/Middlewares/Third_Party/FreeRTOS/Source/tasks.c.obj
 .bss.uxTopReadyPriority
                0x20003dd8        0x4 CMakeFiles/templa.elf.dir/Middlewares/Third_Party/FreeRTOS/Source/tasks.c.obj
 .bss.xDelayedTaskList1
                0x20003ddc       0x14 CMakeFiles/templa.elf.dir/Middlewares/Third_Party/FreeRTOS/Source/tasks.c.obj
 .bss.xDelayedTaskList2
                0x20003df0       0x14 CMakeFiles/templa.elf.dir/Middlewares/Third_Party/FreeRTOS/Source/tasks.c.obj
 .bss.xIdleTaskHandle
                0x20003e04        0x4 CMakeFiles/templa.elf.dir/Middlewares/Third_Party/FreeRTOS/Source/tasks.c.obj
 .bss.xNextTaskUnblockTime
                0x20003e08        0x4 CMakeFiles/templa.elf.dir/Middlewares/Third_Party/FreeRTOS/Source/tasks.c.obj
 .bss.xNumOfOverflows
                0x20003e0c        0x4 CMakeFiles/templa.elf.dir/Middlewares/Third_Party/FreeRTOS/Source/tasks.c.obj
 .bss.xPendingReadyList
                0x20003e10       0x14 CMakeFiles/templa.elf.dir/Middlewares/Third_Party/FreeRTOS/Source/tasks.c.obj
 .bss.xSchedulerRunning
                0x20003e24        0x4 CMakeFiles/templa.elf.dir/Middlewares/Third_Party/FreeRTOS/Source/tasks.c.obj
 .bss.xSuspendedTaskList
                0x20003e28       0x14 CMakeFiles/templa.elf.dir/Middlewares/Third_Party/FreeRTOS/Source/tasks.c.obj
 .bss.xTasksWaitingTermination
                0x20003e3c       0x14 CMakeFiles/templa.elf.dir/Middlewares/Third_Party/FreeRTOS/Source/tasks.c.obj
 .bss.xTickCount
                0x20003e50        0x4 CMakeFiles/templa.elf.dir/Middlewares/Third_Party/FreeRTOS/Source/tasks.c.obj
 .bss.xYieldPending
                0x20003e54        0x4 CMakeFiles/templa.elf.dir/Middlewares/Third_Party/FreeRTOS/Source/tasks.c.obj
 .bss.pxCurrentTimerList
                0x20003e58        0x4 CMakeFiles/templa.elf.dir/Middlewares/Third_Party/FreeRTOS/Source/timers.c.obj
 .bss.pxOverflowTimerList
                0x20003e5c        0x4 CMakeFiles/templa.elf.dir/Middlewares/Third_Party/FreeRTOS/Source/timers.c.obj
 .bss.ucStaticTimerQueueStorage.1
                0x20003e60       0xa0 CMakeFiles/templa.elf.dir/Middlewares/Third_Party/FreeRTOS/Source/timers.c.obj
 .bss.xActiveTimerList1
                0x20003f00       0x14 CMakeFiles/templa.elf.dir/Middlewares/Third_Party/FreeRTOS/Source/timers.c.obj
 .bss.xActiveTimerList2
                0x20003f14       0x14 CMakeFiles/templa.elf.dir/Middlewares/Third_Party/FreeRTOS/Source/timers.c.obj
 .bss.xLastTime.2
                0x20003f28        0x4 CMakeFiles/templa.elf.dir/Middlewares/Third_Party/FreeRTOS/Source/timers.c.obj
 .bss.xStaticTimerQueue.0
                0x20003f2c       0x50 CMakeFiles/templa.elf.dir/Middlewares/Third_Party/FreeRTOS/Source/timers.c.obj
 .bss.xTimerQueue
                0x20003f7c        0x4 CMakeFiles/templa.elf.dir/Middlewares/Third_Party/FreeRTOS/Source/timers.c.obj
 .bss.xTimerTaskHandle
                0x20003f80        0x4 CMakeFiles/templa.elf.dir/Middlewares/Third_Party/FreeRTOS/Source/timers.c.obj
 .bss.__malloc_free_list
                0x20003f84        0x4 c:/gcc-arm-none-eabi-10.3-2021.10/bin/../lib/gcc/arm-none-eabi/10.3.1/../../../../arm-none-eabi/lib/thumb/v7-m/nofp\libc_nano.a(lib_a-nano-mallocr.o)
                0x20003f84                __malloc_free_list
 .bss.__lock___malloc_recursive_mutex
                0x20003f88        0x1 c:/gcc-arm-none-eabi-10.3-2021.10/bin/../lib/gcc/arm-none-eabi/10.3.1/../../../../arm-none-eabi/lib/thumb/v7-m/nofp\libc_nano.a(lib_a-lock.o)
                0x20003f88                __lock___malloc_recursive_mutex
 *(COMMON)
                0x20003f8c                . = ALIGN (0x4)
 *fill*         0x20003f89        0x3 
                0x20003f8c                _ebss = .
                0x20003f8c                __bss_end__ = _ebss

._user_heap_stack
                0x20003f8c      0x604 load address 0x080093c4
                0x20003f90                . = ALIGN (0x8)
 *fill*         0x20003f8c        0x4 
                [!provide]                PROVIDE (end = .)
                0x20003f90                PROVIDE (_end = .)
                0x20004190                . = (. + _Min_Heap_Size)
 *fill*         0x20003f90      0x200 
                0x20004590                . = (. + _Min_Stack_Size)
 *fill*         0x20004190      0x400 
                0x20004590                . = ALIGN (0x8)

/DISCARD/
 libc.a(*)
 libm.a(*)
 libgcc.a(*)

.ARM.attributes
                0x00000000       0x29
 *(.ARM.attributes)
 .ARM.attributes
                0x00000000       0x1d c:/gcc-arm-none-eabi-10.3-2021.10/bin/../lib/gcc/arm-none-eabi/10.3.1/thumb/v7-m/nofp/crti.o
 .ARM.attributes
                0x0000001d       0x2d CMakeFiles/templa.elf.dir/Core/Src/MPU6050.c.obj
 .ARM.attributes
                0x0000004a       0x2d CMakeFiles/templa.elf.dir/Core/Src/OLED.c.obj
 .ARM.attributes
                0x00000077       0x2d CMakeFiles/templa.elf.dir/Core/Src/freertos.c.obj
 .ARM.attributes
                0x000000a4       0x2d CMakeFiles/templa.elf.dir/Core/Src/gpio.c.obj
 .ARM.attributes
                0x000000d1       0x2d CMakeFiles/templa.elf.dir/Core/Src/i2c.c.obj
 .ARM.attributes
                0x000000fe       0x2d CMakeFiles/templa.elf.dir/Core/Src/inv_mpu.c.obj
 .ARM.attributes
                0x0000012b       0x2d CMakeFiles/templa.elf.dir/Core/Src/inv_mpu_dmp_motion_driver.c.obj
 .ARM.attributes
                0x00000158       0x2d CMakeFiles/templa.elf.dir/Core/Src/main.c.obj
 .ARM.attributes
                0x00000185       0x2d CMakeFiles/templa.elf.dir/Core/Src/stm32f1xx_hal_msp.c.obj
 .ARM.attributes
                0x000001b2       0x2d CMakeFiles/templa.elf.dir/Core/Src/stm32f1xx_hal_timebase_tim.c.obj
 .ARM.attributes
                0x000001df       0x2d CMakeFiles/templa.elf.dir/Core/Src/stm32f1xx_it.c.obj
 .ARM.attributes
                0x0000020c       0x2d CMakeFiles/templa.elf.dir/Core/Src/system_stm32f1xx.c.obj
 .ARM.attributes
                0x00000239       0x2d CMakeFiles/templa.elf.dir/Core/Src/usart.c.obj
 .ARM.attributes
                0x00000266       0x21 CMakeFiles/templa.elf.dir/Core/Startup/startup_stm32f103c8tx.s.obj
 .ARM.attributes
                0x00000287       0x2d CMakeFiles/templa.elf.dir/Drivers/STM32F1xx_HAL_Driver/Src/stm32f1xx_hal.c.obj
 .ARM.attributes
                0x000002b4       0x2d CMakeFiles/templa.elf.dir/Drivers/STM32F1xx_HAL_Driver/Src/stm32f1xx_hal_cortex.c.obj
 .ARM.attributes
                0x000002e1       0x2d CMakeFiles/templa.elf.dir/Drivers/STM32F1xx_HAL_Driver/Src/stm32f1xx_hal_dma.c.obj
 .ARM.attributes
                0x0000030e       0x2d CMakeFiles/templa.elf.dir/Drivers/STM32F1xx_HAL_Driver/Src/stm32f1xx_hal_gpio.c.obj
 .ARM.attributes
                0x0000033b       0x2d CMakeFiles/templa.elf.dir/Drivers/STM32F1xx_HAL_Driver/Src/stm32f1xx_hal_i2c.c.obj
 .ARM.attributes
                0x00000368       0x2d CMakeFiles/templa.elf.dir/Drivers/STM32F1xx_HAL_Driver/Src/stm32f1xx_hal_rcc.c.obj
 .ARM.attributes
                0x00000395       0x2d CMakeFiles/templa.elf.dir/Drivers/STM32F1xx_HAL_Driver/Src/stm32f1xx_hal_tim.c.obj
 .ARM.attributes
                0x000003c2       0x2d CMakeFiles/templa.elf.dir/Drivers/STM32F1xx_HAL_Driver/Src/stm32f1xx_hal_tim_ex.c.obj
 .ARM.attributes
                0x000003ef       0x2d CMakeFiles/templa.elf.dir/Drivers/STM32F1xx_HAL_Driver/Src/stm32f1xx_hal_uart.c.obj
 .ARM.attributes
                0x0000041c       0x2d CMakeFiles/templa.elf.dir/Middlewares/Third_Party/FreeRTOS/Source/CMSIS_RTOS_V2/cmsis_os2.c.obj
 .ARM.attributes
                0x00000449       0x2d CMakeFiles/templa.elf.dir/Middlewares/Third_Party/FreeRTOS/Source/list.c.obj
 .ARM.attributes
                0x00000476       0x2d CMakeFiles/templa.elf.dir/Middlewares/Third_Party/FreeRTOS/Source/portable/GCC/ARM_CM3/port.c.obj
 .ARM.attributes
                0x000004a3       0x2d CMakeFiles/templa.elf.dir/Middlewares/Third_Party/FreeRTOS/Source/portable/MemMang/heap_4.c.obj
 .ARM.attributes
                0x000004d0       0x2d CMakeFiles/templa.elf.dir/Middlewares/Third_Party/FreeRTOS/Source/queue.c.obj
 .ARM.attributes
                0x000004fd       0x2d CMakeFiles/templa.elf.dir/Middlewares/Third_Party/FreeRTOS/Source/tasks.c.obj
 .ARM.attributes
                0x0000052a       0x2d CMakeFiles/templa.elf.dir/Middlewares/Third_Party/FreeRTOS/Source/timers.c.obj
 .ARM.attributes
                0x00000557       0x1d c:/gcc-arm-none-eabi-10.3-2021.10/bin/../lib/gcc/arm-none-eabi/10.3.1/thumb/v7-m/nofp\libgcc.a(_arm_addsubsf3.o)
 .ARM.attributes
                0x00000574       0x1d c:/gcc-arm-none-eabi-10.3-2021.10/bin/../lib/gcc/arm-none-eabi/10.3.1/thumb/v7-m/nofp\libgcc.a(_arm_muldivsf3.o)
 .ARM.attributes
                0x00000591       0x1d c:/gcc-arm-none-eabi-10.3-2021.10/bin/../lib/gcc/arm-none-eabi/10.3.1/thumb/v7-m/nofp\libgcc.a(_arm_cmpsf2.o)
 .ARM.attributes
                0x000005ae       0x1d c:/gcc-arm-none-eabi-10.3-2021.10/bin/../lib/gcc/arm-none-eabi/10.3.1/thumb/v7-m/nofp\libgcc.a(_arm_fixsfsi.o)
 .ARM.attributes
                0x000005cb       0x1d c:/gcc-arm-none-eabi-10.3-2021.10/bin/../lib/gcc/arm-none-eabi/10.3.1/thumb/v7-m/nofp\libgcc.a(_arm_fixunssfsi.o)
 .ARM.attributes
                0x000005e8       0x1d c:/gcc-arm-none-eabi-10.3-2021.10/bin/../lib/gcc/arm-none-eabi/10.3.1/thumb/v7-m/nofp\libgcc.a(_aeabi_ldivmod.o)
 .ARM.attributes
                0x00000605       0x2d c:/gcc-arm-none-eabi-10.3-2021.10/bin/../lib/gcc/arm-none-eabi/10.3.1/thumb/v7-m/nofp\libgcc.a(_udivmoddi4.o)
 .ARM.attributes
                0x00000632       0x1d c:/gcc-arm-none-eabi-10.3-2021.10/bin/../lib/gcc/arm-none-eabi/10.3.1/thumb/v7-m/nofp\libgcc.a(_dvmd_tls.o)
 .ARM.attributes
                0x0000064f       0x2d c:/gcc-arm-none-eabi-10.3-2021.10/bin/../lib/gcc/arm-none-eabi/10.3.1/../../../../arm-none-eabi/lib/thumb/v7-m/nofp\libc_nano.a(lib_a-impure.o)
 .ARM.attributes
                0x0000067c       0x2d c:/gcc-arm-none-eabi-10.3-2021.10/bin/../lib/gcc/arm-none-eabi/10.3.1/../../../../arm-none-eabi/lib/thumb/v7-m/nofp\libc_nano.a(lib_a-init.o)
 .ARM.attributes
                0x000006a9       0x2d c:/gcc-arm-none-eabi-10.3-2021.10/bin/../lib/gcc/arm-none-eabi/10.3.1/../../../../arm-none-eabi/lib/thumb/v7-m/nofp\libc_nano.a(lib_a-memcmp.o)
 .ARM.attributes
                0x000006d6       0x2d c:/gcc-arm-none-eabi-10.3-2021.10/bin/../lib/gcc/arm-none-eabi/10.3.1/../../../../arm-none-eabi/lib/thumb/v7-m/nofp\libc_nano.a(lib_a-memcpy-stub.o)
 .ARM.attributes
                0x00000703       0x2d c:/gcc-arm-none-eabi-10.3-2021.10/bin/../lib/gcc/arm-none-eabi/10.3.1/../../../../arm-none-eabi/lib/thumb/v7-m/nofp\libc_nano.a(lib_a-memset.o)
 .ARM.attributes
                0x00000730       0x2d c:/gcc-arm-none-eabi-10.3-2021.10/bin/../lib/gcc/arm-none-eabi/10.3.1/../../../../arm-none-eabi/lib/thumb/v7-m/nofp\libc_nano.a(lib_a-reent.o)
 .ARM.attributes
                0x0000075d       0x2d c:/gcc-arm-none-eabi-10.3-2021.10/bin/../lib/gcc/arm-none-eabi/10.3.1/../../../../arm-none-eabi/lib/thumb/v7-m/nofp\libc_nano.a(lib_a-nano-freer.o)
 .ARM.attributes
                0x0000078a       0x2d c:/gcc-arm-none-eabi-10.3-2021.10/bin/../lib/gcc/arm-none-eabi/10.3.1/../../../../arm-none-eabi/lib/thumb/v7-m/nofp\libc_nano.a(lib_a-nano-mallocr.o)
 .ARM.attributes
                0x000007b7       0x2d c:/gcc-arm-none-eabi-10.3-2021.10/bin/../lib/gcc/arm-none-eabi/10.3.1/../../../../arm-none-eabi/lib/thumb/v7-m/nofp\libc_nano.a(lib_a-mlock.o)
 .ARM.attributes
                0x000007e4       0x2d c:/gcc-arm-none-eabi-10.3-2021.10/bin/../lib/gcc/arm-none-eabi/10.3.1/../../../../arm-none-eabi/lib/thumb/v7-m/nofp\libc_nano.a(lib_a-lock.o)
 .ARM.attributes
                0x00000811       0x1d c:/gcc-arm-none-eabi-10.3-2021.10/bin/../lib/gcc/arm-none-eabi/10.3.1/thumb/v7-m/nofp/crtn.o
OUTPUT(templa.elf elf32-littlearm)
LOAD linker stubs
LOAD c:/gcc-arm-none-eabi-10.3-2021.10/bin/../lib/gcc/arm-none-eabi/10.3.1/../../../../arm-none-eabi/lib/thumb/v7-m/nofp\libc.a
LOAD c:/gcc-arm-none-eabi-10.3-2021.10/bin/../lib/gcc/arm-none-eabi/10.3.1/../../../../arm-none-eabi/lib/thumb/v7-m/nofp\libm.a
LOAD c:/gcc-arm-none-eabi-10.3-2021.10/bin/../lib/gcc/arm-none-eabi/10.3.1/thumb/v7-m/nofp\libgcc.a

.debug_info     0x00000000    0x2897e
 .debug_info    0x00000000      0x7ce CMakeFiles/templa.elf.dir/Core/Src/MPU6050.c.obj
 .debug_info    0x000007ce      0xc8b CMakeFiles/templa.elf.dir/Core/Src/OLED.c.obj
 .debug_info    0x00001459     0x10c0 CMakeFiles/templa.elf.dir/Core/Src/freertos.c.obj
 .debug_info    0x00002519      0x368 CMakeFiles/templa.elf.dir/Core/Src/gpio.c.obj
 .debug_info    0x00002881      0x8a4 CMakeFiles/templa.elf.dir/Core/Src/i2c.c.obj
 .debug_info    0x00003125     0x2f37 CMakeFiles/templa.elf.dir/Core/Src/inv_mpu.c.obj
 .debug_info    0x0000605c     0x137c CMakeFiles/templa.elf.dir/Core/Src/inv_mpu_dmp_motion_driver.c.obj
 .debug_info    0x000073d8      0xc4a CMakeFiles/templa.elf.dir/Core/Src/main.c.obj
 .debug_info    0x00008022      0x387 CMakeFiles/templa.elf.dir/Core/Src/stm32f1xx_hal_msp.c.obj
 .debug_info    0x000083a9      0xa4e CMakeFiles/templa.elf.dir/Core/Src/stm32f1xx_hal_timebase_tim.c.obj
 .debug_info    0x00008df7      0x978 CMakeFiles/templa.elf.dir/Core/Src/stm32f1xx_it.c.obj
 .debug_info    0x0000976f      0x248 CMakeFiles/templa.elf.dir/Core/Src/system_stm32f1xx.c.obj
 .debug_info    0x000099b7      0xa71 CMakeFiles/templa.elf.dir/Core/Src/usart.c.obj
 .debug_info    0x0000a428       0x22 CMakeFiles/templa.elf.dir/Core/Startup/startup_stm32f103c8tx.s.obj
 .debug_info    0x0000a44a      0x7a8 CMakeFiles/templa.elf.dir/Drivers/STM32F1xx_HAL_Driver/Src/stm32f1xx_hal.c.obj
 .debug_info    0x0000abf2      0xd8a CMakeFiles/templa.elf.dir/Drivers/STM32F1xx_HAL_Driver/Src/stm32f1xx_hal_cortex.c.obj
 .debug_info    0x0000b97c      0x84b CMakeFiles/templa.elf.dir/Drivers/STM32F1xx_HAL_Driver/Src/stm32f1xx_hal_dma.c.obj
 .debug_info    0x0000c1c7      0x66f CMakeFiles/templa.elf.dir/Drivers/STM32F1xx_HAL_Driver/Src/stm32f1xx_hal_gpio.c.obj
 .debug_info    0x0000c836     0x3ab6 CMakeFiles/templa.elf.dir/Drivers/STM32F1xx_HAL_Driver/Src/stm32f1xx_hal_i2c.c.obj
 .debug_info    0x000102ec      0xa3b CMakeFiles/templa.elf.dir/Drivers/STM32F1xx_HAL_Driver/Src/stm32f1xx_hal_rcc.c.obj
 .debug_info    0x00010d27     0x3d52 CMakeFiles/templa.elf.dir/Drivers/STM32F1xx_HAL_Driver/Src/stm32f1xx_hal_tim.c.obj
 .debug_info    0x00014a79     0x1abb CMakeFiles/templa.elf.dir/Drivers/STM32F1xx_HAL_Driver/Src/stm32f1xx_hal_tim_ex.c.obj
 .debug_info    0x00016534     0x4212 CMakeFiles/templa.elf.dir/Drivers/STM32F1xx_HAL_Driver/Src/stm32f1xx_hal_uart.c.obj
 .debug_info    0x0001a746     0x539a CMakeFiles/templa.elf.dir/Middlewares/Third_Party/FreeRTOS/Source/CMSIS_RTOS_V2/cmsis_os2.c.obj
 .debug_info    0x0001fae0      0x2da CMakeFiles/templa.elf.dir/Middlewares/Third_Party/FreeRTOS/Source/list.c.obj
 .debug_info    0x0001fdba      0x52b CMakeFiles/templa.elf.dir/Middlewares/Third_Party/FreeRTOS/Source/portable/GCC/ARM_CM3/port.c.obj
 .debug_info    0x000202e5      0x471 CMakeFiles/templa.elf.dir/Middlewares/Third_Party/FreeRTOS/Source/portable/MemMang/heap_4.c.obj
 .debug_info    0x00020756     0x2733 CMakeFiles/templa.elf.dir/Middlewares/Third_Party/FreeRTOS/Source/queue.c.obj
 .debug_info    0x00022e89     0x390b CMakeFiles/templa.elf.dir/Middlewares/Third_Party/FreeRTOS/Source/tasks.c.obj
 .debug_info    0x00026794     0x21ea CMakeFiles/templa.elf.dir/Middlewares/Third_Party/FreeRTOS/Source/timers.c.obj

.debug_abbrev   0x00000000     0x425e
 .debug_abbrev  0x00000000      0x15f CMakeFiles/templa.elf.dir/Core/Src/MPU6050.c.obj
 .debug_abbrev  0x0000015f      0x1c5 CMakeFiles/templa.elf.dir/Core/Src/OLED.c.obj
 .debug_abbrev  0x00000324      0x250 CMakeFiles/templa.elf.dir/Core/Src/freertos.c.obj
 .debug_abbrev  0x00000574      0x13c CMakeFiles/templa.elf.dir/Core/Src/gpio.c.obj
 .debug_abbrev  0x000006b0      0x1c1 CMakeFiles/templa.elf.dir/Core/Src/i2c.c.obj
 .debug_abbrev  0x00000871      0x2d8 CMakeFiles/templa.elf.dir/Core/Src/inv_mpu.c.obj
 .debug_abbrev  0x00000b49      0x1d2 CMakeFiles/templa.elf.dir/Core/Src/inv_mpu_dmp_motion_driver.c.obj
 .debug_abbrev  0x00000d1b      0x231 CMakeFiles/templa.elf.dir/Core/Src/main.c.obj
 .debug_abbrev  0x00000f4c      0x12d CMakeFiles/templa.elf.dir/Core/Src/stm32f1xx_hal_msp.c.obj
 .debug_abbrev  0x00001079      0x1ff CMakeFiles/templa.elf.dir/Core/Src/stm32f1xx_hal_timebase_tim.c.obj
 .debug_abbrev  0x00001278      0x180 CMakeFiles/templa.elf.dir/Core/Src/stm32f1xx_it.c.obj
 .debug_abbrev  0x000013f8      0x13e CMakeFiles/templa.elf.dir/Core/Src/system_stm32f1xx.c.obj
 .debug_abbrev  0x00001536      0x203 CMakeFiles/templa.elf.dir/Core/Src/usart.c.obj
 .debug_abbrev  0x00001739       0x12 CMakeFiles/templa.elf.dir/Core/Startup/startup_stm32f103c8tx.s.obj
 .debug_abbrev  0x0000174b      0x1f4 CMakeFiles/templa.elf.dir/Drivers/STM32F1xx_HAL_Driver/Src/stm32f1xx_hal.c.obj
 .debug_abbrev  0x0000193f      0x341 CMakeFiles/templa.elf.dir/Drivers/STM32F1xx_HAL_Driver/Src/stm32f1xx_hal_cortex.c.obj
 .debug_abbrev  0x00001c80      0x223 CMakeFiles/templa.elf.dir/Drivers/STM32F1xx_HAL_Driver/Src/stm32f1xx_hal_dma.c.obj
 .debug_abbrev  0x00001ea3      0x1e6 CMakeFiles/templa.elf.dir/Drivers/STM32F1xx_HAL_Driver/Src/stm32f1xx_hal_gpio.c.obj
 .debug_abbrev  0x00002089      0x293 CMakeFiles/templa.elf.dir/Drivers/STM32F1xx_HAL_Driver/Src/stm32f1xx_hal_i2c.c.obj
 .debug_abbrev  0x0000231c      0x27a CMakeFiles/templa.elf.dir/Drivers/STM32F1xx_HAL_Driver/Src/stm32f1xx_hal_rcc.c.obj
 .debug_abbrev  0x00002596      0x245 CMakeFiles/templa.elf.dir/Drivers/STM32F1xx_HAL_Driver/Src/stm32f1xx_hal_tim.c.obj
 .debug_abbrev  0x000027db      0x248 CMakeFiles/templa.elf.dir/Drivers/STM32F1xx_HAL_Driver/Src/stm32f1xx_hal_tim_ex.c.obj
 .debug_abbrev  0x00002a23      0x2dd CMakeFiles/templa.elf.dir/Drivers/STM32F1xx_HAL_Driver/Src/stm32f1xx_hal_uart.c.obj
 .debug_abbrev  0x00002d00      0x495 CMakeFiles/templa.elf.dir/Middlewares/Third_Party/FreeRTOS/Source/CMSIS_RTOS_V2/cmsis_os2.c.obj
 .debug_abbrev  0x00003195      0x106 CMakeFiles/templa.elf.dir/Middlewares/Third_Party/FreeRTOS/Source/list.c.obj
 .debug_abbrev  0x0000329b      0x27e CMakeFiles/templa.elf.dir/Middlewares/Third_Party/FreeRTOS/Source/portable/GCC/ARM_CM3/port.c.obj
 .debug_abbrev  0x00003519      0x238 CMakeFiles/templa.elf.dir/Middlewares/Third_Party/FreeRTOS/Source/portable/MemMang/heap_4.c.obj
 .debug_abbrev  0x00003751      0x38c CMakeFiles/templa.elf.dir/Middlewares/Third_Party/FreeRTOS/Source/queue.c.obj
 .debug_abbrev  0x00003add      0x401 CMakeFiles/templa.elf.dir/Middlewares/Third_Party/FreeRTOS/Source/tasks.c.obj
 .debug_abbrev  0x00003ede      0x380 CMakeFiles/templa.elf.dir/Middlewares/Third_Party/FreeRTOS/Source/timers.c.obj

.debug_loc      0x00000000    0x1f106
 .debug_loc     0x00000000      0x3f9 CMakeFiles/templa.elf.dir/Core/Src/MPU6050.c.obj
 .debug_loc     0x000003f9      0x77c CMakeFiles/templa.elf.dir/Core/Src/OLED.c.obj
 .debug_loc     0x00000b75      0x11a CMakeFiles/templa.elf.dir/Core/Src/freertos.c.obj
 .debug_loc     0x00000c8f       0x67 CMakeFiles/templa.elf.dir/Core/Src/i2c.c.obj
 .debug_loc     0x00000cf6     0x1b01 CMakeFiles/templa.elf.dir/Core/Src/inv_mpu.c.obj
 .debug_loc     0x000027f7      0x8ab CMakeFiles/templa.elf.dir/Core/Src/inv_mpu_dmp_motion_driver.c.obj
 .debug_loc     0x000030a2       0x42 CMakeFiles/templa.elf.dir/Core/Src/main.c.obj
 .debug_loc     0x000030e4       0x15 CMakeFiles/templa.elf.dir/Core/Src/stm32f1xx_hal_msp.c.obj
 .debug_loc     0x000030f9      0x10e CMakeFiles/templa.elf.dir/Core/Src/stm32f1xx_hal_timebase_tim.c.obj
 .debug_loc     0x00003207       0xff CMakeFiles/templa.elf.dir/Core/Src/system_stm32f1xx.c.obj
 .debug_loc     0x00003306       0xa7 CMakeFiles/templa.elf.dir/Core/Src/usart.c.obj
 .debug_loc     0x000033ad      0x141 CMakeFiles/templa.elf.dir/Drivers/STM32F1xx_HAL_Driver/Src/stm32f1xx_hal.c.obj
 .debug_loc     0x000034ee      0x71f CMakeFiles/templa.elf.dir/Drivers/STM32F1xx_HAL_Driver/Src/stm32f1xx_hal_cortex.c.obj
 .debug_loc     0x00003c0d      0x7d1 CMakeFiles/templa.elf.dir/Drivers/STM32F1xx_HAL_Driver/Src/stm32f1xx_hal_dma.c.obj
 .debug_loc     0x000043de      0x47d CMakeFiles/templa.elf.dir/Drivers/STM32F1xx_HAL_Driver/Src/stm32f1xx_hal_gpio.c.obj
 .debug_loc     0x0000485b     0x41ca CMakeFiles/templa.elf.dir/Drivers/STM32F1xx_HAL_Driver/Src/stm32f1xx_hal_i2c.c.obj
 .debug_loc     0x00008a25      0x618 CMakeFiles/templa.elf.dir/Drivers/STM32F1xx_HAL_Driver/Src/stm32f1xx_hal_rcc.c.obj
 .debug_loc     0x0000903d     0x50fa CMakeFiles/templa.elf.dir/Drivers/STM32F1xx_HAL_Driver/Src/stm32f1xx_hal_tim.c.obj
 .debug_loc     0x0000e137     0x1c93 CMakeFiles/templa.elf.dir/Drivers/STM32F1xx_HAL_Driver/Src/stm32f1xx_hal_tim_ex.c.obj
 .debug_loc     0x0000fdca     0x487b CMakeFiles/templa.elf.dir/Drivers/STM32F1xx_HAL_Driver/Src/stm32f1xx_hal_uart.c.obj
 .debug_loc     0x00014645     0x579d CMakeFiles/templa.elf.dir/Middlewares/Third_Party/FreeRTOS/Source/CMSIS_RTOS_V2/cmsis_os2.c.obj
 .debug_loc     0x00019de2       0xad CMakeFiles/templa.elf.dir/Middlewares/Third_Party/FreeRTOS/Source/list.c.obj
 .debug_loc     0x00019e8f       0xe8 CMakeFiles/templa.elf.dir/Middlewares/Third_Party/FreeRTOS/Source/portable/GCC/ARM_CM3/port.c.obj
 .debug_loc     0x00019f77      0x331 CMakeFiles/templa.elf.dir/Middlewares/Third_Party/FreeRTOS/Source/portable/MemMang/heap_4.c.obj
 .debug_loc     0x0001a2a8     0x19de CMakeFiles/templa.elf.dir/Middlewares/Third_Party/FreeRTOS/Source/queue.c.obj
 .debug_loc     0x0001bc86     0x24f2 CMakeFiles/templa.elf.dir/Middlewares/Third_Party/FreeRTOS/Source/tasks.c.obj
 .debug_loc     0x0001e178      0xf8e CMakeFiles/templa.elf.dir/Middlewares/Third_Party/FreeRTOS/Source/timers.c.obj

.debug_aranges  0x00000000     0x1970
 .debug_aranges
                0x00000000       0x40 CMakeFiles/templa.elf.dir/Core/Src/MPU6050.c.obj
 .debug_aranges